#
# There is insufficient memory for the Java Runtime Environment to continue.
# Native memory allocation (malloc) failed to allocate 1048576 bytes. Error detail: AllocateHeap
# Possible reasons:
#   The system is out of physical RAM or swap space
#   This process is running with CompressedOops enabled, and the Java Heap may be blocking the growth of the native heap
# Possible solutions:
#   Reduce memory load on the system
#   Increase physical memory or swap space
#   Check if swap backing store is full
#   Decrease Java heap size (-Xmx/-Xms)
#   Decrease number of Java threads
#   Decrease Java thread stack sizes (-Xss)
#   Set larger code cache with -XX:ReservedCodeCacheSize=
#   JVM is running with Unscaled Compressed Oops mode in which the Java heap is
#     placed in the first 4GB address space. The Java Heap base address is the
#     maximum limit for the native heap growth. Please use -XX:HeapBaseMinAddress
#     to set the Java Heap base and to place the Java Heap above 4GB virtual address.
# This output file may be truncated or incomplete.
#
#  Out of Memory Error (allocation.cpp:44), pid=31280, tid=22396
#
# JRE version: OpenJDK Runtime Environment Temurin-21.0.11+10 (21.0.11+10) (build 21.0.11+10-LTS)
# Java VM: OpenJDK 64-Bit Server VM Temurin-21.0.11+10 (21.0.11+10-LTS, mixed mode, sharing, tiered, compressed oops, compressed class ptrs, parallel gc, windows-amd64)
# No core dump will be written. Minidumps are not enabled by default on client versions of Windows
#

---------------  S U M M A R Y ------------

Command Line: --add-modules=ALL-SYSTEM --add-opens=java.base/java.util=ALL-UNNAMED --add-opens=java.base/java.lang=ALL-UNNAMED --add-opens=java.base/sun.nio.fs=ALL-UNNAMED -Declipse.application=org.eclipse.jdt.ls.core.id1 -Dosgi.bundles.defaultStartLevel=4 -Declipse.product=org.eclipse.jdt.ls.core.product -Djava.import.generatesMetadataFilesAtProjectRoot=false -DDetectVMInstallationsJob.disabled=true -Dfile.encoding=utf8 -XX:+UseParallelGC -XX:GCTimeRatio=4 -XX:AdaptiveSizePolicyWeight=90 -Dsun.zip.disableMemoryMapping=true -Xmx2G -Xms100m -Xlog:disable -javaagent:c:\Users\dashc\.vscode\extensions\redhat.java-1.55.0-win32-x64\lombok\lombok-1.18.39-4050.jar -XX:+HeapDumpOnOutOfMemoryError -XX:HeapDumpPath=c:\Users\dashc\AppData\Roaming\Code\User\workspaceStorage\95a45cb68db98c7fa5ef555b2df23817\redhat.java -Daether.dependencyCollector.impl=bf c:\Users\dashc\.vscode\extensions\redhat.java-1.55.0-win32-x64\server\plugins\org.eclipse.equinox.launcher_1.7.200.v20260619-2039.jar -configuration c:\Users\dashc\AppData\Roaming\Code\User\globalStorage\redhat.java\1.55.0\config_win -data c:\Users\dashc\AppData\Roaming\Code\User\workspaceStorage\95a45cb68db98c7fa5ef555b2df23817\redhat.java\jdt_ws --pipe=\\.\pipe\lsp-3fb9df0e4404cecd4ab94e98d43fd08a-sock

Host: 12th Gen Intel(R) Core(TM) i5-12450H, 12 cores, 7G,  Windows 11 , 64 bit Build 26100 (10.0.26100.8875)
Time: Sat Jul 25 18:04:19 2026 Hora est. Sudamérica Pacífico elapsed time: 16531.427717 seconds (0d 4h 35m 31s)

---------------  T H R E A D  ---------------

Current thread (0x000001f8b9fa6260):  JavaThread "Attach Listener" daemon [_thread_in_vm, id=22396, stack(0x000000ee98200000,0x000000ee98300000) (1024K)]

Stack: [0x000000ee98200000,0x000000ee98300000]
Native frames: (J=compiled Java code, j=interpreted, Vv=VM code, C=native code)
V  [jvm.dll+0x6d7e19]
V  [jvm.dll+0x8b5096]
V  [jvm.dll+0x8b764e]
V  [jvm.dll+0x8b7d33]
V  [jvm.dll+0x284596]
V  [jvm.dll+0xc13c7]
V  [jvm.dll+0x6d86c9]
V  [jvm.dll+0x133616]
V  [jvm.dll+0x3f868e]
V  [jvm.dll+0x85fb0d]
V  [jvm.dll+0x6d664d]
C  [ucrtbase.dll+0x2cd30]
C  [KERNEL32.DLL+0x2e957]
C  [ntdll.dll+0xaad6c]


---------------  P R O C E S S  ---------------

Threads class SMR info:
_java_thread_list=0x000001f9184a83f0, length=68, elements={
0x000001f8ba00db60, 0x000001f8b9f99400, 0x000001f8ba0bcdc0, 0x000001f8b9fa27e0,
0x000001f8b9fa6260, 0x000001f8b9fa7ab0, 0x000001f8b9faa060, 0x000001f8b9fadb00,
0x000001f8b9fae5a0, 0x000001f913068de0, 0x000001f9131c6700, 0x000001f91848b700,
0x000001f9189e0990, 0x000001f918aac6a0, 0x000001f9188cab10, 0x000001f919071340,
0x000001f91917c890, 0x000001f918f698d0, 0x000001f918d95bf0, 0x000001f918c28290,
0x000001f918c28920, 0x000001f918c29cd0, 0x000001f918c2a360, 0x000001f918c26ee0,
0x000001f91a82f980, 0x000001f91a82e5d0, 0x000001f91a82d220, 0x000001f91a82df40,
0x000001f91a82ec60, 0x000001f91a830d30, 0x000001f91a82f2f0, 0x000001f91a82d8b0,
0x000001f91a8313c0, 0x000001f91a830010, 0x000001f91a832e00, 0x000001f91a8320e0,
0x000001f91a833b20, 0x000001f91a8341b0, 0x000001f92dfe74a0, 0x000001f91a679120,
0x000001f91a678400, 0x000001f91a67e670, 0x000001f91a4a24f0, 0x000001f92a79bbc0,
0x000001f91a49e350, 0x000001f92a799af0, 0x000001f91a324e00, 0x000001f91a327bf0,
0x000001f91a678a90, 0x000001f92a795fe0, 0x000001f928099e90, 0x000001f92809abb0,
0x000001f92809b240, 0x000001f92809d310, 0x000001f928097730, 0x000001f928098ae0,
0x000001f92809b8d0, 0x000001f92809c5f0, 0x000001f92a797a20, 0x000001f92a795950,
0x000001f92a7980b0, 0x000001f92a798740, 0x000001f92a796670, 0x000001f92a799460,
0x000001f92a796d00, 0x000001f92a798dd0, 0x000001f92a79a810, 0x000001f92a79aea0
}

Java Threads: ( => current thread )
  0x000001f8ba00db60 JavaThread "main"                              [_thread_blocked, id=16160, stack(0x000000ee97b00000,0x000000ee97c00000) (1024K)]
  0x000001f8b9f99400 JavaThread "Reference Handler"          daemon [_thread_blocked, id=8216, stack(0x000000ee97f00000,0x000000ee98000000) (1024K)]
  0x000001f8ba0bcdc0 JavaThread "Finalizer"                  daemon [_thread_blocked, id=26772, stack(0x000000ee98000000,0x000000ee98100000) (1024K)]
  0x000001f8b9fa27e0 JavaThread "Signal Dispatcher"          daemon [_thread_blocked, id=30752, stack(0x000000ee98100000,0x000000ee98200000) (1024K)]
=>0x000001f8b9fa6260 JavaThread "Attach Listener"            daemon [_thread_in_vm, id=22396, stack(0x000000ee98200000,0x000000ee98300000) (1024K)]
  0x000001f8b9fa7ab0 JavaThread "Service Thread"             daemon [_thread_blocked, id=6832, stack(0x000000ee98300000,0x000000ee98400000) (1024K)]
  0x000001f8b9faa060 JavaThread "Monitor Deflation Thread"   daemon [_thread_blocked, id=29308, stack(0x000000ee98400000,0x000000ee98500000) (1024K)]
  0x000001f8b9fadb00 JavaThread "C2 CompilerThread0"         daemon [_thread_blocked, id=26680, stack(0x000000ee98500000,0x000000ee98600000) (1024K)]
  0x000001f8b9fae5a0 JavaThread "C1 CompilerThread0"         daemon [_thread_blocked, id=28176, stack(0x000000ee98600000,0x000000ee98700000) (1024K)]
  0x000001f913068de0 JavaThread "Common-Cleaner"             daemon [_thread_blocked, id=30488, stack(0x000000ee98800000,0x000000ee98900000) (1024K)]
  0x000001f9131c6700 JavaThread "Notification Thread"        daemon [_thread_blocked, id=20704, stack(0x000000ee98900000,0x000000ee98a00000) (1024K)]
  0x000001f91848b700 JavaThread "Active Thread: Equinox Container: c0839ad3-f88a-44a1-900b-641b45403560"        [_thread_blocked, id=30096, stack(0x000000ee99100000,0x000000ee99200000) (1024K)]
  0x000001f9189e0990 JavaThread "Refresh Thread: Equinox Container: c0839ad3-f88a-44a1-900b-641b45403560" daemon [_thread_blocked, id=8976, stack(0x000000ee99300000,0x000000ee99400000) (1024K)]
  0x000001f918aac6a0 JavaThread "Framework Event Dispatcher: Equinox Container: c0839ad3-f88a-44a1-900b-641b45403560" daemon [_thread_blocked, id=30176, stack(0x000000ee99400000,0x000000ee99500000) (1024K)]
  0x000001f9188cab10 JavaThread "Start Level: Equinox Container: c0839ad3-f88a-44a1-900b-641b45403560" daemon [_thread_blocked, id=18232, stack(0x000000ee99500000,0x000000ee99600000) (1024K)]
  0x000001f919071340 JavaThread "Bundle File Closer"         daemon [_thread_blocked, id=10860, stack(0x000000ee99800000,0x000000ee99900000) (1024K)]
  0x000001f91917c890 JavaThread "SCR Component Actor"        daemon [_thread_blocked, id=25956, stack(0x000000ee98700000,0x000000ee98800000) (1024K)]
  0x000001f918f698d0 JavaThread "Worker-JM"                         [_thread_blocked, id=10704, stack(0x000000ee99a00000,0x000000ee99b00000) (1024K)]
  0x000001f918d95bf0 JavaThread "JNA Cleaner"                daemon [_thread_blocked, id=31320, stack(0x000000ee99900000,0x000000ee99a00000) (1024K)]
  0x000001f918c28290 JavaThread "Java indexing"              daemon [_thread_blocked, id=26284, stack(0x000000ee99e00000,0x000000ee99f00000) (1024K)]
  0x000001f918c28920 JavaThread "Thread-1"                   daemon [_thread_in_native, id=29684, stack(0x000000ee9a400000,0x000000ee9a500000) (1024K)]
  0x000001f918c29cd0 JavaThread "Thread-2"                   daemon [_thread_in_native, id=16184, stack(0x000000ee9a500000,0x000000ee9a600000) (1024K)]
  0x000001f918c2a360 JavaThread "Thread-3"                   daemon [_thread_in_native, id=11572, stack(0x000000ee9a600000,0x000000ee9a700000) (1024K)]
  0x000001f918c26ee0 JavaThread "Thread-4"                   daemon [_thread_in_native, id=23020, stack(0x000000ee9a700000,0x000000ee9a800000) (1024K)]
  0x000001f91a82f980 JavaThread "Thread-5"                   daemon [_thread_in_native, id=12500, stack(0x000000ee9a800000,0x000000ee9a900000) (1024K)]
  0x000001f91a82e5d0 JavaThread "Thread-6"                   daemon [_thread_in_native, id=20444, stack(0x000000ee9a900000,0x000000ee9aa00000) (1024K)]
  0x000001f91a82d220 JavaThread "Thread-7"                   daemon [_thread_in_native, id=20204, stack(0x000000ee9aa00000,0x000000ee9ab00000) (1024K)]
  0x000001f91a82df40 JavaThread "Thread-8"                   daemon [_thread_in_native, id=27636, stack(0x000000ee9ab00000,0x000000ee9ac00000) (1024K)]
  0x000001f91a82ec60 JavaThread "Thread-9"                   daemon [_thread_in_native, id=23140, stack(0x000000ee9ac00000,0x000000ee9ad00000) (1024K)]
  0x000001f91a830d30 JavaThread "Thread-10"                  daemon [_thread_in_native, id=28348, stack(0x000000ee9ad00000,0x000000ee9ae00000) (1024K)]
  0x000001f91a82f2f0 JavaThread "Thread-11"                  daemon [_thread_in_native, id=14328, stack(0x000000ee9ae00000,0x000000ee9af00000) (1024K)]
  0x000001f91a82d8b0 JavaThread "Thread-12"                  daemon [_thread_in_native, id=11008, stack(0x000000ee9af00000,0x000000ee9b000000) (1024K)]
  0x000001f91a8313c0 JavaThread "Thread-13"                  daemon [_thread_in_native, id=28036, stack(0x000000ee9b000000,0x000000ee9b100000) (1024K)]
  0x000001f91a830010 JavaThread "pool-2-thread-1"                   [_thread_blocked, id=15840, stack(0x000000ee9b100000,0x000000ee9b200000) (1024K)]
  0x000001f91a832e00 JavaThread "WorkspaceEventsHandler"            [_thread_blocked, id=26404, stack(0x000000ee9b200000,0x000000ee9b300000) (1024K)]
  0x000001f91a8320e0 JavaThread "pool-1-thread-1"                   [_thread_blocked, id=10040, stack(0x000000ee9b300000,0x000000ee9b400000) (1024K)]
  0x000001f91a833b20 JavaThread "PatternSearchJob-worker-2"  daemon [_thread_blocked, id=29196, stack(0x000000ee9b500000,0x000000ee9b600000) (1024K)]
  0x000001f91a8341b0 JavaThread "PatternSearchJob-worker-5"  daemon [_thread_blocked, id=7608, stack(0x000000ee9b800000,0x000000ee9b900000) (1024K)]
  0x000001f92dfe74a0 JavaThread "Cleaner-0"                  daemon [_thread_blocked, id=14900, stack(0x000000ee9c900000,0x000000ee9ca00000) (1024K)]
  0x000001f91a679120 JavaThread "PatternSearchJob-worker-15" daemon [_thread_blocked, id=28436, stack(0x000000ee9c700000,0x000000ee9c800000) (1024K)]
  0x000001f91a678400 JavaThread "PatternSearchJob-worker-19" daemon [_thread_blocked, id=26400, stack(0x000000ee99b00000,0x000000ee99c00000) (1024K)]
  0x000001f91a67e670 JavaThread "PatternSearchJob-worker-20" daemon [_thread_blocked, id=1944, stack(0x000000ee99c00000,0x000000ee99d00000) (1024K)]
  0x000001f91a4a24f0 JavaThread "PatternSearchJob-worker-24" daemon [_thread_blocked, id=25660, stack(0x000000ee9c500000,0x000000ee9c600000) (1024K)]
  0x000001f92a79bbc0 JavaThread "PatternSearchJob-worker-25" daemon [_thread_blocked, id=3532, stack(0x000000ee9d000000,0x000000ee9d100000) (1024K)]
  0x000001f91a49e350 JavaThread "PatternSearchJob-worker-26" daemon [_thread_blocked, id=18652, stack(0x000000ee9d100000,0x000000ee9d200000) (1024K)]
  0x000001f92a799af0 JavaThread "PatternSearchJob-worker-28" daemon [_thread_blocked, id=26412, stack(0x000000ee9b600000,0x000000ee9b700000) (1024K)]
  0x000001f91a324e00 JavaThread "PatternSearchJob-worker-29" daemon [_thread_blocked, id=26492, stack(0x000000ee97900000,0x000000ee97a00000) (1024K)]
  0x000001f91a327bf0 JavaThread "ForkJoinPool.commonPool-worker-70" daemon [_thread_blocked, id=26828, stack(0x000000ee9b900000,0x000000ee9ba00000) (1024K)]
  0x000001f91a678a90 JavaThread "ForkJoinPool.commonPool-worker-72" daemon [_thread_blocked, id=7256, stack(0x000000ee9b700000,0x000000ee9b800000) (1024K)]
  0x000001f92a795fe0 JavaThread "ForkJoinPool.commonPool-worker-77" daemon [_thread_blocked, id=15828, stack(0x000000ee9a200000,0x000000ee9a300000) (1024K)]
  0x000001f928099e90 JavaThread "Worker-123"                        [_thread_blocked, id=30072, stack(0x000000ee9cd00000,0x000000ee9ce00000) (1024K)]
  0x000001f92809abb0 JavaThread "ForkJoinPool.commonPool-worker-79" daemon [_thread_blocked, id=31216, stack(0x000000ee9ce00000,0x000000ee9cf00000) (1024K)]
  0x000001f92809b240 JavaThread "ForkJoinPool.commonPool-worker-81" daemon [_thread_blocked, id=4620, stack(0x000000ee9bb00000,0x000000ee9bc00000) (1024K)]
  0x000001f92809d310 JavaThread "Worker-124"                        [_thread_blocked, id=27172, stack(0x000000ee9c000000,0x000000ee9c100000) (1024K)]
  0x000001f928097730 JavaThread "Worker-125"                        [_thread_blocked, id=12192, stack(0x000000ee97800000,0x000000ee97900000) (1024K)]
  0x000001f928098ae0 JavaThread "Compiler Source File Reader" daemon [_thread_blocked, id=27516, stack(0x000000ee97a00000,0x000000ee97b00000) (1024K)]
  0x000001f92809b8d0 JavaThread "Compiler Processing Task"   daemon [_thread_blocked, id=29656, stack(0x000000ee98a00000,0x000000ee98b00000) (1024K)]
  0x000001f92809c5f0 JavaThread "Worker-126"                        [_thread_blocked, id=25624, stack(0x000000ee99d00000,0x000000ee99e00000) (1024K)]
  0x000001f92a797a20 JavaThread "Compiler Source File Reader" daemon [_thread_blocked, id=6408, stack(0x000000ee99f00000,0x000000ee9a000000) (1024K)]
  0x000001f92a795950 JavaThread "PatternSearchJob-worker-30" daemon [_thread_blocked, id=14236, stack(0x000000ee9a000000,0x000000ee9a100000) (1024K)]
  0x000001f92a7980b0 JavaThread "pool-1-thread-42"                  [_thread_blocked, id=31716, stack(0x000000ee9a100000,0x000000ee9a200000) (1024K)]
  0x000001f92a798740 JavaThread "Compiler Source File Reader" daemon [_thread_blocked, id=28736, stack(0x000000ee9a300000,0x000000ee9a400000) (1024K)]
  0x000001f92a796670 JavaThread "Compiler Source File Reader" daemon [_thread_blocked, id=17916, stack(0x000000ee9b400000,0x000000ee9b500000) (1024K)]
  0x000001f92a799460 JavaThread "Compiler Source File Reader" daemon [_thread_blocked, id=14904, stack(0x000000ee9ba00000,0x000000ee9bb00000) (1024K)]
  0x000001f92a796d00 JavaThread "Compiler Source File Reader" daemon [_thread_blocked, id=20728, stack(0x000000ee9bc00000,0x000000ee9bd00000) (1024K)]
  0x000001f92a798dd0 JavaThread "Compiler Source File Reader" daemon [_thread_blocked, id=27152, stack(0x000000ee9bd00000,0x000000ee9be00000) (1024K)]
  0x000001f92a79a810 JavaThread "Compiler Source File Reader" daemon [_thread_blocked, id=26076, stack(0x000000ee9be00000,0x000000ee9bf00000) (1024K)]
  0x000001f92a79aea0 JavaThread "Worker-127"                        [_thread_blocked, id=28008, stack(0x000000ee9bf00000,0x000000ee9c000000) (1024K)]
Total: 68

Other Threads:
  0x000001f8b9f94930 VMThread "VM Thread"                           [id=10180, stack(0x000000ee97e00000,0x000000ee97f00000) (1024K)]
  0x000001f8b9e8ca00 WatcherThread "VM Periodic Task Thread"        [id=7632, stack(0x000000ee97d00000,0x000000ee97e00000) (1024K)]
  0x000001f8ba025f60 WorkerThread "GC Thread#0"                     [id=23004, stack(0x000000ee97c00000,0x000000ee97d00000) (1024K)]
  0x000001f9183775e0 WorkerThread "GC Thread#1"                     [id=13924, stack(0x000000ee98b00000,0x000000ee98c00000) (1024K)]
  0x000001f9186927d0 WorkerThread "GC Thread#2"                     [id=13244, stack(0x000000ee98c00000,0x000000ee98d00000) (1024K)]
  0x000001f9181d0de0 WorkerThread "GC Thread#3"                     [id=20752, stack(0x000000ee98d00000,0x000000ee98e00000) (1024K)]
  0x000001f9181d1190 WorkerThread "GC Thread#4"                     [id=23696, stack(0x000000ee98e00000,0x000000ee98f00000) (1024K)]
  0x000001f9181d1540 WorkerThread "GC Thread#5"                     [id=8768, stack(0x000000ee98f00000,0x000000ee99000000) (1024K)]
  0x000001f9181d18f0 WorkerThread "GC Thread#6"                     [id=22496, stack(0x000000ee99000000,0x000000ee99100000) (1024K)]
  0x000001f9189883e0 WorkerThread "GC Thread#7"                     [id=20684, stack(0x000000ee99200000,0x000000ee99300000) (1024K)]
  0x000001f918f10850 WorkerThread "GC Thread#8"                     [id=11696, stack(0x000000ee99600000,0x000000ee99700000) (1024K)]
  0x000001f918f10c00 WorkerThread "GC Thread#9"                     [id=6548, stack(0x000000ee99700000,0x000000ee99800000) (1024K)]
Total: 12

Threads with active compile tasks:
Total: 0

VM state: not at safepoint (normal execution)

VM Mutex/Monitor currently owned by a thread: None

Heap address: 0x0000000080000000, size: 2048 MB, Compressed Oops mode: 32-bit

CDS archive(s) mapped at: [0x000001f8d1000000-0x000001f8d1ba0000-0x000001f8d1ba0000), size 12189696, SharedBaseAddress: 0x000001f8d1000000, ArchiveRelocationMode: 1.
Compressed class space mapped at: 0x000001f8d2000000-0x000001f912000000, reserved size: 1073741824
Narrow klass base: 0x000001f8d1000000, Narrow klass shift: 0, Narrow klass range: 0x100000000

GC Precious Log:
 CardTable entry size: 512
 CPUs: 12 total, 12 available
 Memory: 7915M
 Large Page Support: Disabled
 NUMA Support: Disabled
 Compressed Oops: Enabled (32-bit)
 Alignments: Space 512K, Generation 512K, Heap 2M
 Heap Min Capacity: 100M
 Heap Initial Capacity: 100M
 Heap Max Capacity: 2G
 Pre-touch: Disabled
 Parallel Workers: 10

Heap:
 PSYoungGen      total 17408K, used 8836K [0x00000000d5580000, 0x00000000d6b80000, 0x0000000100000000)
  eden space 16384K, 47% used [0x00000000d5580000,0x00000000d5d26c78,0x00000000d6580000)
  from space 1024K, 97% used [0x00000000d6900000,0x00000000d69fa400,0x00000000d6a00000)
  to   space 3072K, 0% used [0x00000000d6580000,0x00000000d6580000,0x00000000d6880000)
 ParOldGen       total 1398272K, used 1242789K [0x0000000080000000, 0x00000000d5580000, 0x00000000d5580000)
  object space 1398272K, 88% used [0x0000000080000000,0x00000000cbda9718,0x00000000d5580000)
 Metaspace       used 104758K, committed 106624K, reserved 1179648K
  class space    used 9986K, committed 10816K, reserved 1048576K

Card table byte_map: [0x000001f8b99a0000,0x000001f8b9db0000] _byte_map_base: 0x000001f8b95a0000

Marking Bits: (ParMarkBitMap*) 0x00007ff8b3ea4460
 Begin Bits: [0x000001f8cc4b0000, 0x000001f8ce4b0000)
 End Bits:   [0x000001f8ce4b0000, 0x000001f8d04b0000)

Polling page: 0x000001f8b7ae0000

Metaspace:

Usage:
  Non-class:     92.55 MB used.
      Class:      9.75 MB used.
       Both:    102.30 MB used.

Virtual space:
  Non-class space:      128.00 MB reserved,      93.56 MB ( 73%) committed,  2 nodes.
      Class space:        1.00 GB reserved,      10.56 MB (  1%) committed,  1 nodes.
             Both:        1.12 GB reserved,     104.12 MB (  9%) committed. 

Chunk freelists:
   Non-Class:  2.38 MB
       Class:  5.32 MB
        Both:  7.70 MB

MaxMetaspaceSize: unlimited
CompressedClassSpaceSize: 1.00 GB
Initial GC threshold: 21.00 MB
Current GC threshold: 173.25 MB
CDS: on
 - commit_granule_bytes: 65536.
 - commit_granule_words: 8192.
 - virtual_space_node_default_size: 8388608.
 - enlarge_chunks_in_place: 1.
 - use_allocation_guard: 0.


Internal statistics:

num_allocs_failed_limit: 9.
num_arena_births: 2738.
num_arena_deaths: 774.
num_vsnodes_births: 3.
num_vsnodes_deaths: 0.
num_space_committed: 1666.
num_space_uncommitted: 0.
num_chunks_returned_to_freelist: 954.
num_chunks_taken_from_freelist: 8736.
num_chunk_merges: 263.
num_chunk_splits: 4790.
num_chunks_enlarged: 2352.
num_inconsistent_stats: 0.

CodeHeap 'non-profiled nmethods': size=120000Kb used=34528Kb max_used=34528Kb free=85471Kb
 bounds [0x000001f8c4cd0000, 0x000001f8c6e90000, 0x000001f8cc200000]
CodeHeap 'profiled nmethods': size=120000Kb used=33001Kb max_used=55900Kb free=86998Kb
 bounds [0x000001f8bd200000, 0x000001f8c08a0000, 0x000001f8c4730000]
CodeHeap 'non-nmethods': size=5760Kb used=1543Kb max_used=1650Kb free=4216Kb
 bounds [0x000001f8c4730000, 0x000001f8c49a0000, 0x000001f8c4cd0000]
CodeCache: size=245760Kb, used=69072Kb, max_used=92078Kb, free=176685Kb
 total_blobs=16716, nmethods=15858, adapters=758, full_count=0
Compilation: enabled, stopped_count=0, restarted_count=0

Compilation events (20 events):
Event: 16524.619 Thread 0x000001f8b9fae5a0 44884       3       org.eclipse.jdt.ls.core.internal.text.correction.RefactorProposalUtility::isMoveMethodAvailable (38 bytes)
Event: 16524.632 Thread 0x000001f8b9fae5a0 nmethod 44884 0x000001f8bd65de90 code [0x000001f8bd65e0a0, 0x000001f8bd65e6f8]
Event: 16524.780 Thread 0x000001f8b9fae5a0 44885       3       org.eclipse.jdt.internal.core.search.indexing.QualifierQuery$QueryCategory$$Lambda/0x000001f8d26f8ce8::apply (5 bytes)
Event: 16524.781 Thread 0x000001f8b9fae5a0 nmethod 44885 0x000001f8bdb53290 code [0x000001f8bdb53440, 0x000001f8bdb53638]
Event: 16524.781 Thread 0x000001f8b9fae5a0 44890   !   3       org.eclipse.jdt.internal.core.search.indexing.IndexManager::findMatchingIndexNames (536 bytes)
Event: 16524.798 Thread 0x000001f8b9fae5a0 nmethod 44890 0x000001f8bf973c10 code [0x000001f8bf974540, 0x000001f8bf9797b0]
Event: 16524.798 Thread 0x000001f8b9fae5a0 44886       3       org.eclipse.jdt.internal.core.search.indexing.QualifierQuery$QueryCategory::lambda$1 (5 bytes)
Event: 16524.798 Thread 0x000001f8b9fae5a0 nmethod 44886 0x000001f8be0b3710 code [0x000001f8be0b38a0, 0x000001f8be0b3a20]
Event: 16524.798 Thread 0x000001f8b9fae5a0 44887       3       org.eclipse.jdt.internal.core.search.indexing.QualifierQuery$QueryCategory$$Lambda/0x000001f8d26f8aa8::apply (8 bytes)
Event: 16524.799 Thread 0x000001f8b9fae5a0 nmethod 44887 0x000001f8bedb3090 code [0x000001f8bedb3280, 0x000001f8bedb3758]
Event: 16524.799 Thread 0x000001f8b9fae5a0 44888       3       org.eclipse.jdt.internal.core.search.indexing.QualifierQuery$QueryCategory::lambda$0 (8 bytes)
Event: 16524.799 Thread 0x000001f8b9fae5a0 nmethod 44888 0x000001f8be9b2f90 code [0x000001f8be9b3160, 0x000001f8be9b34d0]
Event: 16524.799 Thread 0x000001f8b9fae5a0 44889       3       org.eclipse.jdt.internal.core.search.indexing.QualifierQuery$QueryCategory::valueOf (10 bytes)
Event: 16524.800 Thread 0x000001f8b9fae5a0 nmethod 44889 0x000001f8bf2de090 code [0x000001f8bf2de240, 0x000001f8bf2de458]
Event: 16524.800 Thread 0x000001f8b9fae5a0 44891       3       org.eclipse.jdt.internal.core.search.IndexSelector$$Lambda/0x000001f8d25acb78::<init> (10 bytes)
Event: 16524.800 Thread 0x000001f8b9fae5a0 nmethod 44891 0x000001f8bfba1c10 code [0x000001f8bfba1dc0, 0x000001f8bfba1f48]
Event: 16524.800 Thread 0x000001f8b9fae5a0 44892       3       org.eclipse.jdt.internal.core.search.IndexSelector$$Lambda/0x000001f8d25acdd0::apply (5 bytes)
Event: 16524.800 Thread 0x000001f8b9fae5a0 nmethod 44892 0x000001f8bfcb0f10 code [0x000001f8bfcb10c0, 0x000001f8bfcb12b8]
Event: 16524.810 Thread 0x000001f8b9fae5a0 44893       3       org.eclipse.jdt.internal.core.search.IndexSelector::lambda$1 (5 bytes)
Event: 16524.810 Thread 0x000001f8b9fae5a0 nmethod 44893 0x000001f8c013da10 code [0x000001f8c013dba0, 0x000001f8c013dd20]

GC Heap History (20 events):
Event: 16524.390 GC heap before
{Heap before GC invocations=26264 (full 55):
 PSYoungGen      total 10240K, used 10213K [0x00000000d5580000, 0x00000000d6980000, 0x0000000100000000)
  eden space 8192K, 100% used [0x00000000d5580000,0x00000000d5d80000,0x00000000d5d80000)
  from space 2048K, 98% used [0x00000000d6580000,0x00000000d6779470,0x00000000d6780000)
  to   space 6144K, 0% used [0x00000000d5d80000,0x00000000d5d80000,0x00000000d6380000)
 ParOldGen       total 1209344K, used 1209135K [0x0000000080000000, 0x00000000c9d00000, 0x00000000d5580000)
  object space 1209344K, 99% used [0x0000000080000000,0x00000000c9ccbcc8,0x00000000c9d00000)
 Metaspace       used 104753K, committed 106624K, reserved 1179648K
  class space    used 9986K, committed 10816K, reserved 1048576K
}
Event: 16524.400 GC heap after
{Heap after GC invocations=26264 (full 55):
 PSYoungGen      total 14336K, used 6144K [0x00000000d5580000, 0x00000000d7480000, 0x0000000100000000)
  eden space 8192K, 0% used [0x00000000d5580000,0x00000000d5580000,0x00000000d5d80000)
  from space 6144K, 100% used [0x00000000d5d80000,0x00000000d6380000,0x00000000d6380000)
  to   space 11776K, 0% used [0x00000000d6900000,0x00000000d6900000,0x00000000d7480000)
 ParOldGen       total 1213440K, used 1213220K [0x0000000080000000, 0x00000000ca100000, 0x00000000d5580000)
  object space 1213440K, 99% used [0x0000000080000000,0x00000000ca0c9148,0x00000000ca100000)
 Metaspace       used 104753K, committed 106624K, reserved 1179648K
  class space    used 9986K, committed 10816K, reserved 1048576K
}
Event: 16524.429 GC heap before
{Heap before GC invocations=26265 (full 55):
 PSYoungGen      total 14336K, used 13516K [0x00000000d5580000, 0x00000000d7480000, 0x0000000100000000)
  eden space 8192K, 89% used [0x00000000d5580000,0x00000000d5cb3250,0x00000000d5d80000)
  from space 6144K, 100% used [0x00000000d5d80000,0x00000000d6380000,0x00000000d6380000)
  to   space 11776K, 0% used [0x00000000d6900000,0x00000000d6900000,0x00000000d7480000)
 ParOldGen       total 1213440K, used 1213220K [0x0000000080000000, 0x00000000ca100000, 0x00000000d5580000)
  object space 1213440K, 99% used [0x0000000080000000,0x00000000ca0c9148,0x00000000ca100000)
 Metaspace       used 104753K, committed 106624K, reserved 1179648K
  class space    used 9986K, committed 10816K, reserved 1048576K
}
Event: 16524.440 GC heap after
{Heap after GC invocations=26265 (full 55):
 PSYoungGen      total 16384K, used 5706K [0x00000000d5580000, 0x00000000d6f00000, 0x0000000100000000)
  eden space 10240K, 0% used [0x00000000d5580000,0x00000000d5580000,0x00000000d5f80000)
  from space 6144K, 92% used [0x00000000d6900000,0x00000000d6e92a30,0x00000000d6f00000)
  to   space 7680K, 0% used [0x00000000d6000000,0x00000000d6000000,0x00000000d6780000)
 ParOldGen       total 1219584K, used 1219428K [0x0000000080000000, 0x00000000ca700000, 0x00000000d5580000)
  object space 1219584K, 99% used [0x0000000080000000,0x00000000ca6d9148,0x00000000ca700000)
 Metaspace       used 104753K, committed 106624K, reserved 1179648K
  class space    used 9986K, committed 10816K, reserved 1048576K
}
Event: 16524.478 GC heap before
{Heap before GC invocations=26266 (full 55):
 PSYoungGen      total 16384K, used 15946K [0x00000000d5580000, 0x00000000d6f00000, 0x0000000100000000)
  eden space 10240K, 100% used [0x00000000d5580000,0x00000000d5f80000,0x00000000d5f80000)
  from space 6144K, 92% used [0x00000000d6900000,0x00000000d6e92a30,0x00000000d6f00000)
  to   space 7680K, 0% used [0x00000000d6000000,0x00000000d6000000,0x00000000d6780000)
 ParOldGen       total 1219584K, used 1219428K [0x0000000080000000, 0x00000000ca700000, 0x00000000d5580000)
  object space 1219584K, 99% used [0x0000000080000000,0x00000000ca6d9148,0x00000000ca700000)
 Metaspace       used 104753K, committed 106624K, reserved 1179648K
  class space    used 9986K, committed 10816K, reserved 1048576K
}
Event: 16524.487 GC heap after
{Heap after GC invocations=26266 (full 55):
 PSYoungGen      total 18432K, used 7318K [0x00000000d5580000, 0x00000000d7080000, 0x0000000100000000)
  eden space 10752K, 0% used [0x00000000d5580000,0x00000000d5580000,0x00000000d6000000)
  from space 7680K, 95% used [0x00000000d6000000,0x00000000d6725b30,0x00000000d6780000)
  to   space 7680K, 0% used [0x00000000d6900000,0x00000000d6900000,0x00000000d7080000)
 ParOldGen       total 1224704K, used 1224662K [0x0000000080000000, 0x00000000cac00000, 0x00000000d5580000)
  object space 1224704K, 99% used [0x0000000080000000,0x00000000cabf5bf8,0x00000000cac00000)
 Metaspace       used 104753K, committed 106624K, reserved 1179648K
  class space    used 9986K, committed 10816K, reserved 1048576K
}
Event: 16524.622 GC heap before
{Heap before GC invocations=26267 (full 55):
 PSYoungGen      total 18432K, used 18070K [0x00000000d5580000, 0x00000000d7080000, 0x0000000100000000)
  eden space 10752K, 100% used [0x00000000d5580000,0x00000000d6000000,0x00000000d6000000)
  from space 7680K, 95% used [0x00000000d6000000,0x00000000d6725b30,0x00000000d6780000)
  to   space 7680K, 0% used [0x00000000d6900000,0x00000000d6900000,0x00000000d7080000)
 ParOldGen       total 1224704K, used 1224662K [0x0000000080000000, 0x00000000cac00000, 0x00000000d5580000)
  object space 1224704K, 99% used [0x0000000080000000,0x00000000cabf5bf8,0x00000000cac00000)
 Metaspace       used 104755K, committed 106624K, reserved 1179648K
  class space    used 9986K, committed 10816K, reserved 1048576K
}
Event: 16524.628 GC heap after
{Heap after GC invocations=26267 (full 55):
 PSYoungGen      total 13824K, used 3034K [0x00000000d5580000, 0x00000000d6c00000, 0x0000000100000000)
  eden space 10752K, 0% used [0x00000000d5580000,0x00000000d5580000,0x00000000d6000000)
  from space 3072K, 98% used [0x00000000d6900000,0x00000000d6bf6900,0x00000000d6c00000)
  to   space 5120K, 0% used [0x00000000d6200000,0x00000000d6200000,0x00000000d6700000)
 ParOldGen       total 1226240K, used 1225854K [0x0000000080000000, 0x00000000cad80000, 0x00000000d5580000)
  object space 1226240K, 99% used [0x0000000080000000,0x00000000cad1fbf8,0x00000000cad80000)
 Metaspace       used 104755K, committed 106624K, reserved 1179648K
  class space    used 9986K, committed 10816K, reserved 1048576K
}
Event: 16524.657 GC heap before
{Heap before GC invocations=26268 (full 55):
 PSYoungGen      total 13824K, used 13786K [0x00000000d5580000, 0x00000000d6c00000, 0x0000000100000000)
  eden space 10752K, 100% used [0x00000000d5580000,0x00000000d6000000,0x00000000d6000000)
  from space 3072K, 98% used [0x00000000d6900000,0x00000000d6bf6900,0x00000000d6c00000)
  to   space 5120K, 0% used [0x00000000d6200000,0x00000000d6200000,0x00000000d6700000)
 ParOldGen       total 1226240K, used 1225854K [0x0000000080000000, 0x00000000cad80000, 0x00000000d5580000)
  object space 1226240K, 99% used [0x0000000080000000,0x00000000cad1fbf8,0x00000000cad80000)
 Metaspace       used 104755K, committed 106624K, reserved 1179648K
  class space    used 9986K, committed 10816K, reserved 1048576K
}
Event: 16524.665 GC heap after
{Heap after GC invocations=26268 (full 55):
 PSYoungGen      total 15872K, used 5093K [0x00000000d5580000, 0x00000000d7b00000, 0x0000000100000000)
  eden space 10752K, 0% used [0x00000000d5580000,0x00000000d5580000,0x00000000d6000000)
  from space 5120K, 99% used [0x00000000d6200000,0x00000000d66f9400,0x00000000d6700000)
  to   space 13824K, 0% used [0x00000000d6d80000,0x00000000d6d80000,0x00000000d7b00000)
 ParOldGen       total 1232896K, used 1232827K [0x0000000080000000, 0x00000000cb400000, 0x00000000d5580000)
  object space 1232896K, 99% used [0x0000000080000000,0x00000000cb3eedf8,0x00000000cb400000)
 Metaspace       used 104755K, committed 106624K, reserved 1179648K
  class space    used 9986K, committed 10816K, reserved 1048576K
}
Event: 16524.764 GC heap before
{Heap before GC invocations=26269 (full 55):
 PSYoungGen      total 15872K, used 15845K [0x00000000d5580000, 0x00000000d7b00000, 0x0000000100000000)
  eden space 10752K, 100% used [0x00000000d5580000,0x00000000d6000000,0x00000000d6000000)
  from space 5120K, 99% used [0x00000000d6200000,0x00000000d66f9400,0x00000000d6700000)
  to   space 13824K, 0% used [0x00000000d6d80000,0x00000000d6d80000,0x00000000d7b00000)
 ParOldGen       total 1232896K, used 1232827K [0x0000000080000000, 0x00000000cb400000, 0x00000000d5580000)
  object space 1232896K, 99% used [0x0000000080000000,0x00000000cb3eedf8,0x00000000cb400000)
 Metaspace       used 104755K, committed 106624K, reserved 1179648K
  class space    used 9986K, committed 10816K, reserved 1048576K
}
Event: 16524.774 GC heap after
{Heap after GC invocations=26269 (full 55):
 PSYoungGen      total 20992K, used 10213K [0x00000000d5580000, 0x00000000d7780000, 0x0000000100000000)
  eden space 10752K, 0% used [0x00000000d5580000,0x00000000d5580000,0x00000000d6000000)
  from space 10240K, 99% used [0x00000000d6d80000,0x00000000d7779400,0x00000000d7780000)
  to   space 11264K, 0% used [0x00000000d6180000,0x00000000d6180000,0x00000000d6c80000)
 ParOldGen       total 1238016K, used 1237744K [0x0000000080000000, 0x00000000cb900000, 0x00000000d5580000)
  object space 1238016K, 99% used [0x0000000080000000,0x00000000cb8bc1f8,0x00000000cb900000)
 Metaspace       used 104755K, committed 106624K, reserved 1179648K
  class space    used 9986K, committed 10816K, reserved 1048576K
}
Event: 16524.800 GC heap before
{Heap before GC invocations=26270 (full 55):
 PSYoungGen      total 20992K, used 20965K [0x00000000d5580000, 0x00000000d7780000, 0x0000000100000000)
  eden space 10752K, 100% used [0x00000000d5580000,0x00000000d6000000,0x00000000d6000000)
  from space 10240K, 99% used [0x00000000d6d80000,0x00000000d7779400,0x00000000d7780000)
  to   space 11264K, 0% used [0x00000000d6180000,0x00000000d6180000,0x00000000d6c80000)
 ParOldGen       total 1238016K, used 1237744K [0x0000000080000000, 0x00000000cb900000, 0x00000000d5580000)
  object space 1238016K, 99% used [0x0000000080000000,0x00000000cb8bc1f8,0x00000000cb900000)
 Metaspace       used 104758K, committed 106624K, reserved 1179648K
  class space    used 9986K, committed 10816K, reserved 1048576K
}
Event: 16524.810 GC heap after
{Heap after GC invocations=26270 (full 55):
 PSYoungGen      total 11264K, used 474K [0x00000000d5580000, 0x00000000d6e00000, 0x0000000100000000)
  eden space 10752K, 0% used [0x00000000d5580000,0x00000000d5580000,0x00000000d6000000)
  from space 512K, 92% used [0x00000000d6180000,0x00000000d61f6900,0x00000000d6200000)
  to   space 4608K, 0% used [0x00000000d6980000,0x00000000d6980000,0x00000000d6e00000)
 ParOldGen       total 1240064K, used 1239704K [0x0000000080000000, 0x00000000cbb00000, 0x00000000d5580000)
  object space 1240064K, 99% used [0x0000000080000000,0x00000000cbaa61f8,0x00000000cbb00000)
 Metaspace       used 104758K, committed 106624K, reserved 1179648K
  class space    used 9986K, committed 10816K, reserved 1048576K
}
Event: 16524.824 GC heap before
{Heap before GC invocations=26271 (full 55):
 PSYoungGen      total 11264K, used 11226K [0x00000000d5580000, 0x00000000d6e00000, 0x0000000100000000)
  eden space 10752K, 100% used [0x00000000d5580000,0x00000000d6000000,0x00000000d6000000)
  from space 512K, 92% used [0x00000000d6180000,0x00000000d61f6900,0x00000000d6200000)
  to   space 4608K, 0% used [0x00000000d6980000,0x00000000d6980000,0x00000000d6e00000)
 ParOldGen       total 1240064K, used 1239704K [0x0000000080000000, 0x00000000cbb00000, 0x00000000d5580000)
  object space 1240064K, 99% used [0x0000000080000000,0x00000000cbaa61f8,0x00000000cbb00000)
 Metaspace       used 104758K, committed 106624K, reserved 1179648K
  class space    used 9986K, committed 10816K, reserved 1048576K
}
Event: 16524.828 GC heap after
{Heap after GC invocations=26271 (full 55):
 PSYoungGen      total 14336K, used 896K [0x00000000d5580000, 0x00000000d6a80000, 0x0000000100000000)
  eden space 13312K, 0% used [0x00000000d5580000,0x00000000d5580000,0x00000000d6280000)
  from space 1024K, 87% used [0x00000000d6980000,0x00000000d6a60000,0x00000000d6a80000)
  to   space 1536K, 0% used [0x00000000d6780000,0x00000000d6780000,0x00000000d6900000)
 ParOldGen       total 1240064K, used 1239972K [0x0000000080000000, 0x00000000cbb00000, 0x00000000d5580000)
  object space 1240064K, 99% used [0x0000000080000000,0x00000000cbae93f8,0x00000000cbb00000)
 Metaspace       used 104758K, committed 106624K, reserved 1179648K
  class space    used 9986K, committed 10816K, reserved 1048576K
}
Event: 16525.012 GC heap before
{Heap before GC invocations=26272 (full 55):
 PSYoungGen      total 14336K, used 14208K [0x00000000d5580000, 0x00000000d6a80000, 0x0000000100000000)
  eden space 13312K, 100% used [0x00000000d5580000,0x00000000d6280000,0x00000000d6280000)
  from space 1024K, 87% used [0x00000000d6980000,0x00000000d6a60000,0x00000000d6a80000)
  to   space 1536K, 0% used [0x00000000d6780000,0x00000000d6780000,0x00000000d6900000)
 ParOldGen       total 1240064K, used 1239972K [0x0000000080000000, 0x00000000cbb00000, 0x00000000d5580000)
  object space 1240064K, 99% used [0x0000000080000000,0x00000000cbae93f8,0x00000000cbb00000)
 Metaspace       used 104758K, committed 106624K, reserved 1179648K
  class space    used 9986K, committed 10816K, reserved 1048576K
}
Event: 16525.019 GC heap after
{Heap after GC invocations=26272 (full 55):
 PSYoungGen      total 14848K, used 1508K [0x00000000d5580000, 0x00000000d6a00000, 0x0000000100000000)
  eden space 13312K, 0% used [0x00000000d5580000,0x00000000d5580000,0x00000000d6280000)
  from space 1536K, 98% used [0x00000000d6780000,0x00000000d68f9210,0x00000000d6900000)
  to   space 1024K, 0% used [0x00000000d6900000,0x00000000d6900000,0x00000000d6a00000)
 ParOldGen       total 1241600K, used 1241273K [0x0000000080000000, 0x00000000cbc80000, 0x00000000d5580000)
  object space 1241600K, 99% used [0x0000000080000000,0x00000000cbc2e4c8,0x00000000cbc80000)
 Metaspace       used 104758K, committed 106624K, reserved 1179648K
  class space    used 9986K, committed 10816K, reserved 1048576K
}
Event: 16527.375 GC heap before
{Heap before GC invocations=26273 (full 55):
 PSYoungGen      total 14848K, used 14820K [0x00000000d5580000, 0x00000000d6a00000, 0x0000000100000000)
  eden space 13312K, 100% used [0x00000000d5580000,0x00000000d6280000,0x00000000d6280000)
  from space 1536K, 98% used [0x00000000d6780000,0x00000000d68f9210,0x00000000d6900000)
  to   space 1024K, 0% used [0x00000000d6900000,0x00000000d6900000,0x00000000d6a00000)
 ParOldGen       total 1241600K, used 1241273K [0x0000000080000000, 0x00000000cbc80000, 0x00000000d5580000)
  object space 1241600K, 99% used [0x0000000080000000,0x00000000cbc2e4c8,0x00000000cbc80000)
 Metaspace       used 104758K, committed 106624K, reserved 1179648K
  class space    used 9986K, committed 10816K, reserved 1048576K
}
Event: 16530.405 GC heap after
{Heap after GC invocations=26273 (full 55):
 PSYoungGen      total 17408K, used 1001K [0x00000000d5580000, 0x00000000d6b80000, 0x0000000100000000)
  eden space 16384K, 0% used [0x00000000d5580000,0x00000000d5580000,0x00000000d6580000)
  from space 1024K, 97% used [0x00000000d6900000,0x00000000d69fa400,0x00000000d6a00000)
  to   space 3072K, 0% used [0x00000000d6580000,0x00000000d6580000,0x00000000d6880000)
 ParOldGen       total 1398272K, used 1242789K [0x0000000080000000, 0x00000000d5580000, 0x00000000d5580000)
  object space 1398272K, 88% used [0x0000000080000000,0x00000000cbda9718,0x00000000d5580000)
 Metaspace       used 104758K, committed 106624K, reserved 1179648K
  class space    used 9986K, committed 10816K, reserved 1048576K
}

Dll operation events (12 events):
Event: 0.016 Loaded shared library c:\Users\dashc\.vscode\extensions\redhat.java-1.55.0-win32-x64\jre\21.0.11-win32-x86_64\bin\java.dll
Event: 0.078 Loaded shared library c:\Users\dashc\.vscode\extensions\redhat.java-1.55.0-win32-x64\jre\21.0.11-win32-x86_64\bin\zip.dll
Event: 0.098 Loaded shared library C:\Users\dashc\.vscode\extensions\redhat.java-1.55.0-win32-x64\jre\21.0.11-win32-x86_64\bin\instrument.dll
Event: 0.102 Loaded shared library C:\Users\dashc\.vscode\extensions\redhat.java-1.55.0-win32-x64\jre\21.0.11-win32-x86_64\bin\net.dll
Event: 0.105 Loaded shared library C:\Users\dashc\.vscode\extensions\redhat.java-1.55.0-win32-x64\jre\21.0.11-win32-x86_64\bin\nio.dll
Event: 0.108 Loaded shared library C:\Users\dashc\.vscode\extensions\redhat.java-1.55.0-win32-x64\jre\21.0.11-win32-x86_64\bin\zip.dll
Event: 0.127 Loaded shared library C:\Users\dashc\.vscode\extensions\redhat.java-1.55.0-win32-x64\jre\21.0.11-win32-x86_64\bin\jimage.dll
Event: 0.210 Loaded shared library c:\Users\dashc\.vscode\extensions\redhat.java-1.55.0-win32-x64\jre\21.0.11-win32-x86_64\bin\verify.dll
Event: 1.263 Loaded shared library C:\Users\dashc\AppData\Roaming\Code\User\globalStorage\redhat.java\1.55.0\config_win\org.eclipse.equinox.launcher\org.eclipse.equinox.launcher.win32.win32.x86_64_1.3.100.v20260613-0559\eclipse_11924.dll
Event: 4.595 Loaded shared library C:\Users\dashc\AppData\Local\Temp\jna-95355665\jna7862941951017945509.dll
Event: 8623.290 Loaded shared library C:\Users\dashc\.vscode\extensions\redhat.java-1.55.0-win32-x64\jre\21.0.11-win32-x86_64\bin\sunmscapi.dll
Event: 8623.649 Loaded shared library C:\Users\dashc\.vscode\extensions\redhat.java-1.55.0-win32-x64\jre\21.0.11-win32-x86_64\bin\extnet.dll

Deoptimization events (20 events):
Event: 16492.561 Thread 0x000001f92809b240 Uncommon trap: trap_request=0xffffff45 fr.pc=0x000001f8c5c64d74 relative=0x00000000000000d4
Event: 16492.561 Thread 0x000001f92809b240 Uncommon trap: reason=unstable_if action=reinterpret pc=0x000001f8c5c64d74 method=org.eclipse.jdt.internal.compiler.ast.Expression.isConstantValueOfTypeAssignableToType(Lorg/eclipse/jdt/internal/compiler/lookup/TypeBinding;Lorg/eclipse/jdt/internal/compil
Event: 16492.561 Thread 0x000001f92809b240 DEOPT PACKING pc=0x000001f8c5c64d74 sp=0x000000ee9bbfe700
Event: 16492.563 Thread 0x000001f92809b240 DEOPT UNPACKING pc=0x000001f8c4783aa2 sp=0x000000ee9bbfe6b0 mode 2
Event: 16492.760 Thread 0x000001f92a795fe0 Uncommon trap: trap_request=0xffffff45 fr.pc=0x000001f8c6959d20 relative=0x0000000000000ba0
Event: 16492.761 Thread 0x000001f92a795fe0 Uncommon trap: reason=unstable_if action=reinterpret pc=0x000001f8c6959d20 method=org.eclipse.jdt.core.dom.DefaultBindingResolver.resolveExpressionType(Lorg/eclipse/jdt/core/dom/Expression;)Lorg/eclipse/jdt/core/dom/ITypeBinding; @ 4 c2
Event: 16492.761 Thread 0x000001f92a795fe0 DEOPT PACKING pc=0x000001f8c6959d20 sp=0x000000ee9a2fe950
Event: 16492.761 Thread 0x000001f92a795fe0 DEOPT UNPACKING pc=0x000001f8c4783aa2 sp=0x000000ee9a2fe8e0 mode 2
Event: 16492.786 Thread 0x000001f92a795fe0 Uncommon trap: trap_request=0xffffff45 fr.pc=0x000001f8c6adcde8 relative=0x00000000000012a8
Event: 16492.786 Thread 0x000001f92a795fe0 Uncommon trap: reason=unstable_if action=reinterpret pc=0x000001f8c6adcde8 method=org.eclipse.jdt.internal.compiler.parser.Scanner.getNextCharAsDigit(I)Z @ 8 c2
Event: 16492.786 Thread 0x000001f92a795fe0 DEOPT PACKING pc=0x000001f8c6adcde8 sp=0x000000ee9a2fe2d0
Event: 16492.786 Thread 0x000001f92a795fe0 DEOPT UNPACKING pc=0x000001f8c4783aa2 sp=0x000000ee9a2fe1e8 mode 2
Event: 16492.786 Thread 0x000001f92a795fe0 Uncommon trap: trap_request=0xffffff45 fr.pc=0x000001f8c608650c relative=0x00000000000001cc
Event: 16492.786 Thread 0x000001f92a795fe0 Uncommon trap: reason=unstable_if action=reinterpret pc=0x000001f8c608650c method=org.eclipse.jdt.internal.compiler.parser.Scanner.getNextCharAsDigit(I)Z @ 8 c2
Event: 16492.786 Thread 0x000001f92a795fe0 DEOPT PACKING pc=0x000001f8c608650c sp=0x000000ee9a2fe1c0
Event: 16492.786 Thread 0x000001f92a795fe0 DEOPT UNPACKING pc=0x000001f8c4783aa2 sp=0x000000ee9a2fe158 mode 2
Event: 16513.645 Thread 0x000001f92a7980b0 Uncommon trap: trap_request=0xffffffbe fr.pc=0x000001f8c63c84d4 relative=0x0000000000000e74
Event: 16513.645 Thread 0x000001f92a7980b0 Uncommon trap: reason=profile_predicate action=maybe_recompile pc=0x000001f8c63c84d4 method=org.eclipse.jdt.internal.compiler.parser.Scanner.checkTaskTag(II)V @ 539 c2
Event: 16513.645 Thread 0x000001f92a7980b0 DEOPT PACKING pc=0x000001f8c63c84d4 sp=0x000000ee9a1fdeb0
Event: 16513.645 Thread 0x000001f92a7980b0 DEOPT UNPACKING pc=0x000001f8c4783aa2 sp=0x000000ee9a1fde60 mode 2

Classes loaded (20 events):
Event: 16104.593 Loading class jdk/internal/module/IllegalAccessLogger
Event: 16104.593 Loading class jdk/internal/module/IllegalAccessLogger done
Event: 16106.353 Loading class jdk/internal/module/IllegalAccessLogger
Event: 16106.353 Loading class jdk/internal/module/IllegalAccessLogger done
Event: 16494.041 Loading class jdk/internal/module/IllegalAccessLogger
Event: 16494.043 Loading class jdk/internal/module/IllegalAccessLogger done
Event: 16496.115 Loading class jdk/internal/module/IllegalAccessLogger
Event: 16496.115 Loading class jdk/internal/module/IllegalAccessLogger done
Event: 16500.673 Loading class jdk/internal/module/IllegalAccessLogger
Event: 16500.673 Loading class jdk/internal/module/IllegalAccessLogger done
Event: 16502.026 Loading class jdk/internal/module/IllegalAccessLogger
Event: 16502.026 Loading class jdk/internal/module/IllegalAccessLogger done
Event: 16509.907 Loading class jdk/internal/module/IllegalAccessLogger
Event: 16509.907 Loading class jdk/internal/module/IllegalAccessLogger done
Event: 16516.485 Loading class jdk/internal/module/IllegalAccessLogger
Event: 16516.485 Loading class jdk/internal/module/IllegalAccessLogger done
Event: 16522.669 Loading class jdk/internal/module/IllegalAccessLogger
Event: 16522.669 Loading class jdk/internal/module/IllegalAccessLogger done
Event: 16524.497 Loading class jdk/internal/module/IllegalAccessLogger
Event: 16524.497 Loading class jdk/internal/module/IllegalAccessLogger done

Classes unloaded (20 events):
Event: 12604.200 Thread 0x000001f8b9f94930 Unloading class 0x000001f8d20b5000 'java/lang/invoke/LambdaForm$MH+0x000001f8d20b5000'
Event: 12604.200 Thread 0x000001f8b9f94930 Unloading class 0x000001f8d2176000 'java/lang/invoke/LambdaForm$MH+0x000001f8d2176000'
Event: 12604.200 Thread 0x000001f8b9f94930 Unloading class 0x000001f8d2178000 'java/lang/invoke/LambdaForm$MH+0x000001f8d2178000'
Event: 12604.200 Thread 0x000001f8b9f94930 Unloading class 0x000001f8d2179000 'java/lang/invoke/LambdaForm$MH+0x000001f8d2179000'
Event: 12604.200 Thread 0x000001f8b9f94930 Unloading class 0x000001f8d2182000 'java/lang/invoke/LambdaForm$MH+0x000001f8d2182000'
Event: 14546.310 Thread 0x000001f8b9f94930 Unloading class 0x000001f8d2a3e400 'java/lang/invoke/LambdaForm$MH+0x000001f8d2a3e400'
Event: 14546.310 Thread 0x000001f8b9f94930 Unloading class 0x000001f8d2a3f400 'java/lang/invoke/LambdaForm$MH+0x000001f8d2a3f400'
Event: 14546.310 Thread 0x000001f8b9f94930 Unloading class 0x000001f8d2a3f000 'java/lang/invoke/LambdaForm$MH+0x000001f8d2a3f000'
Event: 14546.310 Thread 0x000001f8b9f94930 Unloading class 0x000001f8d2a80c00 'java/lang/invoke/LambdaForm$MH+0x000001f8d2a80c00'
Event: 14546.310 Thread 0x000001f8b9f94930 Unloading class 0x000001f8d2a80800 'java/lang/invoke/LambdaForm$MH+0x000001f8d2a80800'
Event: 14546.310 Thread 0x000001f8b9f94930 Unloading class 0x000001f8d2a88000 'java/lang/invoke/LambdaForm$MH+0x000001f8d2a88000'
Event: 14546.311 Thread 0x000001f8b9f94930 Unloading class 0x000001f8d2a8a000 'java/lang/invoke/LambdaForm$MH+0x000001f8d2a8a000'
Event: 14546.311 Thread 0x000001f8b9f94930 Unloading class 0x000001f8d277d800 'java/lang/invoke/LambdaForm$MH+0x000001f8d277d800'
Event: 14546.311 Thread 0x000001f8b9f94930 Unloading class 0x000001f8d208c000 'java/lang/invoke/LambdaForm$MH+0x000001f8d208c000'
Event: 14792.272 Thread 0x000001f8b9f94930 Unloading class 0x000001f8d2a31400 'java/lang/invoke/LambdaForm$MH+0x000001f8d2a31400'
Event: 14792.272 Thread 0x000001f8b9f94930 Unloading class 0x000001f8d2a31000 'java/lang/invoke/LambdaForm$MH+0x000001f8d2a31000'
Event: 14792.272 Thread 0x000001f8b9f94930 Unloading class 0x000001f8d2a3c400 'java/lang/invoke/LambdaForm$MH+0x000001f8d2a3c400'
Event: 14792.272 Thread 0x000001f8b9f94930 Unloading class 0x000001f8d201e800 'java/lang/invoke/LambdaForm$MH+0x000001f8d201e800'
Event: 14792.276 Thread 0x000001f8b9f94930 Unloading class 0x000001f8d27e1800 'java/lang/invoke/LambdaForm$DMH+0x000001f8d27e1800'
Event: 16007.048 Thread 0x000001f8b9f94930 Unloading class 0x000001f8d2a9e000 'java/lang/invoke/LambdaForm$BMH+0x000001f8d2a9e000'

Classes redefined (0 events):
No events

Internal exceptions (20 events):
Event: 16104.464 Thread 0x000001f918c28290 Exception <a 'sun/nio/fs/WindowsException'{0x00000000d5633b80}> (0x00000000d5633b80) 
thrown [s\src\hotspot\share\prims\jni.cpp, line 520]
Event: 16104.716 Thread 0x000001f918c28290 Exception <a 'sun/nio/fs/WindowsException'{0x00000000d5609188}> (0x00000000d5609188) 
thrown [s\src\hotspot\share\prims\jni.cpp, line 520]
Event: 16106.199 Thread 0x000001f918c28290 Exception <a 'sun/nio/fs/WindowsException'{0x00000000d567c5c0}> (0x00000000d567c5c0) 
thrown [s\src\hotspot\share\prims\jni.cpp, line 520]
Event: 16106.484 Thread 0x000001f918c28290 Exception <a 'sun/nio/fs/WindowsException'{0x00000000d55aef28}> (0x00000000d55aef28) 
thrown [s\src\hotspot\share\prims\jni.cpp, line 520]
Event: 16398.077 Thread 0x000001f92809d310 Exception <a 'sun/nio/fs/WindowsException'{0x00000000d586ce28}> (0x00000000d586ce28) 
thrown [s\src\hotspot\share\prims\jni.cpp, line 520]
Event: 16398.077 Thread 0x000001f92809d310 Exception <a 'sun/nio/fs/WindowsException'{0x00000000d586d710}> (0x00000000d586d710) 
thrown [s\src\hotspot\share\prims\jni.cpp, line 520]
Event: 16493.663 Thread 0x000001f918c28290 Exception <a 'sun/nio/fs/WindowsException'{0x00000000d559f890}> (0x00000000d559f890) 
thrown [s\src\hotspot\share\prims\jni.cpp, line 520]
Event: 16494.027 Thread 0x000001f918c28290 Exception <a 'sun/nio/fs/WindowsException'{0x00000000d55805e8}> (0x00000000d55805e8) 
thrown [s\src\hotspot\share\prims\jni.cpp, line 520]
Event: 16495.908 Thread 0x000001f918c28290 Exception <a 'sun/nio/fs/WindowsException'{0x00000000d5824268}> (0x00000000d5824268) 
thrown [s\src\hotspot\share\prims\jni.cpp, line 520]
Event: 16496.181 Thread 0x000001f918c28290 Exception <a 'sun/nio/fs/WindowsException'{0x00000000d5b2b948}> (0x00000000d5b2b948) 
thrown [s\src\hotspot\share\prims\jni.cpp, line 520]
Event: 16500.438 Thread 0x000001f918c28290 Exception <a 'sun/nio/fs/WindowsException'{0x00000000d56cb440}> (0x00000000d56cb440) 
thrown [s\src\hotspot\share\prims\jni.cpp, line 520]
Event: 16500.715 Thread 0x000001f918c28290 Exception <a 'sun/nio/fs/WindowsException'{0x00000000d5632170}> (0x00000000d5632170) 
thrown [s\src\hotspot\share\prims\jni.cpp, line 520]
Event: 16509.730 Thread 0x000001f918c28290 Exception <a 'sun/nio/fs/WindowsException'{0x00000000d59505e0}> (0x00000000d59505e0) 
thrown [s\src\hotspot\share\prims\jni.cpp, line 520]
Event: 16510.059 Thread 0x000001f918c28290 Exception <a 'sun/nio/fs/WindowsException'{0x00000000d5c1e4d8}> (0x00000000d5c1e4d8) 
thrown [s\src\hotspot\share\prims\jni.cpp, line 520]
Event: 16516.243 Thread 0x000001f918c28290 Exception <a 'sun/nio/fs/WindowsException'{0x00000000d57f5c88}> (0x00000000d57f5c88) 
thrown [s\src\hotspot\share\prims\jni.cpp, line 520]
Event: 16516.534 Thread 0x000001f918c28290 Exception <a 'sun/nio/fs/WindowsException'{0x00000000d5631c98}> (0x00000000d5631c98) 
thrown [s\src\hotspot\share\prims\jni.cpp, line 520]
Event: 16522.532 Thread 0x000001f918c28290 Exception <a 'sun/nio/fs/WindowsException'{0x00000000d55a4c90}> (0x00000000d55a4c90) 
thrown [s\src\hotspot\share\prims\jni.cpp, line 520]
Event: 16522.778 Thread 0x000001f918c28290 Exception <a 'sun/nio/fs/WindowsException'{0x00000000d5c35be0}> (0x00000000d5c35be0) 
thrown [s\src\hotspot\share\prims\jni.cpp, line 520]
Event: 16524.343 Thread 0x000001f918c28290 Exception <a 'sun/nio/fs/WindowsException'{0x00000000d59f27b0}> (0x00000000d59f27b0) 
thrown [s\src\hotspot\share\prims\jni.cpp, line 520]
Event: 16524.742 Thread 0x000001f918c28290 Exception <a 'sun/nio/fs/WindowsException'{0x00000000d57c8e68}> (0x00000000d57c8e68) 
thrown [s\src\hotspot\share\prims\jni.cpp, line 520]

ZGC Phase Switch (0 events):
No events

VM Operations (20 events):
Event: 16524.390 Executing safepoint VM operation: ParallelGCFailedAllocation (Allocation Failure)
Event: 16524.400 Executing safepoint VM operation: ParallelGCFailedAllocation (Allocation Failure) done
Event: 16524.429 Executing safepoint VM operation: ParallelGCFailedAllocation (Allocation Failure)
Event: 16524.440 Executing safepoint VM operation: ParallelGCFailedAllocation (Allocation Failure) done
Event: 16524.477 Executing safepoint VM operation: ParallelGCFailedAllocation (Allocation Failure)
Event: 16524.487 Executing safepoint VM operation: ParallelGCFailedAllocation (Allocation Failure) done
Event: 16524.622 Executing safepoint VM operation: ParallelGCFailedAllocation (Allocation Failure)
Event: 16524.629 Executing safepoint VM operation: ParallelGCFailedAllocation (Allocation Failure) done
Event: 16524.657 Executing safepoint VM operation: ParallelGCFailedAllocation (Allocation Failure)
Event: 16524.665 Executing safepoint VM operation: ParallelGCFailedAllocation (Allocation Failure) done
Event: 16524.764 Executing safepoint VM operation: ParallelGCFailedAllocation (Allocation Failure)
Event: 16524.774 Executing safepoint VM operation: ParallelGCFailedAllocation (Allocation Failure) done
Event: 16524.800 Executing safepoint VM operation: ParallelGCFailedAllocation (Allocation Failure)
Event: 16524.810 Executing safepoint VM operation: ParallelGCFailedAllocation (Allocation Failure) done
Event: 16524.824 Executing safepoint VM operation: ParallelGCFailedAllocation (Allocation Failure)
Event: 16524.828 Executing safepoint VM operation: ParallelGCFailedAllocation (Allocation Failure) done
Event: 16525.012 Executing safepoint VM operation: ParallelGCFailedAllocation (Allocation Failure)
Event: 16525.019 Executing safepoint VM operation: ParallelGCFailedAllocation (Allocation Failure) done
Event: 16527.375 Executing safepoint VM operation: ParallelGCFailedAllocation (Allocation Failure)
Event: 16530.405 Executing safepoint VM operation: ParallelGCFailedAllocation (Allocation Failure) done

Memory protections (0 events):
No events

Nmethod flushes (20 events):
Event: 15953.375 Thread 0x000001f8b9f94930 flushing  nmethod 0x000001f8c01fed10
Event: 15953.375 Thread 0x000001f8b9f94930 flushing  nmethod 0x000001f8c055d910
Event: 15953.375 Thread 0x000001f8b9f94930 flushing  nmethod 0x000001f8c0562890
Event: 15953.375 Thread 0x000001f8b9f94930 flushing  nmethod 0x000001f8c0635810
Event: 15953.375 Thread 0x000001f8b9f94930 flushing  nmethod 0x000001f8c0676390
Event: 15953.375 Thread 0x000001f8b9f94930 flushing  nmethod 0x000001f8c06b9910
Event: 15953.375 Thread 0x000001f8b9f94930 flushing  nmethod 0x000001f8c06f6690
Event: 15953.375 Thread 0x000001f8b9f94930 flushing  nmethod 0x000001f8c07ef710
Event: 15953.375 Thread 0x000001f8b9f94930 flushing  nmethod 0x000001f8c0818290
Event: 15953.375 Thread 0x000001f8b9f94930 flushing  nmethod 0x000001f8c0820090
Event: 15953.375 Thread 0x000001f8b9f94930 flushing  nmethod 0x000001f8c0833590
Event: 15953.375 Thread 0x000001f8b9f94930 flushing  nmethod 0x000001f8c0875110
Event: 16007.452 Thread 0x000001f8b9f94930 flushing  nmethod 0x000001f8bd540e10
Event: 16007.453 Thread 0x000001f8b9f94930 flushing  nmethod 0x000001f8bd56b290
Event: 16007.453 Thread 0x000001f8b9f94930 flushing  nmethod 0x000001f8bd9b8c90
Event: 16007.453 Thread 0x000001f8b9f94930 flushing  nmethod 0x000001f8bdff7510
Event: 16007.453 Thread 0x000001f8b9f94930 flushing  nmethod 0x000001f8be83a610
Event: 16007.453 Thread 0x000001f8b9f94930 flushing  nmethod 0x000001f8bed2a310
Event: 16007.453 Thread 0x000001f8b9f94930 flushing  nmethod 0x000001f8bfcb0f10
Event: 16007.453 Thread 0x000001f8b9f94930 flushing  nmethod 0x000001f8c056cf90

Events (20 events):
Event: 16398.192 Thread 0x000001f92dfe81c0 Thread exited: 0x000001f92dfe81c0
Event: 16401.067 Thread 0x000001f91a67ab60 Thread exited: 0x000001f91a67ab60
Event: 16402.621 Thread 0x000001f92dfe0ba0 Thread exited: 0x000001f92dfe0ba0
Event: 16404.550 Thread 0x000001f92a79aea0 Thread exited: 0x000001f92a79aea0
Event: 16406.305 Thread 0x000001f91a322d30 Thread exited: 0x000001f91a322d30
Event: 16452.989 Thread 0x000001f91a49c910 Thread exited: 0x000001f91a49c910
Event: 16492.962 Thread 0x000001f928099e90 Thread added: 0x000001f928097730
Event: 16493.931 Thread 0x000001f928097730 Thread added: 0x000001f928098ae0
Event: 16494.047 Thread 0x000001f928097730 Thread added: 0x000001f92809b8d0
Event: 16494.154 Thread 0x000001f928099e90 Thread added: 0x000001f92809c5f0
Event: 16495.996 Thread 0x000001f92809c5f0 Thread added: 0x000001f92a797a20
Event: 16497.417 Thread 0x000001f92a799af0 Thread added: 0x000001f92a795950
Event: 16497.487 Thread 0x000001f91a8320e0 Thread added: 0x000001f92a7980b0
Event: 16500.594 Thread 0x000001f928097730 Thread added: 0x000001f92a798740
Event: 16501.956 Thread 0x000001f928099e90 Thread added: 0x000001f92a796670
Event: 16509.831 Thread 0x000001f928097730 Thread added: 0x000001f92a799460
Event: 16516.403 Thread 0x000001f928099e90 Thread added: 0x000001f92a796d00
Event: 16522.612 Thread 0x000001f928099e90 Thread added: 0x000001f92a798dd0
Event: 16524.423 Thread 0x000001f928097730 Thread added: 0x000001f92a79a810
Event: 16524.572 Thread 0x000001f928099e90 Thread added: 0x000001f92a79aea0


Dynamic libraries:
0x00007ff6fa870000 - 0x00007ff6fa87e000 	c:\Users\dashc\.vscode\extensions\redhat.java-1.55.0-win32-x64\jre\21.0.11-win32-x86_64\bin\java.exe
0x00007ff95f440000 - 0x00007ff95f6a6000 	C:\Windows\SYSTEM32\ntdll.dll
0x00007ff95de50000 - 0x00007ff95df19000 	C:\Windows\System32\KERNEL32.DLL
0x00007ff95c660000 - 0x00007ff95ca5e000 	C:\Windows\System32\KERNELBASE.dll
0x00007ff959020000 - 0x00007ff9590c0000 	C:\Windows\SYSTEM32\apphelp.dll
0x00007ff95cf60000 - 0x00007ff95d0ac000 	C:\Windows\System32\ucrtbase.dll
0x00007ff94c3f0000 - 0x00007ff94c408000 	c:\Users\dashc\.vscode\extensions\redhat.java-1.55.0-win32-x64\jre\21.0.11-win32-x86_64\bin\jli.dll
0x00007ff958e10000 - 0x00007ff958e2e000 	c:\Users\dashc\.vscode\extensions\redhat.java-1.55.0-win32-x64\jre\21.0.11-win32-x86_64\bin\VCRUNTIME140.dll
0x00007ff95df20000 - 0x00007ff95e0e7000 	C:\Windows\System32\USER32.dll
0x00007ff95ca70000 - 0x00007ff95ca97000 	C:\Windows\System32\win32u.dll
0x00007ff941510000 - 0x00007ff9417a2000 	C:\Windows\WinSxS\amd64_microsoft.windows.common-controls_6595b64144ccf1df_6.0.26100.8875_none_3e0d5d42e32fe9dd\COMCTL32.dll
0x00007ff95f040000 - 0x00007ff95f06b000 	C:\Windows\System32\GDI32.dll
0x00007ff95cb60000 - 0x00007ff95cc8a000 	C:\Windows\System32\gdi32full.dll
0x00007ff95d180000 - 0x00007ff95d229000 	C:\Windows\System32\msvcrt.dll
0x00007ff95d0c0000 - 0x00007ff95d163000 	C:\Windows\System32\msvcp_win.dll
0x00007ff95d6e0000 - 0x00007ff95d712000 	C:\Windows\System32\IMM32.DLL
0x00007ff958ea0000 - 0x00007ff958eac000 	c:\Users\dashc\.vscode\extensions\redhat.java-1.55.0-win32-x64\jre\21.0.11-win32-x86_64\bin\vcruntime140_1.dll
0x00007ff947990000 - 0x00007ff947a1d000 	c:\Users\dashc\.vscode\extensions\redhat.java-1.55.0-win32-x64\jre\21.0.11-win32-x86_64\bin\msvcp140.dll
0x00007ff8b31e0000 - 0x00007ff8b3f82000 	c:\Users\dashc\.vscode\extensions\redhat.java-1.55.0-win32-x64\jre\21.0.11-win32-x86_64\bin\server\jvm.dll
0x00007ff95d870000 - 0x00007ff95d927000 	C:\Windows\System32\ADVAPI32.dll
0x00007ff95f350000 - 0x00007ff95f3fa000 	C:\Windows\System32\sechost.dll
0x00007ff95d230000 - 0x00007ff95d348000 	C:\Windows\System32\RPCRT4.dll
0x00007ff95d7e0000 - 0x00007ff95d860000 	C:\Windows\System32\WS2_32.dll
0x00007ff95c4e0000 - 0x00007ff95c53e000 	C:\Windows\SYSTEM32\POWRPROF.dll
0x00007ff953720000 - 0x00007ff953756000 	C:\Windows\SYSTEM32\WINMM.dll
0x00007ff94cf00000 - 0x00007ff94cf0b000 	C:\Windows\SYSTEM32\VERSION.dll
0x00007ff95c4c0000 - 0x00007ff95c4d4000 	C:\Windows\SYSTEM32\UMPDC.dll
0x00007ff95b300000 - 0x00007ff95b31b000 	C:\Windows\SYSTEM32\kernel.appcore.dll
0x00007ff958e00000 - 0x00007ff958e0a000 	c:\Users\dashc\.vscode\extensions\redhat.java-1.55.0-win32-x64\jre\21.0.11-win32-x86_64\bin\jimage.dll
0x00007ff959cb0000 - 0x00007ff959ef2000 	C:\Windows\SYSTEM32\DBGHELP.DLL
0x00007ff95e0f0000 - 0x00007ff95e473000 	C:\Windows\System32\combase.dll
0x00007ff95d460000 - 0x00007ff95d539000 	C:\Windows\System32\OLEAUT32.dll
0x00007ff931b60000 - 0x00007ff931b9b000 	C:\Windows\SYSTEM32\dbgcore.DLL
0x00007ff95caa0000 - 0x00007ff95cb4c000 	C:\Windows\System32\bcryptPrimitives.dll
0x00007ff958a30000 - 0x00007ff958a3f000 	c:\Users\dashc\.vscode\extensions\redhat.java-1.55.0-win32-x64\jre\21.0.11-win32-x86_64\bin\instrument.dll
0x00007ff94afb0000 - 0x00007ff94afd0000 	c:\Users\dashc\.vscode\extensions\redhat.java-1.55.0-win32-x64\jre\21.0.11-win32-x86_64\bin\java.dll
0x00007ff95e620000 - 0x00007ff95edb2000 	C:\Windows\System32\SHELL32.dll
0x00007ff95a0c0000 - 0x00007ff95a952000 	C:\Windows\SYSTEM32\windows.storage.dll
0x00007ff95ee90000 - 0x00007ff95ef87000 	C:\Windows\System32\SHCORE.dll
0x00007ff95d770000 - 0x00007ff95d7d7000 	C:\Windows\System32\shlwapi.dll
0x00007ff95c580000 - 0x00007ff95c5a9000 	C:\Windows\SYSTEM32\profapi.dll
0x00007ff94c3d0000 - 0x00007ff94c3e8000 	c:\Users\dashc\.vscode\extensions\redhat.java-1.55.0-win32-x64\jre\21.0.11-win32-x86_64\bin\zip.dll
0x00007ff94c3c0000 - 0x00007ff94c3d0000 	C:\Users\dashc\.vscode\extensions\redhat.java-1.55.0-win32-x64\jre\21.0.11-win32-x86_64\bin\net.dll
0x00007ff953280000 - 0x00007ff9533a7000 	C:\Windows\SYSTEM32\WINHTTP.dll
0x00007ff95b8a0000 - 0x00007ff95b90c000 	C:\Windows\system32\mswsock.dll
0x00007ff94c3a0000 - 0x00007ff94c3b6000 	C:\Users\dashc\.vscode\extensions\redhat.java-1.55.0-win32-x64\jre\21.0.11-win32-x86_64\bin\nio.dll
0x00007ff94b680000 - 0x00007ff94b690000 	c:\Users\dashc\.vscode\extensions\redhat.java-1.55.0-win32-x64\jre\21.0.11-win32-x86_64\bin\verify.dll
0x00007ff947940000 - 0x00007ff947985000 	C:\Users\dashc\AppData\Roaming\Code\User\globalStorage\redhat.java\1.55.0\config_win\org.eclipse.equinox.launcher\org.eclipse.equinox.launcher.win32.win32.x86_64_1.3.100.v20260613-0559\eclipse_11924.dll
0x00007ff95e480000 - 0x00007ff95e619000 	C:\Windows\System32\ole32.dll
0x00007ff95bb50000 - 0x00007ff95bb6b000 	C:\Windows\SYSTEM32\CRYPTSP.dll
0x00007ff95b260000 - 0x00007ff95b299000 	C:\Windows\system32\rsaenh.dll
0x00007ff95b960000 - 0x00007ff95b992000 	C:\Windows\SYSTEM32\USERENV.dll
0x00007ff95c550000 - 0x00007ff95c57a000 	C:\Windows\SYSTEM32\bcrypt.dll
0x00007ff95bb70000 - 0x00007ff95bb7c000 	C:\Windows\SYSTEM32\CRYPTBASE.dll
0x00007ff95acb0000 - 0x00007ff95ace3000 	C:\Windows\SYSTEM32\IPHLPAPI.DLL
0x00007ff95f010000 - 0x00007ff95f01a000 	C:\Windows\System32\NSI.dll
0x00007ff92d4b0000 - 0x00007ff92d4f9000 	C:\Users\dashc\AppData\Local\Temp\jna-95355665\jna7862941951017945509.dll
0x00007ff95d170000 - 0x00007ff95d178000 	C:\Windows\System32\PSAPI.DLL
0x00007ff9550f0000 - 0x00007ff95510d000 	C:\Windows\SYSTEM32\dhcpcsvc6.DLL
0x00007ff9550a0000 - 0x00007ff9550c5000 	C:\Windows\SYSTEM32\dhcpcsvc.DLL
0x00007ff948c10000 - 0x00007ff948c1e000 	C:\Users\dashc\.vscode\extensions\redhat.java-1.55.0-win32-x64\jre\21.0.11-win32-x86_64\bin\sunmscapi.dll
0x00007ff95cde0000 - 0x00007ff95cf58000 	C:\Windows\System32\CRYPT32.dll
0x00007ff95be30000 - 0x00007ff95be60000 	C:\Windows\SYSTEM32\ncrypt.dll
0x00007ff95bde0000 - 0x00007ff95be1f000 	C:\Windows\SYSTEM32\NTASN1.dll
0x00007ff95ada0000 - 0x00007ff95aef6000 	C:\Windows\SYSTEM32\DNSAPI.dll
0x00007ff95b670000 - 0x00007ff95b67d000 	C:\Windows\SYSTEM32\DSPARSE.dll
0x00007ff953520000 - 0x00007ff95352b000 	C:\Windows\System32\rasadhlp.dll
0x00007ff956100000 - 0x00007ff956186000 	C:\Windows\System32\fwpuclnt.dll
0x00007ff948ab0000 - 0x00007ff948ab9000 	C:\Users\dashc\.vscode\extensions\redhat.java-1.55.0-win32-x64\jre\21.0.11-win32-x86_64\bin\extnet.dll
0x00007ff93a5d0000 - 0x00007ff93a5d8000 	C:\Windows\system32\wshunix.dll

JVMTI agents:
c:\Users\dashc\.vscode\extensions\redhat.java-1.55.0-win32-x64\lombok\lombok-1.18.39-4050.jar path:c:\Users\dashc\.vscode\extensions\redhat.java-1.55.0-win32-x64\jre\21.0.11-win32-x86_64\bin\instrument.dll, loaded, initialized, instrumentlib options:none

dbghelp: loaded successfully - version: 4.0.5 - missing functions: none
symbol engine: initialized successfully - sym options: 0x614 - pdb path: .;c:\Users\dashc\.vscode\extensions\redhat.java-1.55.0-win32-x64\jre\21.0.11-win32-x86_64\bin;C:\Windows\SYSTEM32;C:\Windows\WinSxS\amd64_microsoft.windows.common-controls_6595b64144ccf1df_6.0.26100.8875_none_3e0d5d42e32fe9dd;c:\Users\dashc\.vscode\extensions\redhat.java-1.55.0-win32-x64\jre\21.0.11-win32-x86_64\bin\server;C:\Users\dashc\AppData\Roaming\Code\User\globalStorage\redhat.java\1.55.0\config_win\org.eclipse.equinox.launcher\org.eclipse.equinox.launcher.win32.win32.x86_64_1.3.100.v20260613-0559;C:\Users\dashc\AppData\Local\Temp\jna-95355665

VM Arguments:
jvm_args: --add-modules=ALL-SYSTEM --add-opens=java.base/java.util=ALL-UNNAMED --add-opens=java.base/java.lang=ALL-UNNAMED --add-opens=java.base/sun.nio.fs=ALL-UNNAMED -Declipse.application=org.eclipse.jdt.ls.core.id1 -Dosgi.bundles.defaultStartLevel=4 -Declipse.product=org.eclipse.jdt.ls.core.product -Djava.import.generatesMetadataFilesAtProjectRoot=false -DDetectVMInstallationsJob.disabled=true -Dfile.encoding=utf8 -XX:+UseParallelGC -XX:GCTimeRatio=4 -XX:AdaptiveSizePolicyWeight=90 -Dsun.zip.disableMemoryMapping=true -Xmx2G -Xms100m -Xlog:disable -javaagent:c:\Users\dashc\.vscode\extensions\redhat.java-1.55.0-win32-x64\lombok\lombok-1.18.39-4050.jar -XX:+HeapDumpOnOutOfMemoryError -XX:HeapDumpPath=c:\Users\dashc\AppData\Roaming\Code\User\workspaceStorage\95a45cb68db98c7fa5ef555b2df23817\redhat.java -Daether.dependencyCollector.impl=bf 
java_command: c:\Users\dashc\.vscode\extensions\redhat.java-1.55.0-win32-x64\server\plugins\org.eclipse.equinox.launcher_1.7.200.v20260619-2039.jar -configuration c:\Users\dashc\AppData\Roaming\Code\User\globalStorage\redhat.java\1.55.0\config_win -data c:\Users\dashc\AppData\Roaming\Code\User\workspaceStorage\95a45cb68db98c7fa5ef555b2df23817\redhat.java\jdt_ws --pipe=\\.\pipe\lsp-3fb9df0e4404cecd4ab94e98d43fd08a-sock
java_class_path (initial): c:\Users\dashc\.vscode\extensions\redhat.java-1.55.0-win32-x64\server\plugins\org.eclipse.equinox.launcher_1.7.200.v20260619-2039.jar
Launcher Type: SUN_STANDARD

[Global flags]
    uintx AdaptiveSizePolicyWeight                 = 90                                        {product} {command line}
     intx CICompilerCount                          = 4                                         {product} {ergonomic}
    uintx GCTimeRatio                              = 4                                         {product} {command line}
     bool HeapDumpOnOutOfMemoryError               = true                                   {manageable} {command line}
    ccstr HeapDumpPath                             = c:\Users\dashc\AppData\Roaming\Code\User\workspaceStorage\95a45cb68db98c7fa5ef555b2df23817\redhat.java         {manageable} {command line}
   size_t InitialHeapSize                          = 104857600                                 {product} {command line}
   size_t MaxHeapSize                              = 2147483648                                {product} {command line}
   size_t MaxNewSize                               = 715653120                                 {product} {ergonomic}
   size_t MinHeapDeltaBytes                        = 524288                                    {product} {ergonomic}
   size_t MinHeapSize                              = 104857600                                 {product} {command line}
   size_t NewSize                                  = 34603008                                  {product} {ergonomic}
    uintx NonNMethodCodeHeapSize                   = 5839372                                {pd product} {ergonomic}
    uintx NonProfiledCodeHeapSize                  = 122909434                              {pd product} {ergonomic}
   size_t OldSize                                  = 70254592                                  {product} {ergonomic}
    uintx ProfiledCodeHeapSize                     = 122909434                              {pd product} {ergonomic}
    uintx ReservedCodeCacheSize                    = 251658240                              {pd product} {ergonomic}
     bool SegmentedCodeCache                       = true                                      {product} {ergonomic}
   size_t SoftMaxHeapSize                          = 2147483648                             {manageable} {ergonomic}
     bool UseCompressedOops                        = true                           {product lp64_product} {ergonomic}
     bool UseLargePagesIndividualAllocation        = false                                  {pd product} {ergonomic}
     bool UseParallelGC                            = true                                      {product} {command line}

Logging:
Log output configuration:
 #0: stdout all=off uptime,level,tags foldmultilines=false
 #1: stderr all=off uptime,level,tags foldmultilines=false

Release file:
JAVA_VERSION="21.0.11" 
MODULES="java.base java.compiler java.datatransfer java.xml java.prefs java.desktop java.instrument java.logging java.management java.security.sasl java.naming java.rmi java.management.rmi java.net.http java.scripting java.security.jgss java.transaction.xa java.sql java.sql.rowset java.xml.crypto java.se java.smartcardio jdk.accessibility jdk.internal.jvmstat jdk.attach jdk.charsets jdk.internal.opt jdk.zipfs jdk.compiler jdk.crypto.ec jdk.crypto.cryptoki jdk.crypto.mscapi jdk.dynalink jdk.internal.ed jdk.editpad jdk.hotspot.agent jdk.httpserver jdk.internal.le jdk.internal.vm.ci jdk.internal.vm.compiler jdk.internal.vm.compiler.management jdk.jartool jdk.javadoc jdk.jcmd jdk.management jdk.management.agent jdk.jconsole jdk.jdeps jdk.jdwp.agent jdk.jdi jdk.jfr jdk.jshell jdk.jsobject jdk.jstatd jdk.localedata jdk.management.jfr jdk.naming.dns jdk.naming.rmi jdk.net jdk.nio.mapmode jdk.random jdk.sctp jdk.security.auth jdk.security.jgss jdk.unsupported jdk.unsupported.desktop jdk.xml.dom" 

Environment Variables:
JAVA_HOME=C:\Program Files\Eclipse Adoptium\jdk-17.0.18.8-hotspot
PATH=C:\Program Files\Eclipse Adoptium\jdk-17.0.18.8-hotspot\bin;C:\Program Files (x86)\Common Files\Oracle\Java\java8path;C:\Program Files (x86)\Common Files\Oracle\Java\javapath;C:\Windows\system32;C:\Windows;C:\Windows\System32\Wbem;C:\Windows\System32\WindowsPowerShell\v1.0\;C:\Windows\System32\OpenSSH\;C:\Program Files\nodejs\;C:\Program Files\Git\cmd;C:\Program Files\Docker\Docker\resources\bin;C:\Program Files (x86)\Microsoft SQL Server\160\Tools\Binn\;C:\Program Files\Microsoft SQL Server\160\Tools\Binn\;C:\Program Files\Microsoft SQL Server\Client SDK\ODBC\170\Tools\Binn\;C:\Program Files\Microsoft SQL Server\160\DTS\Binn\;;C:\Users\dashc\.config\herd\bin\nvm;C:\Program Files\nodejs;C:\Users\dashc\AppData\Local\Microsoft\WindowsApps;C:\Users\dashc\AppData\Local\Programs\Microsoft VS Code\bin;C:\Program Files\JetBrains\PyCharm 2025.1.1\bin;;C:\Users\dashc\AppData\Roaming\npm;C:\Users\dashc\flutter\bin
USERNAME=dashc
OS=Windows_NT
PROCESSOR_IDENTIFIER=Intel64 Family 6 Model 154 Stepping 3, GenuineIntel
TMP=C:\Users\dashc\AppData\Local\Temp
TEMP=C:\Users\dashc\AppData\Local\Temp




Periodic native trim disabled

---------------  S Y S T E M  ---------------

OS:
 Windows 11 , 64 bit Build 26100 (10.0.26100.8875)
OS uptime: 2 days 9:01 hours
Hyper-V role detected

CPU: total 12 (initial active 12) (6 cores per cpu, 2 threads per core) family 6 model 154 stepping 3 microcode 0x434, cx8, cmov, fxsr, ht, mmx, 3dnowpref, sse, sse2, sse3, ssse3, sse4.1, sse4.2, popcnt, lzcnt, tsc, tscinvbit, avx, avx2, aes, erms, clmul, bmi1, bmi2, adx, sha, fma, vzeroupper, clflush, clflushopt, clwb, hv, serialize, rdtscp, rdpid, fsrm, f16c, cet_ibt, cet_ss
Processor Information for processor 0
  Max Mhz: 2000, Current Mhz: 1520, Mhz Limit: 2000
Processor Information for processor 1
  Max Mhz: 2000, Current Mhz: 2000, Mhz Limit: 2000
Processor Information for processor 2
  Max Mhz: 2000, Current Mhz: 2000, Mhz Limit: 2000
Processor Information for processor 3
  Max Mhz: 2000, Current Mhz: 2000, Mhz Limit: 2000
Processor Information for processor 4
  Max Mhz: 2000, Current Mhz: 1520, Mhz Limit: 2000
Processor Information for processor 5
  Max Mhz: 2000, Current Mhz: 2000, Mhz Limit: 2000
Processor Information for processor 6
  Max Mhz: 2000, Current Mhz: 1520, Mhz Limit: 2000
Processor Information for processor 7
  Max Mhz: 2000, Current Mhz: 1520, Mhz Limit: 2000
Processor Information for processor 8
  Max Mhz: 2000, Current Mhz: 1500, Mhz Limit: 1500
Processor Information for processor 9
  Max Mhz: 2000, Current Mhz: 1500, Mhz Limit: 1500
Processor Information for processor 10
  Max Mhz: 2000, Current Mhz: 1500, Mhz Limit: 1500
Processor Information for processor 11
  Max Mhz: 2000, Current Mhz: 1500, Mhz Limit: 1500

Memory: 4k page, system-wide physical 7915M (273M free)
TotalPageFile size 32491M (AvailPageFile size 11M)
current process WorkingSet (physical memory assigned to process): 550M, peak: 1538M
current process commit charge ("private bytes"): 1846M, peak: 1872M

vm_info: OpenJDK 64-Bit Server VM (21.0.11+10-LTS) for windows-amd64 JRE (21.0.11+10-LTS), built on 2026-04-21T00:00:00Z by "admin" with MS VC++ 17.12 (VS2022)

END.
