#
# There is insufficient memory for the Java Runtime Environment to continue.
# Native memory allocation (malloc) failed to allocate 1048576 bytes. Error detail: AllocateHeap
# Possible reasons:
#   The system is out of physical RAM or swap space
#   This process is running with CompressedOops enabled, and the Java Heap may be blocking the growth of the native heap
# Possible solutions:
#   Reduce memory load on the system
#   Increase physical memory or swap space
#   Check if swap backing store is full
#   Decrease Java heap size (-Xmx/-Xms)
#   Decrease number of Java threads
#   Decrease Java thread stack sizes (-Xss)
#   Set larger code cache with -XX:ReservedCodeCacheSize=
#   JVM is running with Unscaled Compressed Oops mode in which the Java heap is
#     placed in the first 4GB address space. The Java Heap base address is the
#     maximum limit for the native heap growth. Please use -XX:HeapBaseMinAddress
#     to set the Java Heap base and to place the Java Heap above 4GB virtual address.
# This output file may be truncated or incomplete.
#
#  Out of Memory Error (allocation.cpp:44), pid=23036, tid=23752
#
# JRE version: OpenJDK Runtime Environment Temurin-21.0.11+10 (21.0.11+10) (build 21.0.11+10-LTS)
# Java VM: OpenJDK 64-Bit Server VM Temurin-21.0.11+10 (21.0.11+10-LTS, mixed mode, sharing, tiered, compressed oops, compressed class ptrs, parallel gc, windows-amd64)
# No core dump will be written. Minidumps are not enabled by default on client versions of Windows
#

---------------  S U M M A R Y ------------

Command Line: --add-modules=ALL-SYSTEM --add-opens=java.base/java.util=ALL-UNNAMED --add-opens=java.base/java.lang=ALL-UNNAMED --add-opens=java.base/sun.nio.fs=ALL-UNNAMED -Declipse.application=org.eclipse.jdt.ls.core.id1 -Dosgi.bundles.defaultStartLevel=4 -Declipse.product=org.eclipse.jdt.ls.core.product -Djava.import.generatesMetadataFilesAtProjectRoot=false -DDetectVMInstallationsJob.disabled=true -Dfile.encoding=utf8 -XX:+UseParallelGC -XX:GCTimeRatio=4 -XX:AdaptiveSizePolicyWeight=90 -Dsun.zip.disableMemoryMapping=true -Xmx2G -Xms100m -Xlog:disable -javaagent:c:\Users\dashc\.vscode\extensions\redhat.java-1.55.0-win32-x64\lombok\lombok-1.18.39-4050.jar -XX:+HeapDumpOnOutOfMemoryError -XX:HeapDumpPath=c:\Users\dashc\AppData\Roaming\Code\User\workspaceStorage\95a45cb68db98c7fa5ef555b2df23817\redhat.java -Daether.dependencyCollector.impl=bf c:\Users\dashc\.vscode\extensions\redhat.java-1.55.0-win32-x64\server\plugins\org.eclipse.equinox.launcher_1.7.200.v20260619-2039.jar -configuration c:\Users\dashc\AppData\Roaming\Code\User\globalStorage\redhat.java\1.55.0\config_win -data c:\Users\dashc\AppData\Roaming\Code\User\workspaceStorage\95a45cb68db98c7fa5ef555b2df23817\redhat.java\jdt_ws --pipe=\\.\pipe\lsp-5344b0187e925208ee54016542d366af-sock

Host: 12th Gen Intel(R) Core(TM) i5-12450H, 12 cores, 7G,  Windows 11 , 64 bit Build 26100 (10.0.26100.8875)
Time: Tue Jul 28 21:33:17 2026 Hora est. Sudamérica Pacífico elapsed time: 125763.808080 seconds (1d 10h 56m 3s)

---------------  T H R E A D  ---------------

Current thread (0x000001e0bbe0d090):  JavaThread "Attach Listener" daemon [_thread_in_vm, id=23752, stack(0x00000080c1f00000,0x00000080c2000000) (1024K)]

Stack: [0x00000080c1f00000,0x00000080c2000000]
Native frames: (J=compiled Java code, j=interpreted, Vv=VM code, C=native code)
V  [jvm.dll+0x6d7e19]
V  [jvm.dll+0x8b5096]
V  [jvm.dll+0x8b764e]
V  [jvm.dll+0x8b7d33]
V  [jvm.dll+0x284596]
V  [jvm.dll+0xc13c7]
V  [jvm.dll+0x6d86c9]
V  [jvm.dll+0x133616]
V  [jvm.dll+0x3f868e]
V  [jvm.dll+0x85fb0d]
V  [jvm.dll+0x6d664d]
C  [ucrtbase.dll+0x2cd30]
C  [KERNEL32.DLL+0x2e957]
C  [ntdll.dll+0xaad6c]


---------------  P R O C E S S  ---------------

Threads class SMR info:
_java_thread_list=0x000001e11d5874a0, length=39, elements={
0x000001e0bbd5fd80, 0x000001e0bbe05370, 0x000001e0bbd0b560, 0x000001e0bbe0c630,
0x000001e0bbe0d090, 0x000001e0bbe130b0, 0x000001e0bbe11430, 0x000001e0bbe1e100,
0x000001e0bbe1e7b0, 0x000001e114ccf230, 0x000001e114dfb650, 0x000001e11a5ae5c0,
0x000001e11a3d3c00, 0x000001e114ddf7b0, 0x000001e114b9f6d0, 0x000001e11a20ea80,
0x000001e114b4f7c0, 0x000001e11ad178e0, 0x000001e11ae19710, 0x000001e11ae19da0,
0x000001e11ae1be70, 0x000001e11ae1c500, 0x000001e11ae19080, 0x000001e11bf0cec0,
0x000001e11bf0d550, 0x000001e11bf0dbe0, 0x000001e11bf0e270, 0x000001e11bf0c1a0,
0x000001e11bf0bb10, 0x000001e11bf0e900, 0x000001e11bf0fcb0, 0x000001e11bf0ef90,
0x000001e11bf0f620, 0x000001e11bf0c830, 0x000001e11bf13130, 0x000001e11bf12aa0,
0x000001e11bf11060, 0x000001e11af06100, 0x000001e11a1d5ae0
}

Java Threads: ( => current thread )
  0x000001e0bbd5fd80 JavaThread "main"                              [_thread_blocked, id=30764, stack(0x00000080c1800000,0x00000080c1900000) (1024K)]
  0x000001e0bbe05370 JavaThread "Reference Handler"          daemon [_thread_blocked, id=18628, stack(0x00000080c1c00000,0x00000080c1d00000) (1024K)]
  0x000001e0bbd0b560 JavaThread "Finalizer"                  daemon [_thread_blocked, id=10688, stack(0x00000080c1d00000,0x00000080c1e00000) (1024K)]
  0x000001e0bbe0c630 JavaThread "Signal Dispatcher"          daemon [_thread_blocked, id=29732, stack(0x00000080c1e00000,0x00000080c1f00000) (1024K)]
=>0x000001e0bbe0d090 JavaThread "Attach Listener"            daemon [_thread_in_vm, id=23752, stack(0x00000080c1f00000,0x00000080c2000000) (1024K)]
  0x000001e0bbe130b0 JavaThread "Service Thread"             daemon [_thread_blocked, id=18160, stack(0x00000080c2000000,0x00000080c2100000) (1024K)]
  0x000001e0bbe11430 JavaThread "Monitor Deflation Thread"   daemon [_thread_blocked, id=16148, stack(0x00000080c2100000,0x00000080c2200000) (1024K)]
  0x000001e0bbe1e100 JavaThread "C2 CompilerThread0"         daemon [_thread_blocked, id=29596, stack(0x00000080c2200000,0x00000080c2300000) (1024K)]
  0x000001e0bbe1e7b0 JavaThread "C1 CompilerThread0"         daemon [_thread_blocked, id=31144, stack(0x00000080c2300000,0x00000080c2400000) (1024K)]
  0x000001e114ccf230 JavaThread "Common-Cleaner"             daemon [_thread_blocked, id=15204, stack(0x00000080c2400000,0x00000080c2500000) (1024K)]
  0x000001e114dfb650 JavaThread "Notification Thread"        daemon [_thread_blocked, id=21592, stack(0x00000080c2500000,0x00000080c2600000) (1024K)]
  0x000001e11a5ae5c0 JavaThread "Active Thread: Equinox Container: 37cffa17-f0a9-4e99-9ad7-4ebc46f81739"        [_thread_blocked, id=17312, stack(0x00000080c2c00000,0x00000080c2d00000) (1024K)]
  0x000001e11a3d3c00 JavaThread "Refresh Thread: Equinox Container: 37cffa17-f0a9-4e99-9ad7-4ebc46f81739" daemon [_thread_blocked, id=5948, stack(0x00000080c2e00000,0x00000080c2f00000) (1024K)]
  0x000001e114ddf7b0 JavaThread "Framework Event Dispatcher: Equinox Container: 37cffa17-f0a9-4e99-9ad7-4ebc46f81739" daemon [_thread_blocked, id=21700, stack(0x00000080c2f00000,0x00000080c3000000) (1024K)]
  0x000001e114b9f6d0 JavaThread "Start Level: Equinox Container: 37cffa17-f0a9-4e99-9ad7-4ebc46f81739" daemon [_thread_blocked, id=9708, stack(0x00000080c3000000,0x00000080c3100000) (1024K)]
  0x000001e11a20ea80 JavaThread "Bundle File Closer"         daemon [_thread_blocked, id=19592, stack(0x00000080c3300000,0x00000080c3400000) (1024K)]
  0x000001e114b4f7c0 JavaThread "SCR Component Actor"        daemon [_thread_blocked, id=1740, stack(0x00000080c1500000,0x00000080c1600000) (1024K)]
  0x000001e11ad178e0 JavaThread "Worker-JM"                         [_thread_blocked, id=11704, stack(0x00000080c3500000,0x00000080c3600000) (1024K)]
  0x000001e11ae19710 JavaThread "JNA Cleaner"                daemon [_thread_blocked, id=26064, stack(0x00000080c3400000,0x00000080c3500000) (1024K)]
  0x000001e11ae19da0 JavaThread "Java indexing"              daemon [_thread_blocked, id=31376, stack(0x00000080c3900000,0x00000080c3a00000) (1024K)]
  0x000001e11ae1be70 JavaThread "Thread-1"                   daemon [_thread_in_native, id=14324, stack(0x00000080c3e00000,0x00000080c3f00000) (1024K)]
  0x000001e11ae1c500 JavaThread "Thread-2"                   daemon [_thread_in_native, id=29652, stack(0x00000080c3f00000,0x00000080c4000000) (1024K)]
  0x000001e11ae19080 JavaThread "Thread-3"                   daemon [_thread_in_native, id=14108, stack(0x00000080c4000000,0x00000080c4100000) (1024K)]
  0x000001e11bf0cec0 JavaThread "Thread-4"                   daemon [_thread_in_native, id=28732, stack(0x00000080c4100000,0x00000080c4200000) (1024K)]
  0x000001e11bf0d550 JavaThread "Thread-5"                   daemon [_thread_in_native, id=31448, stack(0x00000080c4200000,0x00000080c4300000) (1024K)]
  0x000001e11bf0dbe0 JavaThread "Thread-6"                   daemon [_thread_in_native, id=25220, stack(0x00000080c4300000,0x00000080c4400000) (1024K)]
  0x000001e11bf0e270 JavaThread "Thread-7"                   daemon [_thread_in_native, id=20668, stack(0x00000080c4400000,0x00000080c4500000) (1024K)]
  0x000001e11bf0c1a0 JavaThread "Thread-8"                   daemon [_thread_in_native, id=10224, stack(0x00000080c4500000,0x00000080c4600000) (1024K)]
  0x000001e11bf0bb10 JavaThread "Thread-9"                   daemon [_thread_in_native, id=16632, stack(0x00000080c4600000,0x00000080c4700000) (1024K)]
  0x000001e11bf0e900 JavaThread "Thread-10"                  daemon [_thread_in_native, id=24952, stack(0x00000080c4700000,0x00000080c4800000) (1024K)]
  0x000001e11bf0fcb0 JavaThread "Thread-11"                  daemon [_thread_in_native, id=27092, stack(0x00000080c4800000,0x00000080c4900000) (1024K)]
  0x000001e11bf0ef90 JavaThread "Thread-12"                  daemon [_thread_in_native, id=30132, stack(0x00000080c4900000,0x00000080c4a00000) (1024K)]
  0x000001e11bf0f620 JavaThread "Thread-13"                  daemon [_thread_in_native, id=3020, stack(0x00000080c4a00000,0x00000080c4b00000) (1024K)]
  0x000001e11bf0c830 JavaThread "pool-2-thread-1"                   [_thread_blocked, id=7328, stack(0x00000080c4b00000,0x00000080c4c00000) (1024K)]
  0x000001e11bf13130 JavaThread "WorkspaceEventsHandler"            [_thread_blocked, id=26224, stack(0x00000080c4e00000,0x00000080c4f00000) (1024K)]
  0x000001e11bf12aa0 JavaThread "pool-1-thread-1"                   [_thread_blocked, id=25092, stack(0x00000080c4f00000,0x00000080c5000000) (1024K)]
  0x000001e11bf11060 JavaThread "Cleaner-0"                  daemon [_thread_blocked, id=22704, stack(0x00000080c6300000,0x00000080c6400000) (1024K)]
  0x000001e11af06100 JavaThread "Worker-212"                        [_thread_blocked, id=4472, stack(0x00000080c6500000,0x00000080c6600000) (1024K)]
  0x000001e11a1d5ae0 JavaThread "Worker-220"                        [_thread_blocked, id=10120, stack(0x00000080c1600000,0x00000080c1700000) (1024K)]
Total: 39

Other Threads:
  0x000001e0bbe00a30 VMThread "VM Thread"                           [id=18212, stack(0x00000080c1b00000,0x00000080c1c00000) (1024K)]
  0x000001e0bbbeca10 WatcherThread "VM Periodic Task Thread"        [id=19804, stack(0x00000080c1a00000,0x00000080c1b00000) (1024K)]
  0x000001e0bbd7db60 WorkerThread "GC Thread#0"                     [id=24100, stack(0x00000080c1900000,0x00000080c1a00000) (1024K)]
  0x000001e11a068380 WorkerThread "GC Thread#1"                     [id=23104, stack(0x00000080c2600000,0x00000080c2700000) (1024K)]
  0x000001e11a299e30 WorkerThread "GC Thread#2"                     [id=15112, stack(0x00000080c2700000,0x00000080c2800000) (1024K)]
  0x000001e11a29a1e0 WorkerThread "GC Thread#3"                     [id=16480, stack(0x00000080c2800000,0x00000080c2900000) (1024K)]
  0x000001e11a29a590 WorkerThread "GC Thread#4"                     [id=28216, stack(0x00000080c2900000,0x00000080c2a00000) (1024K)]
  0x000001e11a372b80 WorkerThread "GC Thread#5"                     [id=30280, stack(0x00000080c2a00000,0x00000080c2b00000) (1024K)]
  0x000001e11a396ed0 WorkerThread "GC Thread#6"                     [id=10672, stack(0x00000080c2b00000,0x00000080c2c00000) (1024K)]
  0x000001e11a2fcce0 WorkerThread "GC Thread#7"                     [id=28984, stack(0x00000080c2d00000,0x00000080c2e00000) (1024K)]
  0x000001e11a20f950 WorkerThread "GC Thread#8"                     [id=7656, stack(0x00000080c3100000,0x00000080c3200000) (1024K)]
  0x000001e11a126610 WorkerThread "GC Thread#9"                     [id=25604, stack(0x00000080c3200000,0x00000080c3300000) (1024K)]
Total: 12

Threads with active compile tasks:
Total: 0

VM state: not at safepoint (normal execution)

VM Mutex/Monitor currently owned by a thread: None

Heap address: 0x0000000080000000, size: 2048 MB, Compressed Oops mode: 32-bit

CDS archive(s) mapped at: [0x000001e0d3000000-0x000001e0d3ba0000-0x000001e0d3ba0000), size 12189696, SharedBaseAddress: 0x000001e0d3000000, ArchiveRelocationMode: 1.
Compressed class space mapped at: 0x000001e0d4000000-0x000001e114000000, reserved size: 1073741824
Narrow klass base: 0x000001e0d3000000, Narrow klass shift: 0, Narrow klass range: 0x100000000

GC Precious Log:
 CardTable entry size: 512
 CPUs: 12 total, 12 available
 Memory: 7915M
 Large Page Support: Disabled
 NUMA Support: Disabled
 Compressed Oops: Enabled (32-bit)
 Alignments: Space 512K, Generation 512K, Heap 2M
 Heap Min Capacity: 100M
 Heap Initial Capacity: 100M
 Heap Max Capacity: 2G
 Pre-touch: Disabled
 Parallel Workers: 10

Heap:
 PSYoungGen      total 9216K, used 5115K [0x00000000d5580000, 0x00000000d6280000, 0x0000000100000000)
  eden space 8192K, 50% used [0x00000000d5580000,0x00000000d5980398,0x00000000d5d80000)
  from space 1024K, 99% used [0x00000000d5d80000,0x00000000d5e7e900,0x00000000d5e80000)
  to   space 2048K, 0% used [0x00000000d6080000,0x00000000d6080000,0x00000000d6280000)
 ParOldGen       total 602624K, used 602489K [0x0000000080000000, 0x00000000a4c80000, 0x00000000d5580000)
  object space 602624K, 99% used [0x0000000080000000,0x00000000a4c5e540,0x00000000a4c80000)
 Metaspace       used 108325K, committed 110272K, reserved 1179648K
  class space    used 10289K, committed 11200K, reserved 1048576K

Card table byte_map: [0x000001e0bb700000,0x000001e0bbb10000] _byte_map_base: 0x000001e0bb300000

Marking Bits: (ParMarkBitMap*) 0x00007ff89e974460
 Begin Bits: [0x000001e0ce210000, 0x000001e0d0210000)
 End Bits:   [0x000001e0d0210000, 0x000001e0d2210000)

Polling page: 0x000001e0b98a0000

Metaspace:

Usage:
  Non-class:     95.74 MB used.
      Class:     10.05 MB used.
       Both:    105.79 MB used.

Virtual space:
  Non-class space:      128.00 MB reserved,      96.75 MB ( 76%) committed,  2 nodes.
      Class space:        1.00 GB reserved,      10.94 MB (  1%) committed,  1 nodes.
             Both:        1.12 GB reserved,     107.69 MB (  9%) committed. 

Chunk freelists:
   Non-Class:  14.78 MB
       Class:  4.94 MB
        Both:  19.72 MB

MaxMetaspaceSize: unlimited
CompressedClassSpaceSize: 1.00 GB
Initial GC threshold: 21.00 MB
Current GC threshold: 179.50 MB
CDS: on
 - commit_granule_bytes: 65536.
 - commit_granule_words: 8192.
 - virtual_space_node_default_size: 8388608.
 - enlarge_chunks_in_place: 1.
 - use_allocation_guard: 0.


Internal statistics:

num_allocs_failed_limit: 11.
num_arena_births: 3050.
num_arena_deaths: 1046.
num_vsnodes_births: 3.
num_vsnodes_deaths: 0.
num_space_committed: 1723.
num_space_uncommitted: 0.
num_chunks_returned_to_freelist: 1319.
num_chunks_taken_from_freelist: 9328.
num_chunk_merges: 331.
num_chunk_splits: 5001.
num_chunks_enlarged: 2431.
num_inconsistent_stats: 0.

CodeHeap 'non-profiled nmethods': size=120000Kb used=39528Kb max_used=49158Kb free=80472Kb
 bounds [0x000001e0c6a30000, 0x000001e0c9a40000, 0x000001e0cdf60000]
CodeHeap 'profiled nmethods': size=120000Kb used=28632Kb max_used=49410Kb free=91368Kb
 bounds [0x000001e0bef60000, 0x000001e0c1ff0000, 0x000001e0c6490000]
CodeHeap 'non-nmethods': size=5760Kb used=1556Kb max_used=1653Kb free=4203Kb
 bounds [0x000001e0c6490000, 0x000001e0c6700000, 0x000001e0c6a30000]
CodeCache: size=245760Kb, used=69716Kb, max_used=100221Kb, free=176043Kb
 total_blobs=16048, nmethods=15179, adapters=769, full_count=0
Compilation: enabled, stopped_count=0, restarted_count=0

Compilation events (20 events):
Event: 117691.570 Thread 0x000001e0bbe1e7b0 nmethod 54272 0x000001e0bf317410 code [0x000001e0bf317600, 0x000001e0bf317d00]
Event: 117691.570 Thread 0x000001e0bbe1e7b0 54276  s    3       java.lang.ClassValue$ClassValueMap::startEntry (106 bytes)
Event: 117691.571 Thread 0x000001e0bbe1e7b0 nmethod 54276 0x000001e0befead90 code [0x000001e0befeb020, 0x000001e0befebec8]
Event: 117691.571 Thread 0x000001e0bbe1e7b0 54271       3       java.lang.ClassValue$ClassValueMap::placeInCache (28 bytes)
Event: 117691.572 Thread 0x000001e0bbe1e7b0 nmethod 54271 0x000001e0bf6f3390 code [0x000001e0bf6f35a0, 0x000001e0bf6f3f88]
Event: 117691.573 Thread 0x000001e0bbe1e100 54277       4       sun.security.provider.SHA::implCompress (13 bytes)
Event: 117691.573 Thread 0x000001e0bbe1e7b0 54279       3       java.security.CodeSource::<init> (52 bytes)
Event: 117691.574 Thread 0x000001e0bbe1e7b0 nmethod 54279 0x000001e0bf1c9990 code [0x000001e0bf1c9b60, 0x000001e0bf1c9fb8]
Event: 117691.574 Thread 0x000001e0bbe1e100 nmethod 54277 0x000001e0c7411010 code [0x000001e0c74111a0, 0x000001e0c74112e0]
Event: 117691.575 Thread 0x000001e0bbe1e100 54278       4       sun.security.provider.SHA::implCompressCheck (18 bytes)
Event: 117691.576 Thread 0x000001e0bbe1e100 nmethod 54278 0x000001e0c6fca910 code [0x000001e0c6fcaaa0, 0x000001e0c6fcab98]
Event: 117691.577 Thread 0x000001e0bbe1e7b0 54280       3       java.lang.Class$$Lambda/0x000001e0d40feae8::apply (8 bytes)
Event: 117691.578 Thread 0x000001e0bbe1e7b0 nmethod 54280 0x000001e0bf76b410 code [0x000001e0bf76b5e0, 0x000001e0bf76b970]
Event: 117691.578 Thread 0x000001e0bbe1e7b0 54281       3       java.lang.Class::lambda$methodToString$0 (15 bytes)
Event: 117691.578 Thread 0x000001e0bbe1e7b0 nmethod 54281 0x000001e0bfa40f10 code [0x000001e0bfa410c0, 0x000001e0bfa412d8]
Event: 117691.624 Thread 0x000001e127624140 nmethod 54275 0x000001e0c7510c10 code [0x000001e0c7510de0, 0x000001e0c7511a08]
Event: 120787.429 Thread 0x000001e0bbe1e100 54282       4       java.util.concurrent.locks.AbstractQueuedSynchronizer$ConditionObject::awaitNanos (202 bytes)
Event: 120787.675 Thread 0x000001e0bbe1e100 nmethod 54282 0x000001e0c6dda210 code [0x000001e0c6dda4e0, 0x000001e0c6ddb2a0]
Event: 120832.213 Thread 0x000001e0bbe1e7b0 54283       3       java.util.concurrent.ForkJoinPool::deregisterWorker (247 bytes)
Event: 120832.277 Thread 0x000001e0bbe1e7b0 nmethod 54283 0x000001e0bf62f690 code [0x000001e0bf62f980, 0x000001e0bf630c38]

GC Heap History (20 events):
Event: 117542.953 GC heap before
{Heap before GC invocations=57981 (full 71):
 PSYoungGen      total 6144K, used 6141K [0x00000000d5580000, 0x00000000d6180000, 0x0000000100000000)
  eden space 5120K, 100% used [0x00000000d5580000,0x00000000d5a80000,0x00000000d5a80000)
  from space 1024K, 99% used [0x00000000d5a80000,0x00000000d5b7f4a0,0x00000000d5b80000)
  to   space 3584K, 0% used [0x00000000d5e00000,0x00000000d5e00000,0x00000000d6180000)
 ParOldGen       total 588800K, used 588403K [0x0000000080000000, 0x00000000a3f00000, 0x00000000d5580000)
  object space 588800K, 99% used [0x0000000080000000,0x00000000a3e9cc68,0x00000000a3f00000)
 Metaspace       used 108202K, committed 110272K, reserved 1179648K
  class space    used 10270K, committed 11200K, reserved 1048576K
}
Event: 117542.956 GC heap after
{Heap after GC invocations=57981 (full 71):
 PSYoungGen      total 8704K, used 3263K [0x00000000d5580000, 0x00000000d6180000, 0x0000000100000000)
  eden space 5120K, 0% used [0x00000000d5580000,0x00000000d5580000,0x00000000d5a80000)
  from space 3584K, 91% used [0x00000000d5e00000,0x00000000d612ffb8,0x00000000d6180000)
  to   space 3584K, 0% used [0x00000000d5a80000,0x00000000d5a80000,0x00000000d5e00000)
 ParOldGen       total 589824K, used 589438K [0x0000000080000000, 0x00000000a4000000, 0x00000000d5580000)
  object space 589824K, 99% used [0x0000000080000000,0x00000000a3f9f9b8,0x00000000a4000000)
 Metaspace       used 108202K, committed 110272K, reserved 1179648K
  class space    used 10270K, committed 11200K, reserved 1048576K
}
Event: 117542.961 GC heap before
{Heap before GC invocations=57982 (full 71):
 PSYoungGen      total 8704K, used 8383K [0x00000000d5580000, 0x00000000d6180000, 0x0000000100000000)
  eden space 5120K, 100% used [0x00000000d5580000,0x00000000d5a80000,0x00000000d5a80000)
  from space 3584K, 91% used [0x00000000d5e00000,0x00000000d612ffb8,0x00000000d6180000)
  to   space 3584K, 0% used [0x00000000d5a80000,0x00000000d5a80000,0x00000000d5e00000)
 ParOldGen       total 589824K, used 589438K [0x0000000080000000, 0x00000000a4000000, 0x00000000d5580000)
  object space 589824K, 99% used [0x0000000080000000,0x00000000a3f9f9b8,0x00000000a4000000)
 Metaspace       used 108202K, committed 110272K, reserved 1179648K
  class space    used 10270K, committed 11200K, reserved 1048576K
}
Event: 117542.964 GC heap after
{Heap after GC invocations=57982 (full 71):
 PSYoungGen      total 5632K, used 96K [0x00000000d5580000, 0x00000000d5e80000, 0x0000000100000000)
  eden space 5120K, 0% used [0x00000000d5580000,0x00000000d5580000,0x00000000d5a80000)
  from space 512K, 18% used [0x00000000d5a80000,0x00000000d5a98000,0x00000000d5b00000)
  to   space 1536K, 0% used [0x00000000d5d00000,0x00000000d5d00000,0x00000000d5e80000)
 ParOldGen       total 593408K, used 593091K [0x0000000080000000, 0x00000000a4380000, 0x00000000d5580000)
  object space 593408K, 99% used [0x0000000080000000,0x00000000a4330f68,0x00000000a4380000)
 Metaspace       used 108202K, committed 110272K, reserved 1179648K
  class space    used 10270K, committed 11200K, reserved 1048576K
}
Event: 117543.016 GC heap before
{Heap before GC invocations=57983 (full 71):
 PSYoungGen      total 5632K, used 5216K [0x00000000d5580000, 0x00000000d5e80000, 0x0000000100000000)
  eden space 5120K, 100% used [0x00000000d5580000,0x00000000d5a80000,0x00000000d5a80000)
  from space 512K, 18% used [0x00000000d5a80000,0x00000000d5a98000,0x00000000d5b00000)
  to   space 1536K, 0% used [0x00000000d5d00000,0x00000000d5d00000,0x00000000d5e80000)
 ParOldGen       total 593408K, used 593091K [0x0000000080000000, 0x00000000a4380000, 0x00000000d5580000)
  object space 593408K, 99% used [0x0000000080000000,0x00000000a4330f68,0x00000000a4380000)
 Metaspace       used 108202K, committed 110272K, reserved 1179648K
  class space    used 10270K, committed 11200K, reserved 1048576K
}
Event: 117543.019 GC heap after
{Heap after GC invocations=57983 (full 71):
 PSYoungGen      total 6144K, used 640K [0x00000000d5580000, 0x00000000d5e00000, 0x0000000100000000)
  eden space 5120K, 0% used [0x00000000d5580000,0x00000000d5580000,0x00000000d5a80000)
  from space 1024K, 62% used [0x00000000d5d00000,0x00000000d5da0000,0x00000000d5e00000)
  to   space 1024K, 0% used [0x00000000d5c00000,0x00000000d5c00000,0x00000000d5d00000)
 ParOldGen       total 593408K, used 593091K [0x0000000080000000, 0x00000000a4380000, 0x00000000d5580000)
  object space 593408K, 99% used [0x0000000080000000,0x00000000a4330f68,0x00000000a4380000)
 Metaspace       used 108202K, committed 110272K, reserved 1179648K
  class space    used 10270K, committed 11200K, reserved 1048576K
}
Event: 117547.453 GC heap before
{Heap before GC invocations=57984 (full 71):
 PSYoungGen      total 6144K, used 5760K [0x00000000d5580000, 0x00000000d5e00000, 0x0000000100000000)
  eden space 5120K, 100% used [0x00000000d5580000,0x00000000d5a80000,0x00000000d5a80000)
  from space 1024K, 62% used [0x00000000d5d00000,0x00000000d5da0000,0x00000000d5e00000)
  to   space 1024K, 0% used [0x00000000d5c00000,0x00000000d5c00000,0x00000000d5d00000)
 ParOldGen       total 593408K, used 593091K [0x0000000080000000, 0x00000000a4380000, 0x00000000d5580000)
  object space 593408K, 99% used [0x0000000080000000,0x00000000a4330f68,0x00000000a4380000)
 Metaspace       used 108202K, committed 110272K, reserved 1179648K
  class space    used 10270K, committed 11200K, reserved 1048576K
}
Event: 117547.457 GC heap after
{Heap after GC invocations=57984 (full 71):
 PSYoungGen      total 6144K, used 794K [0x00000000d5580000, 0x00000000d5d80000, 0x0000000100000000)
  eden space 5120K, 0% used [0x00000000d5580000,0x00000000d5580000,0x00000000d5a80000)
  from space 1024K, 77% used [0x00000000d5c00000,0x00000000d5cc6900,0x00000000d5d00000)
  to   space 512K, 0% used [0x00000000d5d00000,0x00000000d5d00000,0x00000000d5d80000)
 ParOldGen       total 593920K, used 593576K [0x0000000080000000, 0x00000000a4400000, 0x00000000d5580000)
  object space 593920K, 99% used [0x0000000080000000,0x00000000a43aa1b8,0x00000000a4400000)
 Metaspace       used 108202K, committed 110272K, reserved 1179648K
  class space    used 10270K, committed 11200K, reserved 1048576K
}
Event: 117547.473 GC heap before
{Heap before GC invocations=57985 (full 71):
 PSYoungGen      total 6144K, used 5866K [0x00000000d5580000, 0x00000000d5d80000, 0x0000000100000000)
  eden space 5120K, 99% used [0x00000000d5580000,0x00000000d5a742b0,0x00000000d5a80000)
  from space 1024K, 77% used [0x00000000d5c00000,0x00000000d5cc6900,0x00000000d5d00000)
  to   space 512K, 0% used [0x00000000d5d00000,0x00000000d5d00000,0x00000000d5d80000)
 ParOldGen       total 593920K, used 593576K [0x0000000080000000, 0x00000000a4400000, 0x00000000d5580000)
  object space 593920K, 99% used [0x0000000080000000,0x00000000a43aa1b8,0x00000000a4400000)
 Metaspace       used 108202K, committed 110272K, reserved 1179648K
  class space    used 10270K, committed 11200K, reserved 1048576K
}
Event: 117547.475 GC heap after
{Heap after GC invocations=57985 (full 71):
 PSYoungGen      total 5632K, used 499K [0x00000000d5580000, 0x00000000d5d80000, 0x0000000100000000)
  eden space 5120K, 0% used [0x00000000d5580000,0x00000000d5580000,0x00000000d5a80000)
  from space 512K, 97% used [0x00000000d5d00000,0x00000000d5d7cca0,0x00000000d5d80000)
  to   space 1024K, 0% used [0x00000000d5b80000,0x00000000d5b80000,0x00000000d5c80000)
 ParOldGen       total 594432K, used 594011K [0x0000000080000000, 0x00000000a4480000, 0x00000000d5580000)
  object space 594432K, 99% used [0x0000000080000000,0x00000000a4416db0,0x00000000a4480000)
 Metaspace       used 108202K, committed 110272K, reserved 1179648K
  class space    used 10270K, committed 11200K, reserved 1048576K
}
Event: 117547.488 GC heap before
{Heap before GC invocations=57986 (full 71):
 PSYoungGen      total 5632K, used 5294K [0x00000000d5580000, 0x00000000d5d80000, 0x0000000100000000)
  eden space 5120K, 93% used [0x00000000d5580000,0x00000000d5a2eb80,0x00000000d5a80000)
  from space 512K, 97% used [0x00000000d5d00000,0x00000000d5d7cca0,0x00000000d5d80000)
  to   space 1024K, 0% used [0x00000000d5b80000,0x00000000d5b80000,0x00000000d5c80000)
 ParOldGen       total 594432K, used 594011K [0x0000000080000000, 0x00000000a4480000, 0x00000000d5580000)
  object space 594432K, 99% used [0x0000000080000000,0x00000000a4416db0,0x00000000a4480000)
 Metaspace       used 108202K, committed 110272K, reserved 1179648K
  class space    used 10270K, committed 11200K, reserved 1048576K
}
Event: 117547.492 GC heap after
{Heap after GC invocations=57986 (full 71):
 PSYoungGen      total 6144K, used 1013K [0x00000000d5580000, 0x00000000d6580000, 0x0000000100000000)
  eden space 5120K, 0% used [0x00000000d5580000,0x00000000d5580000,0x00000000d5a80000)
  from space 1024K, 99% used [0x00000000d5b80000,0x00000000d5c7d7e0,0x00000000d5c80000)
  to   space 5632K, 0% used [0x00000000d6000000,0x00000000d6000000,0x00000000d6580000)
 ParOldGen       total 598016K, used 597576K [0x0000000080000000, 0x00000000a4800000, 0x00000000d5580000)
  object space 598016K, 99% used [0x0000000080000000,0x00000000a4792010,0x00000000a4800000)
 Metaspace       used 108202K, committed 110272K, reserved 1179648K
  class space    used 10270K, committed 11200K, reserved 1048576K
}
Event: 117547.504 GC heap before
{Heap before GC invocations=57987 (full 71):
 PSYoungGen      total 6144K, used 6133K [0x00000000d5580000, 0x00000000d6580000, 0x0000000100000000)
  eden space 5120K, 100% used [0x00000000d5580000,0x00000000d5a80000,0x00000000d5a80000)
  from space 1024K, 99% used [0x00000000d5b80000,0x00000000d5c7d7e0,0x00000000d5c80000)
  to   space 5632K, 0% used [0x00000000d6000000,0x00000000d6000000,0x00000000d6580000)
 ParOldGen       total 598016K, used 597576K [0x0000000080000000, 0x00000000a4800000, 0x00000000d5580000)
  object space 598016K, 99% used [0x0000000080000000,0x00000000a4792010,0x00000000a4800000)
 Metaspace       used 108202K, committed 110272K, reserved 1179648K
  class space    used 10270K, committed 11200K, reserved 1048576K
}
Event: 117547.508 GC heap after
{Heap after GC invocations=57987 (full 71):
 PSYoungGen      total 9216K, used 3722K [0x00000000d5580000, 0x00000000d6400000, 0x0000000100000000)
  eden space 5120K, 0% used [0x00000000d5580000,0x00000000d5580000,0x00000000d5a80000)
  from space 4096K, 90% used [0x00000000d6000000,0x00000000d63a2810,0x00000000d6400000)
  to   space 4096K, 0% used [0x00000000d5c00000,0x00000000d5c00000,0x00000000d6000000)
 ParOldGen       total 599040K, used 598615K [0x0000000080000000, 0x00000000a4900000, 0x00000000d5580000)
  object space 599040K, 99% used [0x0000000080000000,0x00000000a4895d80,0x00000000a4900000)
 Metaspace       used 108202K, committed 110272K, reserved 1179648K
  class space    used 10270K, committed 11200K, reserved 1048576K
}
Event: 117547.514 GC heap before
{Heap before GC invocations=57988 (full 71):
 PSYoungGen      total 9216K, used 8842K [0x00000000d5580000, 0x00000000d6400000, 0x0000000100000000)
  eden space 5120K, 100% used [0x00000000d5580000,0x00000000d5a80000,0x00000000d5a80000)
  from space 4096K, 90% used [0x00000000d6000000,0x00000000d63a2810,0x00000000d6400000)
  to   space 4096K, 0% used [0x00000000d5c00000,0x00000000d5c00000,0x00000000d6000000)
 ParOldGen       total 599040K, used 598615K [0x0000000080000000, 0x00000000a4900000, 0x00000000d5580000)
  object space 599040K, 99% used [0x0000000080000000,0x00000000a4895d80,0x00000000a4900000)
 Metaspace       used 108202K, committed 110272K, reserved 1179648K
  class space    used 10270K, committed 11200K, reserved 1048576K
}
Event: 117547.519 GC heap after
{Heap after GC invocations=57988 (full 71):
 PSYoungGen      total 6656K, used 256K [0x00000000d5580000, 0x00000000d6080000, 0x0000000100000000)
  eden space 6144K, 0% used [0x00000000d5580000,0x00000000d5580000,0x00000000d5b80000)
  from space 512K, 50% used [0x00000000d5c00000,0x00000000d5c40000,0x00000000d5c80000)
  to   space 2048K, 0% used [0x00000000d5e80000,0x00000000d5e80000,0x00000000d6080000)
 ParOldGen       total 602112K, used 601881K [0x0000000080000000, 0x00000000a4c00000, 0x00000000d5580000)
  object space 602112K, 99% used [0x0000000080000000,0x00000000a4bc6520,0x00000000a4c00000)
 Metaspace       used 108202K, committed 110272K, reserved 1179648K
  class space    used 10270K, committed 11200K, reserved 1048576K
}
Event: 117547.529 GC heap before
{Heap before GC invocations=57989 (full 71):
 PSYoungGen      total 6656K, used 6400K [0x00000000d5580000, 0x00000000d6080000, 0x0000000100000000)
  eden space 6144K, 100% used [0x00000000d5580000,0x00000000d5b80000,0x00000000d5b80000)
  from space 512K, 50% used [0x00000000d5c00000,0x00000000d5c40000,0x00000000d5c80000)
  to   space 2048K, 0% used [0x00000000d5e80000,0x00000000d5e80000,0x00000000d6080000)
 ParOldGen       total 602112K, used 601881K [0x0000000080000000, 0x00000000a4c00000, 0x00000000d5580000)
  object space 602112K, 99% used [0x0000000080000000,0x00000000a4bc6520,0x00000000a4c00000)
 Metaspace       used 108202K, committed 110272K, reserved 1179648K
  class space    used 10270K, committed 11200K, reserved 1048576K
}
Event: 117547.532 GC heap after
{Heap after GC invocations=57989 (full 71):
 PSYoungGen      total 8704K, used 672K [0x00000000d5580000, 0x00000000d5f80000, 0x0000000100000000)
  eden space 7680K, 0% used [0x00000000d5580000,0x00000000d5580000,0x00000000d5d00000)
  from space 1024K, 65% used [0x00000000d5e80000,0x00000000d5f28000,0x00000000d5f80000)
  to   space 1024K, 0% used [0x00000000d5d80000,0x00000000d5d80000,0x00000000d5e80000)
 ParOldGen       total 602112K, used 601921K [0x0000000080000000, 0x00000000a4c00000, 0x00000000d5580000)
  object space 602112K, 99% used [0x0000000080000000,0x00000000a4bd0520,0x00000000a4c00000)
 Metaspace       used 108202K, committed 110272K, reserved 1179648K
  class space    used 10270K, committed 11200K, reserved 1048576K
}
Event: 117547.549 GC heap before
{Heap before GC invocations=57990 (full 71):
 PSYoungGen      total 8704K, used 8352K [0x00000000d5580000, 0x00000000d5f80000, 0x0000000100000000)
  eden space 7680K, 100% used [0x00000000d5580000,0x00000000d5d00000,0x00000000d5d00000)
  from space 1024K, 65% used [0x00000000d5e80000,0x00000000d5f28000,0x00000000d5f80000)
  to   space 1024K, 0% used [0x00000000d5d80000,0x00000000d5d80000,0x00000000d5e80000)
 ParOldGen       total 602112K, used 601921K [0x0000000080000000, 0x00000000a4c00000, 0x00000000d5580000)
  object space 602112K, 99% used [0x0000000080000000,0x00000000a4bd0520,0x00000000a4c00000)
 Metaspace       used 108203K, committed 110272K, reserved 1179648K
  class space    used 10270K, committed 11200K, reserved 1048576K
}
Event: 117547.552 GC heap after
{Heap after GC invocations=57990 (full 71):
 PSYoungGen      total 9216K, used 1018K [0x00000000d5580000, 0x00000000d6280000, 0x0000000100000000)
  eden space 8192K, 0% used [0x00000000d5580000,0x00000000d5580000,0x00000000d5d80000)
  from space 1024K, 99% used [0x00000000d5d80000,0x00000000d5e7e900,0x00000000d5e80000)
  to   space 2048K, 0% used [0x00000000d6080000,0x00000000d6080000,0x00000000d6280000)
 ParOldGen       total 602624K, used 602489K [0x0000000080000000, 0x00000000a4c80000, 0x00000000d5580000)
  object space 602624K, 99% used [0x0000000080000000,0x00000000a4c5e540,0x00000000a4c80000)
 Metaspace       used 108203K, committed 110272K, reserved 1179648K
  class space    used 10270K, committed 11200K, reserved 1048576K
}

Dll operation events (12 events):
Event: 0.046 Loaded shared library c:\Users\dashc\.vscode\extensions\redhat.java-1.55.0-win32-x64\jre\21.0.11-win32-x86_64\bin\java.dll
Event: 0.169 Loaded shared library c:\Users\dashc\.vscode\extensions\redhat.java-1.55.0-win32-x64\jre\21.0.11-win32-x86_64\bin\zip.dll
Event: 0.199 Loaded shared library C:\Users\dashc\.vscode\extensions\redhat.java-1.55.0-win32-x64\jre\21.0.11-win32-x86_64\bin\instrument.dll
Event: 0.271 Loaded shared library C:\Users\dashc\.vscode\extensions\redhat.java-1.55.0-win32-x64\jre\21.0.11-win32-x86_64\bin\net.dll
Event: 0.360 Loaded shared library C:\Users\dashc\.vscode\extensions\redhat.java-1.55.0-win32-x64\jre\21.0.11-win32-x86_64\bin\nio.dll
Event: 0.366 Loaded shared library C:\Users\dashc\.vscode\extensions\redhat.java-1.55.0-win32-x64\jre\21.0.11-win32-x86_64\bin\zip.dll
Event: 0.394 Loaded shared library C:\Users\dashc\.vscode\extensions\redhat.java-1.55.0-win32-x64\jre\21.0.11-win32-x86_64\bin\jimage.dll
Event: 0.535 Loaded shared library c:\Users\dashc\.vscode\extensions\redhat.java-1.55.0-win32-x64\jre\21.0.11-win32-x86_64\bin\verify.dll
Event: 13.948 Loaded shared library C:\Users\dashc\AppData\Roaming\Code\User\globalStorage\redhat.java\1.55.0\config_win\org.eclipse.equinox.launcher\org.eclipse.equinox.launcher.win32.win32.x86_64_1.3.100.v20260613-0559\eclipse_11924.dll
Event: 33.559 Loaded shared library C:\Users\dashc\AppData\Local\Temp\jna-95355665\jna2738497035287590245.dll
Event: 35.296 Loaded shared library C:\Users\dashc\.vscode\extensions\redhat.java-1.55.0-win32-x64\jre\21.0.11-win32-x86_64\bin\sunmscapi.dll
Event: 35.719 Loaded shared library C:\Users\dashc\.vscode\extensions\redhat.java-1.55.0-win32-x64\jre\21.0.11-win32-x86_64\bin\extnet.dll

Deoptimization events (20 events):
Event: 117501.770 Thread 0x000001e11cfbae20 Uncommon trap: trap_request=0xffffffde fr.pc=0x000001e0c7b7a148 relative=0x00000000000009a8
Event: 117501.770 Thread 0x000001e11cfbae20 Uncommon trap: reason=class_check action=maybe_recompile pc=0x000001e0c7b7a148 method=org.eclipse.jdt.internal.core.BinaryMethod.equals(Ljava/lang/Object;)Z @ 1 c2
Event: 117501.770 Thread 0x000001e11cfbae20 DEOPT PACKING pc=0x000001e0c7b7a148 sp=0x00000080c61fd910
Event: 117501.770 Thread 0x000001e11cfbae20 DEOPT UNPACKING pc=0x000001e0c64e3aa2 sp=0x00000080c61fd8c8 mode 2
Event: 117540.692 Thread 0x000001e1286a1e90 Uncommon trap: trap_request=0xffffffde fr.pc=0x000001e0c98c9ab4 relative=0x00000000000007f4
Event: 117540.692 Thread 0x000001e1286a1e90 Uncommon trap: reason=class_check action=maybe_recompile pc=0x000001e0c98c9ab4 method=org.eclipse.jdt.internal.compiler.ClassFile.generateMethodInfoHeader(Lorg/eclipse/jdt/internal/compiler/lookup/MethodBinding;I)V @ 162 c2
Event: 117540.692 Thread 0x000001e1286a1e90 DEOPT PACKING pc=0x000001e0c98c9ab4 sp=0x00000080c38fe8f0
Event: 117540.693 Thread 0x000001e1286a1e90 DEOPT UNPACKING pc=0x000001e0c64e3aa2 sp=0x00000080c38fe888 mode 2
Event: 117541.116 Thread 0x000001e1286a59a0 Uncommon trap: trap_request=0xffffffde fr.pc=0x000001e0c98c9ab4 relative=0x00000000000007f4
Event: 117541.116 Thread 0x000001e1286a59a0 Uncommon trap: reason=class_check action=maybe_recompile pc=0x000001e0c98c9ab4 method=org.eclipse.jdt.internal.compiler.ClassFile.generateMethodInfoHeader(Lorg/eclipse/jdt/internal/compiler/lookup/MethodBinding;I)V @ 162 c2
Event: 117541.116 Thread 0x000001e1286a59a0 DEOPT PACKING pc=0x000001e0c98c9ab4 sp=0x00000080c53fe8d0
Event: 117541.116 Thread 0x000001e1286a59a0 DEOPT UNPACKING pc=0x000001e0c64e3aa2 sp=0x00000080c53fe868 mode 2
Event: 117541.140 Thread 0x000001e1286a59a0 Uncommon trap: trap_request=0xffffffde fr.pc=0x000001e0c98c9ab4 relative=0x00000000000007f4
Event: 117541.140 Thread 0x000001e1286a59a0 Uncommon trap: reason=class_check action=maybe_recompile pc=0x000001e0c98c9ab4 method=org.eclipse.jdt.internal.compiler.ClassFile.generateMethodInfoHeader(Lorg/eclipse/jdt/internal/compiler/lookup/MethodBinding;I)V @ 162 c2
Event: 117541.140 Thread 0x000001e1286a59a0 DEOPT PACKING pc=0x000001e0c98c9ab4 sp=0x00000080c53fe8d0
Event: 117541.140 Thread 0x000001e1286a59a0 DEOPT UNPACKING pc=0x000001e0c64e3aa2 sp=0x00000080c53fe868 mode 2
Event: 117541.803 Thread 0x000001e1286a1e90 Uncommon trap: trap_request=0xffffffde fr.pc=0x000001e0c98c9ab4 relative=0x00000000000007f4
Event: 117541.803 Thread 0x000001e1286a1e90 Uncommon trap: reason=class_check action=maybe_recompile pc=0x000001e0c98c9ab4 method=org.eclipse.jdt.internal.compiler.ClassFile.generateMethodInfoHeader(Lorg/eclipse/jdt/internal/compiler/lookup/MethodBinding;I)V @ 162 c2
Event: 117541.803 Thread 0x000001e1286a1e90 DEOPT PACKING pc=0x000001e0c98c9ab4 sp=0x00000080c38fe8f0
Event: 117541.804 Thread 0x000001e1286a1e90 DEOPT UNPACKING pc=0x000001e0c64e3aa2 sp=0x00000080c38fe888 mode 2

Classes loaded (20 events):
Event: 117493.486 Loading class jdk/internal/module/IllegalAccessLogger
Event: 117493.486 Loading class jdk/internal/module/IllegalAccessLogger done
Event: 117496.843 Loading class jdk/internal/module/IllegalAccessLogger
Event: 117496.843 Loading class jdk/internal/module/IllegalAccessLogger done
Event: 117499.867 Loading class jdk/internal/module/IllegalAccessLogger
Event: 117499.867 Loading class jdk/internal/module/IllegalAccessLogger done
Event: 117502.537 Loading class jdk/internal/module/IllegalAccessLogger
Event: 117502.537 Loading class jdk/internal/module/IllegalAccessLogger done
Event: 117506.903 Loading class jdk/internal/module/IllegalAccessLogger
Event: 117506.903 Loading class jdk/internal/module/IllegalAccessLogger done
Event: 117512.633 Loading class jdk/internal/module/IllegalAccessLogger
Event: 117512.633 Loading class jdk/internal/module/IllegalAccessLogger done
Event: 117536.199 Loading class jdk/internal/module/IllegalAccessLogger
Event: 117536.199 Loading class jdk/internal/module/IllegalAccessLogger done
Event: 117537.847 Loading class jdk/internal/module/IllegalAccessLogger
Event: 117537.847 Loading class jdk/internal/module/IllegalAccessLogger done
Event: 117541.820 Loading class jdk/internal/module/IllegalAccessLogger
Event: 117541.820 Loading class jdk/internal/module/IllegalAccessLogger done
Event: 117542.968 Loading class jdk/internal/module/IllegalAccessLogger
Event: 117542.968 Loading class jdk/internal/module/IllegalAccessLogger done

Classes unloaded (20 events):
Event: 117442.644 Thread 0x000001e0bbe00a30 Unloading class 0x000001e0d4aa4800 'jdk/internal/reflect/GeneratedSerializationConstructorAccessor76'
Event: 117442.645 Thread 0x000001e0bbe00a30 Unloading class 0x000001e0d4aa5400 'jdk/internal/reflect/GeneratedSerializationConstructorAccessor75'
Event: 117442.645 Thread 0x000001e0bbe00a30 Unloading class 0x000001e0d4a3dc00 'jdk/internal/reflect/GeneratedSerializationConstructorAccessor74'
Event: 117442.646 Thread 0x000001e0bbe00a30 Unloading class 0x000001e0d4a06000 'jdk/internal/reflect/GeneratedSerializationConstructorAccessor73'
Event: 117442.648 Thread 0x000001e0bbe00a30 Unloading class 0x000001e0d4a6f400 'java/lang/invoke/LambdaForm$MH+0x000001e0d4a6f400'
Event: 117442.648 Thread 0x000001e0bbe00a30 Unloading class 0x000001e0d4a6e800 'java/lang/invoke/LambdaForm$MH+0x000001e0d4a6e800'
Event: 117442.649 Thread 0x000001e0bbe00a30 Unloading class 0x000001e0d4006000 'jdk/internal/reflect/GeneratedSerializationConstructorAccessor72'
Event: 117442.649 Thread 0x000001e0bbe00a30 Unloading class 0x000001e0d4935000 'jdk/internal/reflect/GeneratedSerializationConstructorAccessor71'
Event: 117442.649 Thread 0x000001e0bbe00a30 Unloading class 0x000001e0d42aa000 'jdk/internal/reflect/GeneratedSerializationConstructorAccessor70'
Event: 117442.649 Thread 0x000001e0bbe00a30 Unloading class 0x000001e0d42a9400 'jdk/internal/reflect/GeneratedSerializationConstructorAccessor69'
Event: 117442.649 Thread 0x000001e0bbe00a30 Unloading class 0x000001e0d42a6000 'jdk/internal/reflect/GeneratedSerializationConstructorAccessor68'
Event: 117442.649 Thread 0x000001e0bbe00a30 Unloading class 0x000001e0d42a5c00 'jdk/internal/reflect/GeneratedSerializationConstructorAccessor67'
Event: 117442.650 Thread 0x000001e0bbe00a30 Unloading class 0x000001e0d42a2400 'jdk/internal/reflect/GeneratedSerializationConstructorAccessor66'
Event: 117442.650 Thread 0x000001e0bbe00a30 Unloading class 0x000001e0d42a0800 'jdk/internal/reflect/GeneratedSerializationConstructorAccessor65'
Event: 117442.650 Thread 0x000001e0bbe00a30 Unloading class 0x000001e0d429f800 'jdk/internal/reflect/GeneratedSerializationConstructorAccessor64'
Event: 117442.650 Thread 0x000001e0bbe00a30 Unloading class 0x000001e0d429f400 'java/lang/invoke/LambdaForm$MH+0x000001e0d429f400'
Event: 117442.650 Thread 0x000001e0bbe00a30 Unloading class 0x000001e0d4294800 'java/lang/invoke/LambdaForm$MH+0x000001e0d4294800'
Event: 117442.650 Thread 0x000001e0bbe00a30 Unloading class 0x000001e0d4294000 'jdk/internal/reflect/GeneratedSerializationConstructorAccessor63'
Event: 117442.650 Thread 0x000001e0bbe00a30 Unloading class 0x000001e0d41a6400 'jdk/internal/reflect/GeneratedSerializationConstructorAccessor62'
Event: 117442.650 Thread 0x000001e0bbe00a30 Unloading class 0x000001e0d4290400 'jdk/internal/reflect/GeneratedSerializationConstructorAccessor61'

Classes redefined (0 events):
No events

Internal exceptions (20 events):
Event: 117496.739 Thread 0x000001e11ae19da0 Exception <a 'sun/nio/fs/WindowsException'{0x00000000d5b80a48}> (0x00000000d5b80a48) 
thrown [s\src\hotspot\share\prims\jni.cpp, line 520]
Event: 117496.751 Thread 0x000001e11ae19da0 Exception <a 'sun/nio/fs/WindowsException'{0x00000000d5b99580}> (0x00000000d5b99580) 
thrown [s\src\hotspot\share\prims\jni.cpp, line 520]
Event: 117499.736 Thread 0x000001e11ae19da0 Exception <a 'sun/nio/fs/WindowsException'{0x00000000d596a328}> (0x00000000d596a328) 
thrown [s\src\hotspot\share\prims\jni.cpp, line 520]
Event: 117499.761 Thread 0x000001e11ae19da0 Exception <a 'sun/nio/fs/WindowsException'{0x00000000d597cba8}> (0x00000000d597cba8) 
thrown [s\src\hotspot\share\prims\jni.cpp, line 520]
Event: 117502.404 Thread 0x000001e11ae19da0 Exception <a 'sun/nio/fs/WindowsException'{0x00000000d595ddb0}> (0x00000000d595ddb0) 
thrown [s\src\hotspot\share\prims\jni.cpp, line 520]
Event: 117502.426 Thread 0x000001e11ae19da0 Exception <a 'sun/nio/fs/WindowsException'{0x00000000d5970c08}> (0x00000000d5970c08) 
thrown [s\src\hotspot\share\prims\jni.cpp, line 520]
Event: 117506.786 Thread 0x000001e11ae19da0 Exception <a 'sun/nio/fs/WindowsException'{0x00000000d5e2aa90}> (0x00000000d5e2aa90) 
thrown [s\src\hotspot\share\prims\jni.cpp, line 520]
Event: 117506.794 Thread 0x000001e11ae19da0 Exception <a 'sun/nio/fs/WindowsException'{0x00000000d5e3d330}> (0x00000000d5e3d330) 
thrown [s\src\hotspot\share\prims\jni.cpp, line 520]
Event: 117511.439 Thread 0x000001e11ae19da0 Exception <a 'sun/nio/fs/WindowsException'{0x00000000d597bc90}> (0x00000000d597bc90) 
thrown [s\src\hotspot\share\prims\jni.cpp, line 520]
Event: 117511.463 Thread 0x000001e11ae19da0 Exception <a 'sun/nio/fs/WindowsException'{0x00000000d598e510}> (0x00000000d598e510) 
thrown [s\src\hotspot\share\prims\jni.cpp, line 520]
Event: 117536.089 Thread 0x000001e11ae19da0 Exception <a 'sun/nio/fs/WindowsException'{0x00000000d5ba5630}> (0x00000000d5ba5630) 
thrown [s\src\hotspot\share\prims\jni.cpp, line 520]
Event: 117536.096 Thread 0x000001e11ae19da0 Exception <a 'sun/nio/fs/WindowsException'{0x00000000d5bb7ca8}> (0x00000000d5bb7ca8) 
thrown [s\src\hotspot\share\prims\jni.cpp, line 520]
Event: 117541.692 Thread 0x000001e11ae19da0 Exception <a 'sun/nio/fs/WindowsException'{0x00000000d55c9ec8}> (0x00000000d55c9ec8) 
thrown [s\src\hotspot\share\prims\jni.cpp, line 520]
Event: 117541.700 Thread 0x000001e11ae19da0 Exception <a 'sun/nio/fs/WindowsException'{0x00000000d55fa3e8}> (0x00000000d55fa3e8) 
thrown [s\src\hotspot\share\prims\jni.cpp, line 520]
Event: 117691.263 Thread 0x000001e11af06100 Exception <a 'sun/nio/fs/WindowsException'{0x00000000d56d1f88}> (0x00000000d56d1f88) 
thrown [s\src\hotspot\share\prims\jni.cpp, line 520]
Event: 117691.266 Thread 0x000001e11af06100 Exception <a 'sun/nio/fs/WindowsException'{0x00000000d56d2870}> (0x00000000d56d2870) 
thrown [s\src\hotspot\share\prims\jni.cpp, line 520]
Event: 117691.525 Thread 0x000001e11af06100 Exception <a 'java/lang/NoSuchMethodError'{0x00000000d5874348}: static Lorg/eclipse/m2e/core/internal/lifecyclemapping/model/PluginExecutionMetadata;.<clinit>()V> (0x00000000d5874348) 
thrown [s\src\hotspot\share\prims\jni.cpp, line 1111]
Event: 117691.568 Thread 0x000001e11af06100 Exception <a 'java/lang/NoSuchMethodError'{0x00000000d5896db0}: static Lorg/eclipse/m2e/core/internal/lifecyclemapping/model/PluginExecutionFilter;.<clinit>()V> (0x00000000d5896db0) 
thrown [s\src\hotspot\share\prims\jni.cpp, line 1111]
Event: 117691.572 Thread 0x000001e11af06100 Exception <a 'java/lang/NoSuchMethodError'{0x00000000d58ace20}: static Lorg/eclipse/m2e/core/internal/project/registry/MavenProjectFacade$MavenProjectConfiguration;.<clinit>()V> (0x00000000d58ace20) 
thrown [s\src\hotspot\share\prims\jni.cpp, line 1111]
Event: 117691.578 Thread 0x000001e11af06100 Exception <a 'java/lang/NoSuchMethodError'{0x00000000d58c8a38}: static [J.<clinit>()V> (0x00000000d58c8a38) 
thrown [s\src\hotspot\share\prims\jni.cpp, line 1111]

ZGC Phase Switch (0 events):
No events

VM Operations (20 events):
Event: 122103.508 Executing non-safepoint VM operation: HandshakeAllThreads (HandshakeForDeflation)
Event: 122103.509 Executing non-safepoint VM operation: HandshakeAllThreads (HandshakeForDeflation) done
Event: 122103.509 Executing non-safepoint VM operation: RendezvousGCThreads
Event: 122103.509 Executing non-safepoint VM operation: RendezvousGCThreads done
Event: 123005.583 Executing non-safepoint VM operation: HandshakeAllThreads (HandshakeForDeflation)
Event: 123005.584 Executing non-safepoint VM operation: HandshakeAllThreads (HandshakeForDeflation) done
Event: 123005.585 Executing non-safepoint VM operation: RendezvousGCThreads
Event: 123005.585 Executing non-safepoint VM operation: RendezvousGCThreads done
Event: 123065.671 Executing non-safepoint VM operation: HandshakeAllThreads (HandshakeForDeflation)
Event: 123065.671 Executing non-safepoint VM operation: HandshakeAllThreads (HandshakeForDeflation) done
Event: 123065.671 Executing non-safepoint VM operation: RendezvousGCThreads
Event: 123065.671 Executing non-safepoint VM operation: RendezvousGCThreads done
Event: 125323.838 Executing non-safepoint VM operation: HandshakeAllThreads (HandshakeForDeflation)
Event: 125323.838 Executing non-safepoint VM operation: HandshakeAllThreads (HandshakeForDeflation) done
Event: 125323.838 Executing non-safepoint VM operation: RendezvousGCThreads
Event: 125323.838 Executing non-safepoint VM operation: RendezvousGCThreads done
Event: 125564.511 Executing non-safepoint VM operation: HandshakeAllThreads (HandshakeForDeflation)
Event: 125564.511 Executing non-safepoint VM operation: HandshakeAllThreads (HandshakeForDeflation) done
Event: 125564.511 Executing non-safepoint VM operation: RendezvousGCThreads
Event: 125564.511 Executing non-safepoint VM operation: RendezvousGCThreads done

Memory protections (0 events):
No events

Nmethod flushes (20 events):
Event: 117512.405 Thread 0x000001e0bbe00a30 flushing  nmethod 0x000001e0c1e42a10
Event: 117512.405 Thread 0x000001e0bbe00a30 flushing  nmethod 0x000001e0c1e4a790
Event: 117512.405 Thread 0x000001e0bbe00a30 flushing  nmethod 0x000001e0c1e81e90
Event: 117512.406 Thread 0x000001e0bbe00a30 flushing  nmethod 0x000001e0c1ea0c90
Event: 117512.406 Thread 0x000001e0bbe00a30 flushing  nmethod 0x000001e0c1ea1290
Event: 117512.406 Thread 0x000001e0bbe00a30 flushing  nmethod 0x000001e0c1eb3890
Event: 117512.406 Thread 0x000001e0bbe00a30 flushing  nmethod 0x000001e0c1eb3e10
Event: 117512.406 Thread 0x000001e0bbe00a30 flushing  nmethod 0x000001e0c1eb4910
Event: 117512.406 Thread 0x000001e0bbe00a30 flushing  nmethod 0x000001e0c1ef5090
Event: 117512.406 Thread 0x000001e0bbe00a30 flushing  nmethod 0x000001e0c1ef5e90
Event: 117512.406 Thread 0x000001e0bbe00a30 flushing  nmethod 0x000001e0c1efa110
Event: 117512.406 Thread 0x000001e0bbe00a30 flushing  nmethod 0x000001e0c1efb690
Event: 117512.406 Thread 0x000001e0bbe00a30 flushing  nmethod 0x000001e0c1efc190
Event: 117512.406 Thread 0x000001e0bbe00a30 flushing  nmethod 0x000001e0c1f05a90
Event: 117512.406 Thread 0x000001e0bbe00a30 flushing  nmethod 0x000001e0c1f11510
Event: 117512.406 Thread 0x000001e0bbe00a30 flushing  nmethod 0x000001e0c1f12b90
Event: 117512.406 Thread 0x000001e0bbe00a30 flushing  nmethod 0x000001e0c1f13210
Event: 117512.406 Thread 0x000001e0bbe00a30 flushing  nmethod 0x000001e0c1f30e90
Event: 117512.406 Thread 0x000001e0bbe00a30 flushing  nmethod 0x000001e0c1f6be10
Event: 117512.406 Thread 0x000001e0bbe00a30 flushing  nmethod 0x000001e0c1fa6d90

Events (20 events):
Event: 117847.466 Thread 0x000001e11a1d2cf0 Thread exited: 0x000001e11a1d2cf0
Event: 117847.662 Thread 0x000001e1286a1e90 Thread exited: 0x000001e1286a1e90
Event: 117907.681 Thread 0x000001e11af01f60 Thread exited: 0x000001e11af01f60
Event: 117967.683 Thread 0x000001e11cfbc860 Thread exited: 0x000001e11cfbc860
Event: 118027.698 Thread 0x000001e11af06e20 Thread exited: 0x000001e11af06e20
Event: 118087.703 Thread 0x000001e1286a1800 Thread exited: 0x000001e1286a1800
Event: 118147.470 Thread 0x000001e11a1d8240 Thread exited: 0x000001e11a1d8240
Event: 118147.717 Thread 0x000001e11af02c80 Thread exited: 0x000001e11af02c80
Event: 118207.720 Thread 0x000001e1286a0450 Thread exited: 0x000001e1286a0450
Event: 118447.481 Thread 0x000001e11a1d6e90 Thread exited: 0x000001e11a1d6e90
Event: 118747.484 Thread 0x000001e11a1d7bb0 Thread exited: 0x000001e11a1d7bb0
Event: 119047.494 Thread 0x000001e12869f0a0 Thread exited: 0x000001e12869f0a0
Event: 119347.498 Thread 0x000001e12869f730 Thread exited: 0x000001e12869f730
Event: 120232.185 Thread 0x000001e11a1d6170 Thread exited: 0x000001e11a1d6170
Event: 120532.197 Thread 0x000001e1286a1170 Thread exited: 0x000001e1286a1170
Event: 120832.214 Thread 0x000001e11a1d88d0 Thread exited: 0x000001e11a1d88d0
Event: 121132.222 Thread 0x000001e1286a0ae0 Thread exited: 0x000001e1286a0ae0
Event: 121139.362 Thread 0x000001e11af06100 Thread added: 0x000001e11a1d5ae0
Event: 121139.380 Thread 0x000001e1286a59a0 Thread exited: 0x000001e1286a59a0
Event: 121432.229 Thread 0x000001e12869ea10 Thread exited: 0x000001e12869ea10


Dynamic libraries:
0x00007ff6e3b80000 - 0x00007ff6e3b8e000 	c:\Users\dashc\.vscode\extensions\redhat.java-1.55.0-win32-x64\jre\21.0.11-win32-x86_64\bin\java.exe
0x00007ff95f440000 - 0x00007ff95f6a6000 	C:\Windows\SYSTEM32\ntdll.dll
0x00007ff95de50000 - 0x00007ff95df19000 	C:\Windows\System32\KERNEL32.DLL
0x00007ff95c660000 - 0x00007ff95ca5e000 	C:\Windows\System32\KERNELBASE.dll
0x00007ff95cf60000 - 0x00007ff95d0ac000 	C:\Windows\System32\ucrtbase.dll
0x00007ff916660000 - 0x00007ff91667e000 	c:\Users\dashc\.vscode\extensions\redhat.java-1.55.0-win32-x64\jre\21.0.11-win32-x86_64\bin\VCRUNTIME140.dll
0x00007ff915cd0000 - 0x00007ff915ce8000 	c:\Users\dashc\.vscode\extensions\redhat.java-1.55.0-win32-x64\jre\21.0.11-win32-x86_64\bin\jli.dll
0x00007ff95df20000 - 0x00007ff95e0e7000 	C:\Windows\System32\USER32.dll
0x00007ff95ca70000 - 0x00007ff95ca97000 	C:\Windows\System32\win32u.dll
0x00007ff941510000 - 0x00007ff9417a2000 	C:\Windows\WinSxS\amd64_microsoft.windows.common-controls_6595b64144ccf1df_6.0.26100.8875_none_3e0d5d42e32fe9dd\COMCTL32.dll
0x00007ff95f040000 - 0x00007ff95f06b000 	C:\Windows\System32\GDI32.dll
0x00007ff95d180000 - 0x00007ff95d229000 	C:\Windows\System32\msvcrt.dll
0x00007ff95cb60000 - 0x00007ff95cc8a000 	C:\Windows\System32\gdi32full.dll
0x00007ff95d0c0000 - 0x00007ff95d163000 	C:\Windows\System32\msvcp_win.dll
0x00007ff95d6e0000 - 0x00007ff95d712000 	C:\Windows\System32\IMM32.DLL
0x00007ff9529e0000 - 0x00007ff9529ec000 	c:\Users\dashc\.vscode\extensions\redhat.java-1.55.0-win32-x64\jre\21.0.11-win32-x86_64\bin\vcruntime140_1.dll
0x00007ff8c1300000 - 0x00007ff8c138d000 	c:\Users\dashc\.vscode\extensions\redhat.java-1.55.0-win32-x64\jre\21.0.11-win32-x86_64\bin\msvcp140.dll
0x00007ff89dcb0000 - 0x00007ff89ea52000 	c:\Users\dashc\.vscode\extensions\redhat.java-1.55.0-win32-x64\jre\21.0.11-win32-x86_64\bin\server\jvm.dll
0x00007ff95d870000 - 0x00007ff95d927000 	C:\Windows\System32\ADVAPI32.dll
0x00007ff95f350000 - 0x00007ff95f3fa000 	C:\Windows\System32\sechost.dll
0x00007ff95d230000 - 0x00007ff95d348000 	C:\Windows\System32\RPCRT4.dll
0x00007ff95d7e0000 - 0x00007ff95d860000 	C:\Windows\System32\WS2_32.dll
0x00007ff95c4e0000 - 0x00007ff95c53e000 	C:\Windows\SYSTEM32\POWRPROF.dll
0x00007ff94cf00000 - 0x00007ff94cf0b000 	C:\Windows\SYSTEM32\VERSION.dll
0x00007ff953720000 - 0x00007ff953756000 	C:\Windows\SYSTEM32\WINMM.dll
0x00007ff95c4c0000 - 0x00007ff95c4d4000 	C:\Windows\SYSTEM32\UMPDC.dll
0x00007ff95b300000 - 0x00007ff95b31b000 	C:\Windows\SYSTEM32\kernel.appcore.dll
0x00007ff9318d0000 - 0x00007ff9318da000 	c:\Users\dashc\.vscode\extensions\redhat.java-1.55.0-win32-x64\jre\21.0.11-win32-x86_64\bin\jimage.dll
0x00007ff959cb0000 - 0x00007ff959ef2000 	C:\Windows\SYSTEM32\DBGHELP.DLL
0x00007ff95e0f0000 - 0x00007ff95e473000 	C:\Windows\System32\combase.dll
0x00007ff95d460000 - 0x00007ff95d539000 	C:\Windows\System32\OLEAUT32.dll
0x00007ff931b60000 - 0x00007ff931b9b000 	C:\Windows\SYSTEM32\dbgcore.DLL
0x00007ff95caa0000 - 0x00007ff95cb4c000 	C:\Windows\System32\bcryptPrimitives.dll
0x00007ff931080000 - 0x00007ff93108f000 	c:\Users\dashc\.vscode\extensions\redhat.java-1.55.0-win32-x64\jre\21.0.11-win32-x86_64\bin\instrument.dll
0x00007ff9146e0000 - 0x00007ff914700000 	c:\Users\dashc\.vscode\extensions\redhat.java-1.55.0-win32-x64\jre\21.0.11-win32-x86_64\bin\java.dll
0x00007ff95e620000 - 0x00007ff95edb2000 	C:\Windows\System32\SHELL32.dll
0x00007ff95a0c0000 - 0x00007ff95a952000 	C:\Windows\SYSTEM32\windows.storage.dll
0x00007ff95ee90000 - 0x00007ff95ef87000 	C:\Windows\System32\SHCORE.dll
0x00007ff95d770000 - 0x00007ff95d7d7000 	C:\Windows\System32\shlwapi.dll
0x00007ff95c580000 - 0x00007ff95c5a9000 	C:\Windows\SYSTEM32\profapi.dll
0x00007ff914140000 - 0x00007ff914158000 	c:\Users\dashc\.vscode\extensions\redhat.java-1.55.0-win32-x64\jre\21.0.11-win32-x86_64\bin\zip.dll
0x00007ff92ff70000 - 0x00007ff92ff80000 	C:\Users\dashc\.vscode\extensions\redhat.java-1.55.0-win32-x64\jre\21.0.11-win32-x86_64\bin\net.dll
0x00007ff953280000 - 0x00007ff9533a7000 	C:\Windows\SYSTEM32\WINHTTP.dll
0x00007ff95b8a0000 - 0x00007ff95b90c000 	C:\Windows\system32\mswsock.dll
0x00007ff913250000 - 0x00007ff913266000 	C:\Users\dashc\.vscode\extensions\redhat.java-1.55.0-win32-x64\jre\21.0.11-win32-x86_64\bin\nio.dll
0x00007ff92fee0000 - 0x00007ff92fef0000 	c:\Users\dashc\.vscode\extensions\redhat.java-1.55.0-win32-x64\jre\21.0.11-win32-x86_64\bin\verify.dll
0x00007ff926380000 - 0x00007ff9263c5000 	C:\Users\dashc\AppData\Roaming\Code\User\globalStorage\redhat.java\1.55.0\config_win\org.eclipse.equinox.launcher\org.eclipse.equinox.launcher.win32.win32.x86_64_1.3.100.v20260613-0559\eclipse_11924.dll
0x00007ff95e480000 - 0x00007ff95e619000 	C:\Windows\System32\ole32.dll
0x00007ff95bb50000 - 0x00007ff95bb6b000 	C:\Windows\SYSTEM32\CRYPTSP.dll
0x00007ff95b260000 - 0x00007ff95b299000 	C:\Windows\system32\rsaenh.dll
0x00007ff95b960000 - 0x00007ff95b992000 	C:\Windows\SYSTEM32\USERENV.dll
0x00007ff95c550000 - 0x00007ff95c57a000 	C:\Windows\SYSTEM32\bcrypt.dll
0x00007ff95bb70000 - 0x00007ff95bb7c000 	C:\Windows\SYSTEM32\CRYPTBASE.dll
0x00007ff95acb0000 - 0x00007ff95ace3000 	C:\Windows\SYSTEM32\IPHLPAPI.DLL
0x00007ff95f010000 - 0x00007ff95f01a000 	C:\Windows\System32\NSI.dll
0x00007ff92d4b0000 - 0x00007ff92d4f9000 	C:\Users\dashc\AppData\Local\Temp\jna-95355665\jna2738497035287590245.dll
0x00007ff95d170000 - 0x00007ff95d178000 	C:\Windows\System32\PSAPI.DLL
0x00007ff9550f0000 - 0x00007ff95510d000 	C:\Windows\SYSTEM32\dhcpcsvc6.DLL
0x00007ff9550a0000 - 0x00007ff9550c5000 	C:\Windows\SYSTEM32\dhcpcsvc.DLL
0x00007ff958a30000 - 0x00007ff958a3e000 	C:\Users\dashc\.vscode\extensions\redhat.java-1.55.0-win32-x64\jre\21.0.11-win32-x86_64\bin\sunmscapi.dll
0x00007ff95cde0000 - 0x00007ff95cf58000 	C:\Windows\System32\CRYPT32.dll
0x00007ff95be30000 - 0x00007ff95be60000 	C:\Windows\SYSTEM32\ncrypt.dll
0x00007ff95bde0000 - 0x00007ff95be1f000 	C:\Windows\SYSTEM32\NTASN1.dll
0x00007ff95ada0000 - 0x00007ff95aef6000 	C:\Windows\SYSTEM32\DNSAPI.dll
0x00007ff95b670000 - 0x00007ff95b67d000 	C:\Windows\SYSTEM32\DSPARSE.dll
0x00007ff953520000 - 0x00007ff95352b000 	C:\Windows\System32\rasadhlp.dll
0x00007ff956100000 - 0x00007ff956186000 	C:\Windows\System32\fwpuclnt.dll
0x00007ff955c00000 - 0x00007ff955c09000 	C:\Users\dashc\.vscode\extensions\redhat.java-1.55.0-win32-x64\jre\21.0.11-win32-x86_64\bin\extnet.dll
0x00007ff93a5d0000 - 0x00007ff93a5d8000 	C:\Windows\system32\wshunix.dll

JVMTI agents:
c:\Users\dashc\.vscode\extensions\redhat.java-1.55.0-win32-x64\lombok\lombok-1.18.39-4050.jar path:c:\Users\dashc\.vscode\extensions\redhat.java-1.55.0-win32-x64\jre\21.0.11-win32-x86_64\bin\instrument.dll, loaded, initialized, instrumentlib options:none

dbghelp: loaded successfully - version: 4.0.5 - missing functions: none
symbol engine: initialized successfully - sym options: 0x614 - pdb path: .;c:\Users\dashc\.vscode\extensions\redhat.java-1.55.0-win32-x64\jre\21.0.11-win32-x86_64\bin;C:\Windows\SYSTEM32;C:\Windows\WinSxS\amd64_microsoft.windows.common-controls_6595b64144ccf1df_6.0.26100.8875_none_3e0d5d42e32fe9dd;c:\Users\dashc\.vscode\extensions\redhat.java-1.55.0-win32-x64\jre\21.0.11-win32-x86_64\bin\server;C:\Users\dashc\AppData\Roaming\Code\User\globalStorage\redhat.java\1.55.0\config_win\org.eclipse.equinox.launcher\org.eclipse.equinox.launcher.win32.win32.x86_64_1.3.100.v20260613-0559;C:\Users\dashc\AppData\Local\Temp\jna-95355665

VM Arguments:
jvm_args: --add-modules=ALL-SYSTEM --add-opens=java.base/java.util=ALL-UNNAMED --add-opens=java.base/java.lang=ALL-UNNAMED --add-opens=java.base/sun.nio.fs=ALL-UNNAMED -Declipse.application=org.eclipse.jdt.ls.core.id1 -Dosgi.bundles.defaultStartLevel=4 -Declipse.product=org.eclipse.jdt.ls.core.product -Djava.import.generatesMetadataFilesAtProjectRoot=false -DDetectVMInstallationsJob.disabled=true -Dfile.encoding=utf8 -XX:+UseParallelGC -XX:GCTimeRatio=4 -XX:AdaptiveSizePolicyWeight=90 -Dsun.zip.disableMemoryMapping=true -Xmx2G -Xms100m -Xlog:disable -javaagent:c:\Users\dashc\.vscode\extensions\redhat.java-1.55.0-win32-x64\lombok\lombok-1.18.39-4050.jar -XX:+HeapDumpOnOutOfMemoryError -XX:HeapDumpPath=c:\Users\dashc\AppData\Roaming\Code\User\workspaceStorage\95a45cb68db98c7fa5ef555b2df23817\redhat.java -Daether.dependencyCollector.impl=bf 
java_command: c:\Users\dashc\.vscode\extensions\redhat.java-1.55.0-win32-x64\server\plugins\org.eclipse.equinox.launcher_1.7.200.v20260619-2039.jar -configuration c:\Users\dashc\AppData\Roaming\Code\User\globalStorage\redhat.java\1.55.0\config_win -data c:\Users\dashc\AppData\Roaming\Code\User\workspaceStorage\95a45cb68db98c7fa5ef555b2df23817\redhat.java\jdt_ws --pipe=\\.\pipe\lsp-5344b0187e925208ee54016542d366af-sock
java_class_path (initial): c:\Users\dashc\.vscode\extensions\redhat.java-1.55.0-win32-x64\server\plugins\org.eclipse.equinox.launcher_1.7.200.v20260619-2039.jar
Launcher Type: SUN_STANDARD

[Global flags]
    uintx AdaptiveSizePolicyWeight                 = 90                                        {product} {command line}
     intx CICompilerCount                          = 4                                         {product} {ergonomic}
    uintx GCTimeRatio                              = 4                                         {product} {command line}
     bool HeapDumpOnOutOfMemoryError               = true                                   {manageable} {command line}
    ccstr HeapDumpPath                             = c:\Users\dashc\AppData\Roaming\Code\User\workspaceStorage\95a45cb68db98c7fa5ef555b2df23817\redhat.java         {manageable} {command line}
   size_t InitialHeapSize                          = 104857600                                 {product} {command line}
   size_t MaxHeapSize                              = 2147483648                                {product} {command line}
   size_t MaxNewSize                               = 715653120                                 {product} {ergonomic}
   size_t MinHeapDeltaBytes                        = 524288                                    {product} {ergonomic}
   size_t MinHeapSize                              = 104857600                                 {product} {command line}
   size_t NewSize                                  = 34603008                                  {product} {ergonomic}
    uintx NonNMethodCodeHeapSize                   = 5839372                                {pd product} {ergonomic}
    uintx NonProfiledCodeHeapSize                  = 122909434                              {pd product} {ergonomic}
   size_t OldSize                                  = 70254592                                  {product} {ergonomic}
    uintx ProfiledCodeHeapSize                     = 122909434                              {pd product} {ergonomic}
    uintx ReservedCodeCacheSize                    = 251658240                              {pd product} {ergonomic}
     bool SegmentedCodeCache                       = true                                      {product} {ergonomic}
   size_t SoftMaxHeapSize                          = 2147483648                             {manageable} {ergonomic}
     bool UseCompressedOops                        = true                           {product lp64_product} {ergonomic}
     bool UseLargePagesIndividualAllocation        = false                                  {pd product} {ergonomic}
     bool UseParallelGC                            = true                                      {product} {command line}

Logging:
Log output configuration:
 #0: stdout all=off uptime,level,tags foldmultilines=false
 #1: stderr all=off uptime,level,tags foldmultilines=false

Release file:
JAVA_VERSION="21.0.11" 
MODULES="java.base java.compiler java.datatransfer java.xml java.prefs java.desktop java.instrument java.logging java.management java.security.sasl java.naming java.rmi java.management.rmi java.net.http java.scripting java.security.jgss java.transaction.xa java.sql java.sql.rowset java.xml.crypto java.se java.smartcardio jdk.accessibility jdk.internal.jvmstat jdk.attach jdk.charsets jdk.internal.opt jdk.zipfs jdk.compiler jdk.crypto.ec jdk.crypto.cryptoki jdk.crypto.mscapi jdk.dynalink jdk.internal.ed jdk.editpad jdk.hotspot.agent jdk.httpserver jdk.internal.le jdk.internal.vm.ci jdk.internal.vm.compiler jdk.internal.vm.compiler.management jdk.jartool jdk.javadoc jdk.jcmd jdk.management jdk.management.agent jdk.jconsole jdk.jdeps jdk.jdwp.agent jdk.jdi jdk.jfr jdk.jshell jdk.jsobject jdk.jstatd jdk.localedata jdk.management.jfr jdk.naming.dns jdk.naming.rmi jdk.net jdk.nio.mapmode jdk.random jdk.sctp jdk.security.auth jdk.security.jgss jdk.unsupported jdk.unsupported.desktop jdk.xml.dom" 

Environment Variables:
JAVA_HOME=C:\Program Files\Eclipse Adoptium\jdk-17.0.18.8-hotspot
PATH=C:\Program Files\Eclipse Adoptium\jdk-17.0.18.8-hotspot\bin;C:\Program Files (x86)\Common Files\Oracle\Java\java8path;C:\Program Files (x86)\Common Files\Oracle\Java\javapath;C:\Windows\system32;C:\Windows;C:\Windows\System32\Wbem;C:\Windows\System32\WindowsPowerShell\v1.0\;C:\Windows\System32\OpenSSH\;C:\Program Files\nodejs\;C:\Program Files\Git\cmd;C:\Program Files\Docker\Docker\resources\bin;C:\Program Files (x86)\Microsoft SQL Server\160\Tools\Binn\;C:\Program Files\Microsoft SQL Server\160\Tools\Binn\;C:\Program Files\Microsoft SQL Server\Client SDK\ODBC\170\Tools\Binn\;C:\Program Files\Microsoft SQL Server\160\DTS\Binn\;;C:\Users\dashc\.config\herd\bin\nvm;C:\Program Files\nodejs;C:\Users\dashc\AppData\Local\Microsoft\WindowsApps;C:\Users\dashc\AppData\Local\Programs\Microsoft VS Code\bin;C:\Program Files\JetBrains\PyCharm 2025.1.1\bin;;C:\Users\dashc\AppData\Roaming\npm;C:\Users\dashc\flutter\bin
USERNAME=dashc
OS=Windows_NT
PROCESSOR_IDENTIFIER=Intel64 Family 6 Model 154 Stepping 3, GenuineIntel
TMP=C:\Users\dashc\AppData\Local\Temp
TEMP=C:\Users\dashc\AppData\Local\Temp




Periodic native trim disabled

---------------  S Y S T E M  ---------------

OS:
 Windows 11 , 64 bit Build 26100 (10.0.26100.8875)
OS uptime: 5 days 12:30 hours
Hyper-V role detected

CPU: total 12 (initial active 12) (6 cores per cpu, 2 threads per core) family 6 model 154 stepping 3 microcode 0x434, cx8, cmov, fxsr, ht, mmx, 3dnowpref, sse, sse2, sse3, ssse3, sse4.1, sse4.2, popcnt, lzcnt, tsc, tscinvbit, avx, avx2, aes, erms, clmul, bmi1, bmi2, adx, sha, fma, vzeroupper, clflush, clflushopt, clwb, hv, serialize, rdtscp, rdpid, fsrm, f16c, cet_ibt, cet_ss
Processor Information for processor 0
  Max Mhz: 2000, Current Mhz: 2000, Mhz Limit: 2000
Processor Information for processor 1
  Max Mhz: 2000, Current Mhz: 2000, Mhz Limit: 2000
Processor Information for processor 2
  Max Mhz: 2000, Current Mhz: 2000, Mhz Limit: 2000
Processor Information for processor 3
  Max Mhz: 2000, Current Mhz: 1520, Mhz Limit: 2000
Processor Information for processor 4
  Max Mhz: 2000, Current Mhz: 1520, Mhz Limit: 2000
Processor Information for processor 5
  Max Mhz: 2000, Current Mhz: 1520, Mhz Limit: 2000
Processor Information for processor 6
  Max Mhz: 2000, Current Mhz: 2000, Mhz Limit: 2000
Processor Information for processor 7
  Max Mhz: 2000, Current Mhz: 1520, Mhz Limit: 2000
Processor Information for processor 8
  Max Mhz: 2000, Current Mhz: 1500, Mhz Limit: 1500
Processor Information for processor 9
  Max Mhz: 2000, Current Mhz: 1500, Mhz Limit: 1500
Processor Information for processor 10
  Max Mhz: 2000, Current Mhz: 1500, Mhz Limit: 1500
Processor Information for processor 11
  Max Mhz: 2000, Current Mhz: 1500, Mhz Limit: 1500

Memory: 4k page, system-wide physical 7915M (445M free)
TotalPageFile size 32491M (AvailPageFile size 10M)
current process WorkingSet (physical memory assigned to process): 12M, peak: 1618M
current process commit charge ("private bytes"): 998M, peak: 1828M

vm_info: OpenJDK 64-Bit Server VM (21.0.11+10-LTS) for windows-amd64 JRE (21.0.11+10-LTS), built on 2026-04-21T00:00:00Z by "admin" with MS VC++ 17.12 (VS2022)

END.
