#
# There is insufficient memory for the Java Runtime Environment to continue.
# Native memory allocation (malloc) failed to allocate 1048576 bytes. Error detail: AllocateHeap
# Possible reasons:
#   The system is out of physical RAM or swap space
#   This process is running with CompressedOops enabled, and the Java Heap may be blocking the growth of the native heap
# Possible solutions:
#   Reduce memory load on the system
#   Increase physical memory or swap space
#   Check if swap backing store is full
#   Decrease Java heap size (-Xmx/-Xms)
#   Decrease number of Java threads
#   Decrease Java thread stack sizes (-Xss)
#   Set larger code cache with -XX:ReservedCodeCacheSize=
#   JVM is running with Unscaled Compressed Oops mode in which the Java heap is
#     placed in the first 4GB address space. The Java Heap base address is the
#     maximum limit for the native heap growth. Please use -XX:HeapBaseMinAddress
#     to set the Java Heap base and to place the Java Heap above 4GB virtual address.
# This output file may be truncated or incomplete.
#
#  Out of Memory Error (allocation.cpp:44), pid=25216, tid=27620
#
# JRE version: OpenJDK Runtime Environment Temurin-21.0.11+10 (21.0.11+10) (build 21.0.11+10-LTS)
# Java VM: OpenJDK 64-Bit Server VM Temurin-21.0.11+10 (21.0.11+10-LTS, mixed mode, sharing, tiered, compressed oops, compressed class ptrs, parallel gc, windows-amd64)
# No core dump will be written. Minidumps are not enabled by default on client versions of Windows
#

---------------  S U M M A R Y ------------

Command Line: --add-modules=ALL-SYSTEM --add-opens=java.base/java.util=ALL-UNNAMED --add-opens=java.base/java.lang=ALL-UNNAMED --add-opens=java.base/sun.nio.fs=ALL-UNNAMED -Declipse.application=org.eclipse.jdt.ls.core.id1 -Dosgi.bundles.defaultStartLevel=4 -Declipse.product=org.eclipse.jdt.ls.core.product -Djava.import.generatesMetadataFilesAtProjectRoot=false -DDetectVMInstallationsJob.disabled=true -Dfile.encoding=utf8 -XX:+UseParallelGC -XX:GCTimeRatio=4 -XX:AdaptiveSizePolicyWeight=90 -Dsun.zip.disableMemoryMapping=true -Xmx2G -Xms100m -Xlog:disable -javaagent:c:\Users\dashc\.vscode\extensions\redhat.java-1.55.0-win32-x64\lombok\lombok-1.18.39-4050.jar -XX:+HeapDumpOnOutOfMemoryError -XX:HeapDumpPath=c:\Users\dashc\AppData\Roaming\Code\User\workspaceStorage\95a45cb68db98c7fa5ef555b2df23817\redhat.java -Daether.dependencyCollector.impl=bf c:\Users\dashc\.vscode\extensions\redhat.java-1.55.0-win32-x64\server\plugins\org.eclipse.equinox.launcher_1.7.200.v20260619-2039.jar -configuration c:\Users\dashc\AppData\Roaming\Code\User\globalStorage\redhat.java\1.55.0\config_win -data c:\Users\dashc\AppData\Roaming\Code\User\workspaceStorage\95a45cb68db98c7fa5ef555b2df23817\redhat.java\jdt_ws --pipe=\\.\pipe\lsp-54f9c2482676a54334c67752db8bfdca-sock

Host: 12th Gen Intel(R) Core(TM) i5-12450H, 12 cores, 7G,  Windows 11 , 64 bit Build 26100 (10.0.26100.8875)
Time: Tue Jul 28 21:35:13 2026 Hora est. Sudamérica Pacífico elapsed time: 114.714932 seconds (0d 0h 1m 54s)

---------------  T H R E A D  ---------------

Current thread (0x000002d582dfe380):  JavaThread "Attach Listener" daemon [_thread_in_vm, id=27620, stack(0x000000e6c8900000,0x000000e6c8a00000) (1024K)]

Stack: [0x000000e6c8900000,0x000000e6c8a00000]
Native frames: (J=compiled Java code, j=interpreted, Vv=VM code, C=native code)
V  [jvm.dll+0x6d7e19]
V  [jvm.dll+0x8b5096]
V  [jvm.dll+0x8b764e]
V  [jvm.dll+0x8b7d33]
V  [jvm.dll+0x284596]
V  [jvm.dll+0xc13c7]
V  [jvm.dll+0x6d86c9]
V  [jvm.dll+0x133616]
V  [jvm.dll+0x3f868e]
V  [jvm.dll+0x85fb0d]
V  [jvm.dll+0x6d664d]
C  [ucrtbase.dll+0x2cd30]
C  [KERNEL32.DLL+0x2e957]
C  [ntdll.dll+0xaad6c]


---------------  P R O C E S S  ---------------

Threads class SMR info:
_java_thread_list=0x000002d5e475bf60, length=63, elements={
0x000002d580989120, 0x000002d582df53a0, 0x000002d582cfd430, 0x000002d582dfdcf0,
0x000002d582dfe380, 0x000002d582dfea10, 0x000002d582dfb590, 0x000002d582e0c2e0,
0x000002d582e0d130, 0x000002d582dfd660, 0x000002d582dfbc20, 0x000002d582dfc940,
0x000002d582dfcfd0, 0x000002d582dfc2b0, 0x000002d5e10a1ac0, 0x000002d5e10a2150,
0x000002d5e10a2e70, 0x000002d5e10a0710, 0x000002d5e109f9f0, 0x000002d5e10a3500,
0x000002d5e10a0080, 0x000002d5e10a3b90, 0x000002d5e10a0da0, 0x000002d5e10a1430,
0x000002d5e10a4f40, 0x000002d5e10a7010, 0x000002d5e10a6980, 0x000002d5e10a55d0,
0x000002d5e10a5c60, 0x000002d5e10a62f0, 0x000002d5e313ead0, 0x000002d5e313ca00,
0x000002d5e313f160, 0x000002d5e313d090, 0x000002d5e313f7f0, 0x000002d5e313d720,
0x000002d5e313fe80, 0x000002d5e313ddb0, 0x000002d5e313e440, 0x000002d5e21c6250,
0x000002d5e21c68e0, 0x000002d5e21c4180, 0x000002d5e21c3460, 0x000002d5e21c3af0,
0x000002d5e25aa0f0, 0x000002d5e21c5530, 0x000002d5e21c5bc0, 0x000002d5ef922350,
0x000002d5ef923070, 0x000002d5ef9229e0, 0x000002d5ef923700, 0x000002d5ef921cc0,
0x000002d5ef923d90, 0x000002d5ef921630, 0x000002d5ef924420, 0x000002d5ef920fa0,
0x000002d5ef9257d0, 0x000002d5ef9278a0, 0x000002d5ef925e60, 0x000002d5ef924ab0,
0x000002d5ef9264f0, 0x000002d5ef925140, 0x000002d5ef926b80
}

Java Threads: ( => current thread )
  0x000002d580989120 JavaThread "main"                              [_thread_blocked, id=17244, stack(0x000000e6c8200000,0x000000e6c8300000) (1024K)]
  0x000002d582df53a0 JavaThread "Reference Handler"          daemon [_thread_blocked, id=9632, stack(0x000000e6c8600000,0x000000e6c8700000) (1024K)]
  0x000002d582cfd430 JavaThread "Finalizer"                  daemon [_thread_blocked, id=22456, stack(0x000000e6c8700000,0x000000e6c8800000) (1024K)]
  0x000002d582dfdcf0 JavaThread "Signal Dispatcher"          daemon [_thread_blocked, id=28660, stack(0x000000e6c8800000,0x000000e6c8900000) (1024K)]
=>0x000002d582dfe380 JavaThread "Attach Listener"            daemon [_thread_in_vm, id=27620, stack(0x000000e6c8900000,0x000000e6c8a00000) (1024K)]
  0x000002d582dfea10 JavaThread "Service Thread"             daemon [_thread_blocked, id=10148, stack(0x000000e6c8a00000,0x000000e6c8b00000) (1024K)]
  0x000002d582dfb590 JavaThread "Monitor Deflation Thread"   daemon [_thread_blocked, id=15484, stack(0x000000e6c8b00000,0x000000e6c8c00000) (1024K)]
  0x000002d582e0c2e0 JavaThread "C2 CompilerThread0"         daemon [_thread_blocked, id=28516, stack(0x000000e6c8c00000,0x000000e6c8d00000) (1024K)]
  0x000002d582e0d130 JavaThread "C1 CompilerThread0"         daemon [_thread_blocked, id=14392, stack(0x000000e6c8d00000,0x000000e6c8e00000) (1024K)]
  0x000002d582dfd660 JavaThread "Common-Cleaner"             daemon [_thread_blocked, id=10328, stack(0x000000e6c8f00000,0x000000e6c9000000) (1024K)]
  0x000002d582dfbc20 JavaThread "Notification Thread"        daemon [_thread_blocked, id=11412, stack(0x000000e6c8e00000,0x000000e6c8f00000) (1024K)]
  0x000002d582dfc940 JavaThread "Active Thread: Equinox Container: a1969105-9026-4dab-8bef-45996d9cbcfb"        [_thread_blocked, id=14328, stack(0x000000e6c9000000,0x000000e6c9100000) (1024K)]
  0x000002d582dfcfd0 JavaThread "Refresh Thread: Equinox Container: a1969105-9026-4dab-8bef-45996d9cbcfb" daemon [_thread_blocked, id=6588, stack(0x000000e6c9800000,0x000000e6c9900000) (1024K)]
  0x000002d582dfc2b0 JavaThread "Framework Event Dispatcher: Equinox Container: a1969105-9026-4dab-8bef-45996d9cbcfb" daemon [_thread_blocked, id=8568, stack(0x000000e6c9900000,0x000000e6c9a00000) (1024K)]
  0x000002d5e10a1ac0 JavaThread "Start Level: Equinox Container: a1969105-9026-4dab-8bef-45996d9cbcfb" daemon [_thread_blocked, id=15284, stack(0x000000e6c9a00000,0x000000e6c9b00000) (1024K)]
  0x000002d5e10a2150 JavaThread "Bundle File Closer"         daemon [_thread_blocked, id=4124, stack(0x000000e6c9d00000,0x000000e6c9e00000) (1024K)]
  0x000002d5e10a2e70 JavaThread "SCR Component Actor"        daemon [_thread_blocked, id=22104, stack(0x000000e6c9e00000,0x000000e6c9f00000) (1024K)]
  0x000002d5e10a0710 JavaThread "Worker-JM"                         [_thread_blocked, id=30332, stack(0x000000e6c9f00000,0x000000e6ca000000) (1024K)]
  0x000002d5e109f9f0 JavaThread "JNA Cleaner"                daemon [_thread_blocked, id=15328, stack(0x000000e6ca000000,0x000000e6ca100000) (1024K)]
  0x000002d5e10a3500 JavaThread "Worker-0"                          [_thread_blocked, id=26608, stack(0x000000e6ca100000,0x000000e6ca200000) (1024K)]
  0x000002d5e10a0080 JavaThread "Worker-1: Initialize workspace"        [_thread_blocked, id=19320, stack(0x000000e6ca200000,0x000000e6ca300000) (1024K)]
  0x000002d5e10a3b90 JavaThread "Worker-2: Publish Diagnostics"        [_thread_blocked, id=9328, stack(0x000000e6ca300000,0x000000e6ca400000) (1024K)]
  0x000002d5e10a0da0 JavaThread "Java indexing"              daemon [_thread_blocked, id=192, stack(0x000000e6c8100000,0x000000e6c8200000) (1024K)]
  0x000002d5e10a1430 JavaThread "Worker-3"                          [_thread_blocked, id=16836, stack(0x000000e6ca500000,0x000000e6ca600000) (1024K)]
  0x000002d5e10a4f40 JavaThread "Worker-4"                          [_thread_blocked, id=23792, stack(0x000000e6ca600000,0x000000e6ca700000) (1024K)]
  0x000002d5e10a7010 JavaThread "Thread-1"                   daemon [_thread_in_native, id=22776, stack(0x000000e6ca700000,0x000000e6ca800000) (1024K)]
  0x000002d5e10a6980 JavaThread "Thread-2"                   daemon [_thread_in_native, id=12676, stack(0x000000e6ca800000,0x000000e6ca900000) (1024K)]
  0x000002d5e10a55d0 JavaThread "Thread-3"                   daemon [_thread_in_native, id=14248, stack(0x000000e6ca900000,0x000000e6caa00000) (1024K)]
  0x000002d5e10a5c60 JavaThread "Thread-4"                   daemon [_thread_in_native, id=16420, stack(0x000000e6caa00000,0x000000e6cab00000) (1024K)]
  0x000002d5e10a62f0 JavaThread "Thread-5"                   daemon [_thread_in_native, id=26180, stack(0x000000e6cab00000,0x000000e6cac00000) (1024K)]
  0x000002d5e313ead0 JavaThread "Thread-6"                   daemon [_thread_in_native, id=17716, stack(0x000000e6cac00000,0x000000e6cad00000) (1024K)]
  0x000002d5e313ca00 JavaThread "Thread-7"                   daemon [_thread_in_native, id=20312, stack(0x000000e6cad00000,0x000000e6cae00000) (1024K)]
  0x000002d5e313f160 JavaThread "Thread-8"                   daemon [_thread_in_native, id=31260, stack(0x000000e6cae00000,0x000000e6caf00000) (1024K)]
  0x000002d5e313d090 JavaThread "Thread-9"                   daemon [_thread_in_native, id=25612, stack(0x000000e6caf00000,0x000000e6cb000000) (1024K)]
  0x000002d5e313f7f0 JavaThread "Thread-10"                  daemon [_thread_in_native, id=18088, stack(0x000000e6cb000000,0x000000e6cb100000) (1024K)]
  0x000002d5e313d720 JavaThread "Thread-11"                  daemon [_thread_in_native, id=13524, stack(0x000000e6cb100000,0x000000e6cb200000) (1024K)]
  0x000002d5e313fe80 JavaThread "Thread-12"                  daemon [_thread_in_native, id=29780, stack(0x000000e6cb200000,0x000000e6cb300000) (1024K)]
  0x000002d5e313ddb0 JavaThread "Thread-13"                  daemon [_thread_in_native, id=25212, stack(0x000000e6cb300000,0x000000e6cb400000) (1024K)]
  0x000002d5e313e440 JavaThread "pool-2-thread-1"                   [_thread_blocked, id=15308, stack(0x000000e6cb500000,0x000000e6cb600000) (1024K)]
  0x000002d5e21c6250 JavaThread "WorkspaceEventsHandler"            [_thread_blocked, id=27820, stack(0x000000e6cb700000,0x000000e6cb800000) (1024K)]
  0x000002d5e21c68e0 JavaThread "pool-1-thread-1"                   [_thread_blocked, id=17172, stack(0x000000e6cb800000,0x000000e6cb900000) (1024K)]
  0x000002d5e21c4180 JavaThread "Worker-5"                          [_thread_blocked, id=19500, stack(0x000000e6cb900000,0x000000e6cba00000) (1024K)]
  0x000002d5e21c3460 JavaThread "Worker-6"                          [_thread_blocked, id=30948, stack(0x000000e6cbc00000,0x000000e6cbd00000) (1024K)]
  0x000002d5e21c3af0 JavaThread "ForkJoinPool.commonPool-worker-1" daemon [_thread_blocked, id=23156, stack(0x000000e6cba00000,0x000000e6cbb00000) (1024K)]
  0x000002d5e25aa0f0 JavaThread "C2 CompilerThread1"         daemon [_thread_blocked, id=31420, stack(0x000000e6cbb00000,0x000000e6cbc00000) (1024K)]
  0x000002d5e21c5530 JavaThread "PatternSearchJob-worker-1"  daemon [_thread_blocked, id=22636, stack(0x000000e6cbd00000,0x000000e6cbe00000) (1024K)]
  0x000002d5e21c5bc0 JavaThread "ForkJoinPool.commonPool-worker-2" daemon [_thread_blocked, id=12152, stack(0x000000e6cbe00000,0x000000e6cbf00000) (1024K)]
  0x000002d5ef922350 JavaThread "ForkJoinPool.commonPool-worker-3" daemon [_thread_blocked, id=15320, stack(0x000000e6cbf00000,0x000000e6cc000000) (1024K)]
  0x000002d5ef923070 JavaThread "ForkJoinPool.commonPool-worker-4" daemon [_thread_blocked, id=17468, stack(0x000000e6cc000000,0x000000e6cc100000) (1024K)]
  0x000002d5ef9229e0 JavaThread "ForkJoinPool.commonPool-worker-5" daemon [_thread_blocked, id=28412, stack(0x000000e6cc100000,0x000000e6cc200000) (1024K)]
  0x000002d5ef923700 JavaThread "ForkJoinPool.commonPool-worker-6" daemon [_thread_blocked, id=13744, stack(0x000000e6cc200000,0x000000e6cc300000) (1024K)]
  0x000002d5ef921cc0 JavaThread "ForkJoinPool.commonPool-worker-7" daemon [_thread_blocked, id=8732, stack(0x000000e6cc300000,0x000000e6cc400000) (1024K)]
  0x000002d5ef923d90 JavaThread "ForkJoinPool.commonPool-worker-8" daemon [_thread_blocked, id=4080, stack(0x000000e6cc400000,0x000000e6cc500000) (1024K)]
  0x000002d5ef921630 JavaThread "PatternSearchJob-worker-2"  daemon [_thread_blocked, id=15348, stack(0x000000e6cc500000,0x000000e6cc600000) (1024K)]
  0x000002d5ef924420 JavaThread "PatternSearchJob-worker-3"  daemon [_thread_blocked, id=25972, stack(0x000000e6cc600000,0x000000e6cc700000) (1024K)]
  0x000002d5ef920fa0 JavaThread "PatternSearchJob-worker-4"  daemon [_thread_blocked, id=3208, stack(0x000000e6cc700000,0x000000e6cc800000) (1024K)]
  0x000002d5ef9257d0 JavaThread "PatternSearchJob-worker-5"  daemon [_thread_blocked, id=23488, stack(0x000000e6cc800000,0x000000e6cc900000) (1024K)]
  0x000002d5ef9278a0 JavaThread "PatternSearchJob-worker-6"  daemon [_thread_blocked, id=3292, stack(0x000000e6cc900000,0x000000e6cca00000) (1024K)]
  0x000002d5ef925e60 JavaThread "PatternSearchJob-worker-7"  daemon [_thread_blocked, id=27856, stack(0x000000e6cca00000,0x000000e6ccb00000) (1024K)]
  0x000002d5ef924ab0 JavaThread "PatternSearchJob-worker-8"  daemon [_thread_blocked, id=29804, stack(0x000000e6ccb00000,0x000000e6ccc00000) (1024K)]
  0x000002d5ef9264f0 JavaThread "PatternSearchJob-worker-9"  daemon [_thread_blocked, id=28668, stack(0x000000e6ccc00000,0x000000e6ccd00000) (1024K)]
  0x000002d5ef925140 JavaThread "PatternSearchJob-worker-10" daemon [_thread_blocked, id=27656, stack(0x000000e6ccd00000,0x000000e6cce00000) (1024K)]
  0x000002d5ef926b80 JavaThread "PatternSearchJob-worker-11" daemon [_thread_blocked, id=11300, stack(0x000000e6cce00000,0x000000e6ccf00000) (1024K)]
Total: 63

Other Threads:
  0x000002d582df0860 VMThread "VM Thread"                           [id=14092, stack(0x000000e6c8500000,0x000000e6c8600000) (1024K)] _threads_hazard_ptr=0x000002d5e475bf60
  0x000002d582bdca00 WatcherThread "VM Periodic Task Thread"        [id=18416, stack(0x000000e6c8400000,0x000000e6c8500000) (1024K)]
  0x000002d582d72090 WorkerThread "GC Thread#0"                     [id=30264, stack(0x000000e6c8300000,0x000000e6c8400000) (1024K)]
  0x000002d5e159cda0 WorkerThread "GC Thread#1"                     [id=18912, stack(0x000000e6c9100000,0x000000e6c9200000) (1024K)]
  0x000002d5e1599790 WorkerThread "GC Thread#2"                     [id=28348, stack(0x000000e6c9200000,0x000000e6c9300000) (1024K)]
  0x000002d5e12ee910 WorkerThread "GC Thread#3"                     [id=14232, stack(0x000000e6c9300000,0x000000e6c9400000) (1024K)]
  0x000002d5e12eecc0 WorkerThread "GC Thread#4"                     [id=19808, stack(0x000000e6c9400000,0x000000e6c9500000) (1024K)]
  0x000002d5e12ef070 WorkerThread "GC Thread#5"                     [id=8500, stack(0x000000e6c9500000,0x000000e6c9600000) (1024K)]
  0x000002d5e157c350 WorkerThread "GC Thread#6"                     [id=16912, stack(0x000000e6c9600000,0x000000e6c9700000) (1024K)]
  0x000002d5e1528670 WorkerThread "GC Thread#7"                     [id=25232, stack(0x000000e6c9700000,0x000000e6c9800000) (1024K)]
  0x000002d5e1b6ca00 WorkerThread "GC Thread#8"                     [id=28852, stack(0x000000e6c9b00000,0x000000e6c9c00000) (1024K)]
  0x000002d5e1b6cdb0 WorkerThread "GC Thread#9"                     [id=9912, stack(0x000000e6c9c00000,0x000000e6c9d00000) (1024K)]
Total: 12

Threads with active compile tasks:
C2 CompilerThread0  114750 13160       4       org.eclipse.jdt.internal.compiler.lookup.ModuleBinding::getVisiblePackage (472 bytes)
C1 CompilerThread0  114750 13221       3       java.lang.invoke.LambdaForm$MH/0x000002d59b73c800::invoke (42 bytes)
C2 CompilerThread1  114750 13157       4       org.eclipse.jdt.internal.core.JavaProject$ModuleLookup::addTransitive (71 bytes)
Total: 3

VM state: synchronizing (normal execution)

VM Mutex/Monitor currently owned by a thread:  ([mutex/lock_event])
[0x00007ff89e96f570] Threads_lock - owner thread: 0x000002d582df0860
[0x00007ff89e96f670] Heap_lock - owner thread: 0x000002d5e10a3b90

Heap address: 0x0000000080000000, size: 2048 MB, Compressed Oops mode: 32-bit

CDS archive(s) mapped at: [0x000002d59a000000-0x000002d59aba0000-0x000002d59aba0000), size 12189696, SharedBaseAddress: 0x000002d59a000000, ArchiveRelocationMode: 1.
Compressed class space mapped at: 0x000002d59b000000-0x000002d5db000000, reserved size: 1073741824
Narrow klass base: 0x000002d59a000000, Narrow klass shift: 0, Narrow klass range: 0x100000000

GC Precious Log:
 CardTable entry size: 512
 CPUs: 12 total, 12 available
 Memory: 7915M
 Large Page Support: Disabled
 NUMA Support: Disabled
 Compressed Oops: Enabled (32-bit)
 Alignments: Space 512K, Generation 512K, Heap 2M
 Heap Min Capacity: 100M
 Heap Initial Capacity: 100M
 Heap Max Capacity: 2G
 Pre-touch: Disabled
 Parallel Workers: 10

Heap:
 PSYoungGen      total 14336K, used 14004K [0x00000000d5580000, 0x00000000d6600000, 0x0000000100000000)
  eden space 12288K, 100% used [0x00000000d5580000,0x00000000d6180000,0x00000000d6180000)
  from space 2048K, 83% used [0x00000000d6400000,0x00000000d65ad200,0x00000000d6600000)
  to   space 2048K, 0% used [0x00000000d6200000,0x00000000d6200000,0x00000000d6400000)
 ParOldGen       total 112128K, used 111982K [0x0000000080000000, 0x0000000086d80000, 0x00000000d5580000)
  object space 112128K, 99% used [0x0000000080000000,0x0000000086d5b868,0x0000000086d80000)
 Metaspace       used 71047K, committed 72576K, reserved 1114112K
  class space    used 7410K, committed 8064K, reserved 1048576K

Card table byte_map: [0x000002d5826f0000,0x000002d582b00000] _byte_map_base: 0x000002d5822f0000

Marking Bits: (ParMarkBitMap*) 0x00007ff89e974460
 Begin Bits: [0x000002d595200000, 0x000002d597200000)
 End Bits:   [0x000002d597200000, 0x000002d599200000)

Polling page: 0x000002d580b20000

Metaspace:

Usage:
  Non-class:     62.15 MB used.
      Class:      7.24 MB used.
       Both:     69.38 MB used.

Virtual space:
  Non-class space:       64.00 MB reserved,      63.00 MB ( 98%) committed,  1 nodes.
      Class space:        1.00 GB reserved,       7.88 MB ( <1%) committed,  1 nodes.
             Both:        1.06 GB reserved,      70.88 MB (  7%) committed. 

Chunk freelists:
   Non-Class:  895.00 KB
       Class:  8.12 MB
        Both:  9.00 MB

MaxMetaspaceSize: unlimited
CompressedClassSpaceSize: 1.00 GB
Initial GC threshold: 21.00 MB
Current GC threshold: 97.31 MB
CDS: on
 - commit_granule_bytes: 65536.
 - commit_granule_words: 8192.
 - virtual_space_node_default_size: 8388608.
 - enlarge_chunks_in_place: 1.
 - use_allocation_guard: 0.


Internal statistics:

num_allocs_failed_limit: 9.
num_arena_births: 1296.
num_arena_deaths: 14.
num_vsnodes_births: 2.
num_vsnodes_deaths: 0.
num_space_committed: 1134.
num_space_uncommitted: 0.
num_chunks_returned_to_freelist: 23.
num_chunks_taken_from_freelist: 4624.
num_chunk_merges: 14.
num_chunk_splits: 2721.
num_chunks_enlarged: 1378.
num_inconsistent_stats: 0.

CodeHeap 'non-profiled nmethods': size=120000Kb used=10228Kb max_used=10228Kb free=109772Kb
 bounds [0x000002d58da20000, 0x000002d58e420000, 0x000002d594f50000]
CodeHeap 'profiled nmethods': size=120000Kb used=29724Kb max_used=29724Kb free=90276Kb
 bounds [0x000002d585f50000, 0x000002d587c60000, 0x000002d58d480000]
CodeHeap 'non-nmethods': size=5760Kb used=1481Kb max_used=1581Kb free=4279Kb
 bounds [0x000002d58d480000, 0x000002d58d6f0000, 0x000002d58da20000]
CodeCache: size=245760Kb, used=41433Kb, max_used=41533Kb, free=204327Kb
 total_blobs=13049, nmethods=12253, adapters=700, full_count=0
Compilation: enabled, stopped_count=0, restarted_count=0

Compilation events (20 events):
Event: 112.689 Thread 0x000002d582e0d130 nmethod 13206 0x000002d58e41be10 code [0x000002d58e41bfa0, 0x000002d58e41c068]
Event: 112.689 Thread 0x000002d582e0d130 13210       1       org.apache.maven.model.Model::getModelVersion (5 bytes)
Event: 112.689 Thread 0x000002d582e0d130 nmethod 13210 0x000002d58e41c110 code [0x000002d58e41c2a0, 0x000002d58e41c368]
Event: 112.689 Thread 0x000002d582e0d130 13211       1       org.apache.maven.model.building.ModelCacheTag$2::getName (3 bytes)
Event: 112.689 Thread 0x000002d582e0d130 nmethod 13211 0x000002d58e41c410 code [0x000002d58e41c5a0, 0x000002d58e41c670]
Event: 112.689 Thread 0x000002d582e0d130 13202       1       org.apache.maven.model.Contributor::setRoles (6 bytes)
Event: 112.689 Thread 0x000002d582e0d130 nmethod 13202 0x000002d58e41c710 code [0x000002d58e41c8a0, 0x000002d58e41c980]
Event: 112.689 Thread 0x000002d582e0d130 13215       1       org.apache.maven.model.Scm::getTag (5 bytes)
Event: 112.689 Thread 0x000002d582e0d130 nmethod 13215 0x000002d58e41ca10 code [0x000002d58e41cba0, 0x000002d58e41cc68]
Event: 112.695 Thread 0x000002d582e0d130 13216       3       java.util.AbstractMap$2$1::hasNext (10 bytes)
Event: 112.695 Thread 0x000002d582e0d130 nmethod 13216 0x000002d587c54190 code [0x000002d587c54340, 0x000002d587c54518]
Event: 112.696 Thread 0x000002d582e0d130 13217       3       org.eclipse.jdt.internal.compiler.ast.CompilationUnitDeclaration::isModuleInfo (11 bytes)
Event: 112.696 Thread 0x000002d582e0d130 nmethod 13217 0x000002d587c54610 code [0x000002d587c547e0, 0x000002d587c549c8]
Event: 112.697 Thread 0x000002d582e0d130 13218   !   3       org.apache.maven.model.DependencyManagement::clone (137 bytes)
Event: 112.699 Thread 0x000002d582e0d130 nmethod 13218 0x000002d587c54b10 code [0x000002d587c54e60, 0x000002d587c56298]
Event: 112.699 Thread 0x000002d582e0d130 13220       3       org.eclipse.aether.AbstractForwardingRepositorySystemSession::getMirrorSelector (10 bytes)
Event: 112.699 Thread 0x000002d582e0d130 nmethod 13220 0x000002d587c56b90 code [0x000002d587c56d40, 0x000002d587c56f40]
Event: 112.699 Thread 0x000002d582e0d130 13219       1       org.apache.maven.model.building.ModelData::getSource (5 bytes)
Event: 112.699 Thread 0x000002d582e0d130 nmethod 13219 0x000002d58e41cd10 code [0x000002d58e41cea0, 0x000002d58e41cf68]
Event: 112.702 Thread 0x000002d582e0d130 13221       3       java.lang.invoke.LambdaForm$MH/0x000002d59b73c800::invoke (42 bytes)

GC Heap History (20 events):
Event: 107.764 GC heap before
{Heap before GC invocations=110 (full 3):
 PSYoungGen      total 13824K, used 13796K [0x00000000d5580000, 0x00000000d6900000, 0x0000000100000000)
  eden space 12288K, 100% used [0x00000000d5580000,0x00000000d6180000,0x00000000d6180000)
  from space 1536K, 98% used [0x00000000d6480000,0x00000000d65f9210,0x00000000d6600000)
  to   space 3072K, 0% used [0x00000000d6180000,0x00000000d6180000,0x00000000d6480000)
 ParOldGen       total 102400K, used 102379K [0x0000000080000000, 0x0000000086400000, 0x00000000d5580000)
  object space 102400K, 99% used [0x0000000080000000,0x00000000863facb8,0x0000000086400000)
 Metaspace       used 70532K, committed 72000K, reserved 1114112K
  class space    used 7407K, committed 8064K, reserved 1048576K
}
Event: 107.770 GC heap after
{Heap after GC invocations=110 (full 3):
 PSYoungGen      total 14336K, used 1674K [0x00000000d5580000, 0x00000000d6680000, 0x0000000100000000)
  eden space 12288K, 0% used [0x00000000d5580000,0x00000000d5580000,0x00000000d6180000)
  from space 2048K, 81% used [0x00000000d6180000,0x00000000d6322910,0x00000000d6380000)
  to   space 2560K, 0% used [0x00000000d6400000,0x00000000d6400000,0x00000000d6680000)
 ParOldGen       total 103936K, used 103735K [0x0000000080000000, 0x0000000086580000, 0x00000000d5580000)
  object space 103936K, 99% used [0x0000000080000000,0x000000008654df08,0x0000000086580000)
 Metaspace       used 70532K, committed 72000K, reserved 1114112K
  class space    used 7407K, committed 8064K, reserved 1048576K
}
Event: 108.110 GC heap before
{Heap before GC invocations=111 (full 3):
 PSYoungGen      total 14336K, used 13962K [0x00000000d5580000, 0x00000000d6680000, 0x0000000100000000)
  eden space 12288K, 100% used [0x00000000d5580000,0x00000000d6180000,0x00000000d6180000)
  from space 2048K, 81% used [0x00000000d6180000,0x00000000d6322910,0x00000000d6380000)
  to   space 2560K, 0% used [0x00000000d6400000,0x00000000d6400000,0x00000000d6680000)
 ParOldGen       total 103936K, used 103735K [0x0000000080000000, 0x0000000086580000, 0x00000000d5580000)
  object space 103936K, 99% used [0x0000000080000000,0x000000008654df08,0x0000000086580000)
 Metaspace       used 70568K, committed 72000K, reserved 1114112K
  class space    used 7407K, committed 8064K, reserved 1048576K
}
Event: 108.116 GC heap after
{Heap after GC invocations=111 (full 3):
 PSYoungGen      total 13824K, used 1060K [0x00000000d5580000, 0x00000000d6580000, 0x0000000100000000)
  eden space 12288K, 0% used [0x00000000d5580000,0x00000000d5580000,0x00000000d6180000)
  from space 1536K, 69% used [0x00000000d6400000,0x00000000d6509210,0x00000000d6580000)
  to   space 1536K, 0% used [0x00000000d6280000,0x00000000d6280000,0x00000000d6400000)
 ParOldGen       total 105472K, used 105224K [0x0000000080000000, 0x0000000086700000, 0x00000000d5580000)
  object space 105472K, 99% used [0x0000000080000000,0x00000000866c2098,0x0000000086700000)
 Metaspace       used 70568K, committed 72000K, reserved 1114112K
  class space    used 7407K, committed 8064K, reserved 1048576K
}
Event: 108.338 GC heap before
{Heap before GC invocations=112 (full 3):
 PSYoungGen      total 13824K, used 13348K [0x00000000d5580000, 0x00000000d6580000, 0x0000000100000000)
  eden space 12288K, 100% used [0x00000000d5580000,0x00000000d6180000,0x00000000d6180000)
  from space 1536K, 69% used [0x00000000d6400000,0x00000000d6509210,0x00000000d6580000)
  to   space 1536K, 0% used [0x00000000d6280000,0x00000000d6280000,0x00000000d6400000)
 ParOldGen       total 105472K, used 105224K [0x0000000080000000, 0x0000000086700000, 0x00000000d5580000)
  object space 105472K, 99% used [0x0000000080000000,0x00000000866c2098,0x0000000086700000)
 Metaspace       used 70612K, committed 72128K, reserved 1114112K
  class space    used 7407K, committed 8064K, reserved 1048576K
}
Event: 108.343 GC heap after
{Heap after GC invocations=112 (full 3):
 PSYoungGen      total 13824K, used 1493K [0x00000000d5580000, 0x00000000d6580000, 0x0000000100000000)
  eden space 12288K, 0% used [0x00000000d5580000,0x00000000d5580000,0x00000000d6180000)
  from space 1536K, 97% used [0x00000000d6280000,0x00000000d63f5518,0x00000000d6400000)
  to   space 1536K, 0% used [0x00000000d6400000,0x00000000d6400000,0x00000000d6580000)
 ParOldGen       total 106496K, used 106140K [0x0000000080000000, 0x0000000086800000, 0x00000000d5580000)
  object space 106496K, 99% used [0x0000000080000000,0x00000000867a72b8,0x0000000086800000)
 Metaspace       used 70612K, committed 72128K, reserved 1114112K
  class space    used 7407K, committed 8064K, reserved 1048576K
}
Event: 108.634 GC heap before
{Heap before GC invocations=113 (full 3):
 PSYoungGen      total 13824K, used 13781K [0x00000000d5580000, 0x00000000d6580000, 0x0000000100000000)
  eden space 12288K, 100% used [0x00000000d5580000,0x00000000d6180000,0x00000000d6180000)
  from space 1536K, 97% used [0x00000000d6280000,0x00000000d63f5518,0x00000000d6400000)
  to   space 1536K, 0% used [0x00000000d6400000,0x00000000d6400000,0x00000000d6580000)
 ParOldGen       total 106496K, used 106140K [0x0000000080000000, 0x0000000086800000, 0x00000000d5580000)
  object space 106496K, 99% used [0x0000000080000000,0x00000000867a72b8,0x0000000086800000)
 Metaspace       used 70757K, committed 72256K, reserved 1114112K
  class space    used 7408K, committed 8064K, reserved 1048576K
}
Event: 108.640 GC heap after
{Heap after GC invocations=113 (full 3):
 PSYoungGen      total 13312K, used 826K [0x00000000d5580000, 0x00000000d6500000, 0x0000000100000000)
  eden space 12288K, 0% used [0x00000000d5580000,0x00000000d5580000,0x00000000d6180000)
  from space 1024K, 80% used [0x00000000d6400000,0x00000000d64ce900,0x00000000d6500000)
  to   space 1536K, 0% used [0x00000000d6200000,0x00000000d6200000,0x00000000d6380000)
 ParOldGen       total 107520K, used 107345K [0x0000000080000000, 0x0000000086900000, 0x00000000d5580000)
  object space 107520K, 99% used [0x0000000080000000,0x00000000868d4508,0x0000000086900000)
 Metaspace       used 70757K, committed 72256K, reserved 1114112K
  class space    used 7408K, committed 8064K, reserved 1048576K
}
Event: 109.230 GC heap before
{Heap before GC invocations=114 (full 3):
 PSYoungGen      total 13312K, used 13114K [0x00000000d5580000, 0x00000000d6500000, 0x0000000100000000)
  eden space 12288K, 100% used [0x00000000d5580000,0x00000000d6180000,0x00000000d6180000)
  from space 1024K, 80% used [0x00000000d6400000,0x00000000d64ce900,0x00000000d6500000)
  to   space 1536K, 0% used [0x00000000d6200000,0x00000000d6200000,0x00000000d6380000)
 ParOldGen       total 107520K, used 107345K [0x0000000080000000, 0x0000000086900000, 0x00000000d5580000)
  object space 107520K, 99% used [0x0000000080000000,0x00000000868d4508,0x0000000086900000)
 Metaspace       used 70780K, committed 72256K, reserved 1114112K
  class space    used 7408K, committed 8064K, reserved 1048576K
}
Event: 109.232 GC heap after
{Heap after GC invocations=114 (full 3):
 PSYoungGen      total 13824K, used 484K [0x00000000d5580000, 0x00000000d6480000, 0x0000000100000000)
  eden space 12288K, 0% used [0x00000000d5580000,0x00000000d5580000,0x00000000d6180000)
  from space 1536K, 31% used [0x00000000d6200000,0x00000000d6279210,0x00000000d6380000)
  to   space 1024K, 0% used [0x00000000d6380000,0x00000000d6380000,0x00000000d6480000)
 ParOldGen       total 108032K, used 107685K [0x0000000080000000, 0x0000000086980000, 0x00000000d5580000)
  object space 108032K, 99% used [0x0000000080000000,0x0000000086929710,0x0000000086980000)
 Metaspace       used 70780K, committed 72256K, reserved 1114112K
  class space    used 7408K, committed 8064K, reserved 1048576K
}
Event: 109.465 GC heap before
{Heap before GC invocations=115 (full 3):
 PSYoungGen      total 13824K, used 12772K [0x00000000d5580000, 0x00000000d6480000, 0x0000000100000000)
  eden space 12288K, 100% used [0x00000000d5580000,0x00000000d6180000,0x00000000d6180000)
  from space 1536K, 31% used [0x00000000d6200000,0x00000000d6279210,0x00000000d6380000)
  to   space 1024K, 0% used [0x00000000d6380000,0x00000000d6380000,0x00000000d6480000)
 ParOldGen       total 108032K, used 107685K [0x0000000080000000, 0x0000000086980000, 0x00000000d5580000)
  object space 108032K, 99% used [0x0000000080000000,0x0000000086929710,0x0000000086980000)
 Metaspace       used 70857K, committed 72320K, reserved 1114112K
  class space    used 7409K, committed 8064K, reserved 1048576K
}
Event: 109.467 GC heap after
{Heap after GC invocations=115 (full 3):
 PSYoungGen      total 13312K, used 820K [0x00000000d5580000, 0x00000000d6480000, 0x0000000100000000)
  eden space 12288K, 0% used [0x00000000d5580000,0x00000000d5580000,0x00000000d6180000)
  from space 1024K, 80% used [0x00000000d6380000,0x00000000d644d200,0x00000000d6480000)
  to   space 1024K, 0% used [0x00000000d6280000,0x00000000d6280000,0x00000000d6380000)
 ParOldGen       total 108032K, used 107765K [0x0000000080000000, 0x0000000086980000, 0x00000000d5580000)
  object space 108032K, 99% used [0x0000000080000000,0x000000008693d710,0x0000000086980000)
 Metaspace       used 70857K, committed 72320K, reserved 1114112K
  class space    used 7409K, committed 8064K, reserved 1048576K
}
Event: 109.846 GC heap before
{Heap before GC invocations=116 (full 3):
 PSYoungGen      total 13312K, used 13108K [0x00000000d5580000, 0x00000000d6480000, 0x0000000100000000)
  eden space 12288K, 100% used [0x00000000d5580000,0x00000000d6180000,0x00000000d6180000)
  from space 1024K, 80% used [0x00000000d6380000,0x00000000d644d200,0x00000000d6480000)
  to   space 1024K, 0% used [0x00000000d6280000,0x00000000d6280000,0x00000000d6380000)
 ParOldGen       total 108032K, used 107765K [0x0000000080000000, 0x0000000086980000, 0x00000000d5580000)
  object space 108032K, 99% used [0x0000000080000000,0x000000008693d710,0x0000000086980000)
 Metaspace       used 70883K, committed 72384K, reserved 1114112K
  class space    used 7409K, committed 8064K, reserved 1048576K
}
Event: 109.852 GC heap after
{Heap after GC invocations=116 (full 3):
 PSYoungGen      total 13312K, used 1012K [0x00000000d5580000, 0x00000000d6780000, 0x0000000100000000)
  eden space 12288K, 0% used [0x00000000d5580000,0x00000000d5580000,0x00000000d6180000)
  from space 1024K, 98% used [0x00000000d6280000,0x00000000d637d210,0x00000000d6380000)
  to   space 3072K, 0% used [0x00000000d6480000,0x00000000d6480000,0x00000000d6780000)
 ParOldGen       total 109568K, used 109074K [0x0000000080000000, 0x0000000086b00000, 0x00000000d5580000)
  object space 109568K, 99% used [0x0000000080000000,0x0000000086a84990,0x0000000086b00000)
 Metaspace       used 70883K, committed 72384K, reserved 1114112K
  class space    used 7409K, committed 8064K, reserved 1048576K
}
Event: 110.313 GC heap before
{Heap before GC invocations=117 (full 3):
 PSYoungGen      total 13312K, used 13300K [0x00000000d5580000, 0x00000000d6780000, 0x0000000100000000)
  eden space 12288K, 100% used [0x00000000d5580000,0x00000000d6180000,0x00000000d6180000)
  from space 1024K, 98% used [0x00000000d6280000,0x00000000d637d210,0x00000000d6380000)
  to   space 3072K, 0% used [0x00000000d6480000,0x00000000d6480000,0x00000000d6780000)
 ParOldGen       total 109568K, used 109074K [0x0000000080000000, 0x0000000086b00000, 0x00000000d5580000)
  object space 109568K, 99% used [0x0000000080000000,0x0000000086a84990,0x0000000086b00000)
 Metaspace       used 71002K, committed 72512K, reserved 1114112K
  class space    used 7409K, committed 8064K, reserved 1048576K
}
Event: 110.317 GC heap after
{Heap after GC invocations=117 (full 3):
 PSYoungGen      total 13312K, used 740K [0x00000000d5580000, 0x00000000d6580000, 0x0000000100000000)
  eden space 12288K, 0% used [0x00000000d5580000,0x00000000d5580000,0x00000000d6180000)
  from space 1024K, 72% used [0x00000000d6480000,0x00000000d6539210,0x00000000d6580000)
  to   space 1536K, 0% used [0x00000000d6280000,0x00000000d6280000,0x00000000d6400000)
 ParOldGen       total 110080K, used 109966K [0x0000000080000000, 0x0000000086b80000, 0x00000000d5580000)
  object space 110080K, 99% used [0x0000000080000000,0x0000000086b63ba0,0x0000000086b80000)
 Metaspace       used 71002K, committed 72512K, reserved 1114112K
  class space    used 7409K, committed 8064K, reserved 1048576K
}
Event: 110.542 GC heap before
{Heap before GC invocations=118 (full 3):
 PSYoungGen      total 13312K, used 13028K [0x00000000d5580000, 0x00000000d6580000, 0x0000000100000000)
  eden space 12288K, 100% used [0x00000000d5580000,0x00000000d6180000,0x00000000d6180000)
  from space 1024K, 72% used [0x00000000d6480000,0x00000000d6539210,0x00000000d6580000)
  to   space 1536K, 0% used [0x00000000d6280000,0x00000000d6280000,0x00000000d6400000)
 ParOldGen       total 110080K, used 109966K [0x0000000080000000, 0x0000000086b80000, 0x00000000d5580000)
  object space 110080K, 99% used [0x0000000080000000,0x0000000086b63ba0,0x0000000086b80000)
 Metaspace       used 71013K, committed 72512K, reserved 1114112K
  class space    used 7409K, committed 8064K, reserved 1048576K
}
Event: 110.548 GC heap after
{Heap after GC invocations=118 (full 3):
 PSYoungGen      total 13824K, used 1504K [0x00000000d5580000, 0x00000000d6680000, 0x0000000100000000)
  eden space 12288K, 0% used [0x00000000d5580000,0x00000000d5580000,0x00000000d6180000)
  from space 1536K, 97% used [0x00000000d6280000,0x00000000d63f8020,0x00000000d6400000)
  to   space 2560K, 0% used [0x00000000d6400000,0x00000000d6400000,0x00000000d6680000)
 ParOldGen       total 111104K, used 110613K [0x0000000080000000, 0x0000000086c80000, 0x00000000d5580000)
  object space 111104K, 99% used [0x0000000080000000,0x0000000086c057e8,0x0000000086c80000)
 Metaspace       used 71013K, committed 72512K, reserved 1114112K
  class space    used 7409K, committed 8064K, reserved 1048576K
}
Event: 111.688 GC heap before
{Heap before GC invocations=119 (full 3):
 PSYoungGen      total 13824K, used 13792K [0x00000000d5580000, 0x00000000d6680000, 0x0000000100000000)
  eden space 12288K, 100% used [0x00000000d5580000,0x00000000d6180000,0x00000000d6180000)
  from space 1536K, 97% used [0x00000000d6280000,0x00000000d63f8020,0x00000000d6400000)
  to   space 2560K, 0% used [0x00000000d6400000,0x00000000d6400000,0x00000000d6680000)
 ParOldGen       total 111104K, used 110613K [0x0000000080000000, 0x0000000086c80000, 0x00000000d5580000)
  object space 111104K, 99% used [0x0000000080000000,0x0000000086c057e8,0x0000000086c80000)
 Metaspace       used 71045K, committed 72512K, reserved 1114112K
  class space    used 7410K, committed 8064K, reserved 1048576K
}
Event: 112.684 GC heap after
{Heap after GC invocations=119 (full 3):
 PSYoungGen      total 14336K, used 1716K [0x00000000d5580000, 0x00000000d6600000, 0x0000000100000000)
  eden space 12288K, 0% used [0x00000000d5580000,0x00000000d5580000,0x00000000d6180000)
  from space 2048K, 83% used [0x00000000d6400000,0x00000000d65ad200,0x00000000d6600000)
  to   space 2048K, 0% used [0x00000000d6200000,0x00000000d6200000,0x00000000d6400000)
 ParOldGen       total 112128K, used 111982K [0x0000000080000000, 0x0000000086d80000, 0x00000000d5580000)
  object space 112128K, 99% used [0x0000000080000000,0x0000000086d5b868,0x0000000086d80000)
 Metaspace       used 71045K, committed 72512K, reserved 1114112K
  class space    used 7410K, committed 8064K, reserved 1048576K
}

Dll operation events (12 events):
Event: 1.084 Loaded shared library c:\Users\dashc\.vscode\extensions\redhat.java-1.55.0-win32-x64\jre\21.0.11-win32-x86_64\bin\java.dll
Event: 1.203 Loaded shared library c:\Users\dashc\.vscode\extensions\redhat.java-1.55.0-win32-x64\jre\21.0.11-win32-x86_64\bin\zip.dll
Event: 1.258 Loaded shared library C:\Users\dashc\.vscode\extensions\redhat.java-1.55.0-win32-x64\jre\21.0.11-win32-x86_64\bin\instrument.dll
Event: 1.426 Loaded shared library C:\Users\dashc\.vscode\extensions\redhat.java-1.55.0-win32-x64\jre\21.0.11-win32-x86_64\bin\net.dll
Event: 1.539 Loaded shared library C:\Users\dashc\.vscode\extensions\redhat.java-1.55.0-win32-x64\jre\21.0.11-win32-x86_64\bin\nio.dll
Event: 1.547 Loaded shared library C:\Users\dashc\.vscode\extensions\redhat.java-1.55.0-win32-x64\jre\21.0.11-win32-x86_64\bin\zip.dll
Event: 1.571 Loaded shared library C:\Users\dashc\.vscode\extensions\redhat.java-1.55.0-win32-x64\jre\21.0.11-win32-x86_64\bin\jimage.dll
Event: 1.735 Loaded shared library c:\Users\dashc\.vscode\extensions\redhat.java-1.55.0-win32-x64\jre\21.0.11-win32-x86_64\bin\verify.dll
Event: 26.243 Loaded shared library C:\Users\dashc\AppData\Roaming\Code\User\globalStorage\redhat.java\1.55.0\config_win\org.eclipse.equinox.launcher\org.eclipse.equinox.launcher.win32.win32.x86_64_1.3.100.v20260613-0559\eclipse_11924.dll
Event: 55.626 Loaded shared library C:\Users\dashc\AppData\Local\Temp\jna-95355665\jna14564901302231412555.dll
Event: 69.305 Loaded shared library C:\Users\dashc\.vscode\extensions\redhat.java-1.55.0-win32-x64\jre\21.0.11-win32-x86_64\bin\sunmscapi.dll
Event: 72.506 Loaded shared library C:\Users\dashc\.vscode\extensions\redhat.java-1.55.0-win32-x64\jre\21.0.11-win32-x86_64\bin\extnet.dll

Deoptimization events (20 events):
Event: 110.016 Thread 0x000002d5e10a0080 Uncommon trap: trap_request=0xffffff45 fr.pc=0x000002d58defbf50 relative=0x0000000000000390
Event: 110.016 Thread 0x000002d5e10a0080 Uncommon trap: reason=unstable_if action=reinterpret pc=0x000002d58defbf50 method=java.lang.CharacterDataLatin1.equalsIgnoreCase(BB)Z @ 24 c2
Event: 110.016 Thread 0x000002d5e10a0080 DEOPT PACKING pc=0x000002d58defbf50 sp=0x000000e6ca2fd740
Event: 110.016 Thread 0x000002d5e10a0080 DEOPT UNPACKING pc=0x000002d58d4d3aa2 sp=0x000000e6ca2fd5c8 mode 2
Event: 110.016 Thread 0x000002d5e10a0080 Uncommon trap: trap_request=0xffffff45 fr.pc=0x000002d58de5cba0 relative=0x0000000000000200
Event: 110.016 Thread 0x000002d5e10a0080 Uncommon trap: reason=unstable_if action=reinterpret pc=0x000002d58de5cba0 method=java.lang.CharacterDataLatin1.equalsIgnoreCase(BB)Z @ 24 c2
Event: 110.016 Thread 0x000002d5e10a0080 DEOPT PACKING pc=0x000002d58de5cba0 sp=0x000000e6ca2fd690
Event: 110.016 Thread 0x000002d5e10a0080 DEOPT UNPACKING pc=0x000002d58d4d3aa2 sp=0x000000e6ca2fd5c0 mode 2
Event: 110.111 Thread 0x000002d5e10a3b90 Uncommon trap: trap_request=0xffffff45 fr.pc=0x000002d58e3a0114 relative=0x0000000000000c94
Event: 110.111 Thread 0x000002d5e10a3b90 Uncommon trap: reason=unstable_if action=reinterpret pc=0x000002d58e3a0114 method=org.eclipse.jdt.internal.compiler.codegen.ConstantPool.literalIndex([C)I @ 119 c2
Event: 110.111 Thread 0x000002d5e10a3b90 DEOPT PACKING pc=0x000002d58e3a0114 sp=0x000000e6ca3fe5d0
Event: 110.111 Thread 0x000002d5e10a3b90 DEOPT UNPACKING pc=0x000002d58d4d3aa2 sp=0x000000e6ca3fe580 mode 2
Event: 110.142 Thread 0x000002d5e10a3b90 DEOPT PACKING pc=0x000002d587b493f2 sp=0x000000e6ca3fe140
Event: 110.142 Thread 0x000002d5e10a3b90 DEOPT UNPACKING pc=0x000002d58d4d4242 sp=0x000000e6ca3fd6b8 mode 0
Event: 110.505 Thread 0x000002d5e10a3b90 DEOPT PACKING pc=0x000002d5872320fe sp=0x000000e6ca3fce50
Event: 110.505 Thread 0x000002d5e10a3b90 DEOPT UNPACKING pc=0x000002d58d4d4242 sp=0x000000e6ca3fc3b0 mode 0
Event: 110.631 Thread 0x000002d5e10a3b90 Uncommon trap: trap_request=0xffffff45 fr.pc=0x000002d58e40f7fc relative=0x000000000000053c
Event: 111.652 Thread 0x000002d5e10a3b90 Uncommon trap: reason=unstable_if action=reinterpret pc=0x000002d58e40f7fc method=org.eclipse.jdt.internal.compiler.codegen.CodeStream.recordPositionsFrom(IIZ)V @ 45 c2
Event: 111.668 Thread 0x000002d5e10a3b90 DEOPT PACKING pc=0x000002d58e40f7fc sp=0x000000e6ca3fe140
Event: 111.668 Thread 0x000002d5e10a3b90 DEOPT UNPACKING pc=0x000002d58d4d3aa2 sp=0x000000e6ca3fe0d8 mode 2

Classes loaded (20 events):
Event: 97.000 Loading class java/util/stream/ReduceOps$4
Event: 97.000 Loading class java/util/stream/ReduceOps$4 done
Event: 97.000 Loading class java/util/stream/ReduceOps$4ReducingSink
Event: 97.000 Loading class java/util/stream/ReduceOps$4ReducingSink done
Event: 97.008 Loading class java/nio/file/Files$2
Event: 97.008 Loading class java/nio/file/Files$2 done
Event: 97.163 Loading class java/util/stream/DistinctOps
Event: 97.166 Loading class java/util/stream/DistinctOps done
Event: 97.166 Loading class java/util/stream/DistinctOps$1
Event: 97.167 Loading class java/util/stream/DistinctOps$1 done
Event: 97.168 Loading class java/util/stream/DistinctOps$1$2
Event: 97.169 Loading class java/util/stream/DistinctOps$1$2 done
Event: 98.529 Loading class sun/nio/fs/WindowsFileCopy
Event: 98.532 Loading class sun/nio/fs/WindowsFileCopy done
Event: 98.853 Loading class javax/xml/transform/TransformerConfigurationException
Event: 98.853 Loading class javax/xml/transform/TransformerConfigurationException done
Event: 99.158 Loading class java/util/Hashtable$KeySet
Event: 99.159 Loading class java/util/Hashtable$KeySet done
Event: 100.803 Loading class java/lang/UnsupportedClassVersionError
Event: 100.803 Loading class java/lang/UnsupportedClassVersionError done

Classes unloaded (7 events):
Event: 58.008 Thread 0x000002d582df0860 Unloading class 0x000002d59b1a3800 'java/lang/invoke/LambdaForm$MH+0x000002d59b1a3800'
Event: 58.008 Thread 0x000002d582df0860 Unloading class 0x000002d59b1a3400 'java/lang/invoke/LambdaForm$MH+0x000002d59b1a3400'
Event: 58.008 Thread 0x000002d582df0860 Unloading class 0x000002d59b1a3000 'java/lang/invoke/LambdaForm$MH+0x000002d59b1a3000'
Event: 58.008 Thread 0x000002d582df0860 Unloading class 0x000002d59b1a2c00 'java/lang/invoke/LambdaForm$MH+0x000002d59b1a2c00'
Event: 58.008 Thread 0x000002d582df0860 Unloading class 0x000002d59b1a2800 'java/lang/invoke/LambdaForm$BMH+0x000002d59b1a2800'
Event: 58.008 Thread 0x000002d582df0860 Unloading class 0x000002d59b1a2400 'java/lang/invoke/LambdaForm$DMH+0x000002d59b1a2400'
Event: 58.008 Thread 0x000002d582df0860 Unloading class 0x000002d59b1a1000 'java/lang/invoke/LambdaForm$DMH+0x000002d59b1a1000'

Classes redefined (0 events):
No events

Internal exceptions (20 events):
Event: 99.200 Thread 0x000002d5e10a0080 Exception <a 'java/io/FileNotFoundException'{0x00000000d55d4470}> (0x00000000d55d4470) 
thrown [s\src\hotspot\share\prims\jni.cpp, line 520]
Event: 99.437 Thread 0x000002d5e10a0080 Exception <a 'sun/nio/fs/WindowsException'{0x00000000d5d609f8}> (0x00000000d5d609f8) 
thrown [s\src\hotspot\share\prims\jni.cpp, line 520]
Event: 99.442 Thread 0x000002d5e10a0080 Exception <a 'sun/nio/fs/WindowsException'{0x00000000d5d61030}> (0x00000000d5d61030) 
thrown [s\src\hotspot\share\prims\jni.cpp, line 520]
Event: 99.445 Thread 0x000002d5e10a0080 Exception <a 'sun/nio/fs/WindowsException'{0x00000000d5d61e50}> (0x00000000d5d61e50) 
thrown [s\src\hotspot\share\prims\jni.cpp, line 520]
Event: 99.445 Thread 0x000002d5e10a0080 Exception <a 'sun/nio/fs/WindowsException'{0x00000000d5d62488}> (0x00000000d5d62488) 
thrown [s\src\hotspot\share\prims\jni.cpp, line 520]
Event: 99.467 Thread 0x000002d5e10a0080 Exception <a 'java/io/FileNotFoundException'{0x00000000d5dfb790}> (0x00000000d5dfb790) 
thrown [s\src\hotspot\share\prims\jni.cpp, line 520]
Event: 99.469 Thread 0x000002d5e10a3b90 Exception <a 'java/io/FileNotFoundException'{0x00000000d5d8d9e8}> (0x00000000d5d8d9e8) 
thrown [s\src\hotspot\share\prims\jni.cpp, line 520]
Event: 99.475 Thread 0x000002d5e10a0080 Exception <a 'java/io/FileNotFoundException'{0x00000000d5dfc548}> (0x00000000d5dfc548) 
thrown [s\src\hotspot\share\prims\jni.cpp, line 520]
Event: 99.477 Thread 0x000002d5e10a3b90 Exception <a 'java/io/FileNotFoundException'{0x00000000d5d8eb08}> (0x00000000d5d8eb08) 
thrown [s\src\hotspot\share\prims\jni.cpp, line 520]
Event: 99.477 Thread 0x000002d5e10a3b90 Exception <a 'java/io/FileNotFoundException'{0x00000000d5d8f8a8}> (0x00000000d5d8f8a8) 
thrown [s\src\hotspot\share\prims\jni.cpp, line 520]
Event: 99.526 Thread 0x000002d5e10a0080 Exception <a 'sun/nio/fs/WindowsException'{0x00000000d5eb5028}> (0x00000000d5eb5028) 
thrown [s\src\hotspot\share\prims\jni.cpp, line 520]
Event: 99.527 Thread 0x000002d5e10a0080 Exception <a 'sun/nio/fs/WindowsException'{0x00000000d5eb5660}> (0x00000000d5eb5660) 
thrown [s\src\hotspot\share\prims\jni.cpp, line 520]
Event: 100.223 Thread 0x000002d5e21c5bc0 Exception <a 'java/lang/IncompatibleClassChangeError'{0x00000000d5d98cc0}: Found class java.lang.Object, but interface was expected> (0x00000000d5d98cc0) 
thrown [s\src\hotspot\share\interpreter\linkResolver.cpp, line 840]
Event: 100.877 Thread 0x000002d5e21c5bc0 Exception <a 'java/lang/NoSuchMethodError'{0x00000000d5d659c8}: 'int java.lang.invoke.Invokers$Holder.invokeExact_MT(java.lang.Object, java.lang.Object)'> (0x00000000d5d659c8) 
thrown [s\src\hotspot\share\interpreter\linkResolver.cpp, line 773]
Event: 101.059 Thread 0x000002d5e10a0080 Exception <a 'java/lang/NoSuchMethodError'{0x00000000d600b9c8}: 'void java.lang.invoke.DirectMethodHandle$Holder.invokeStatic(java.lang.Object, java.lang.Object, java.lang.Object, int)'> (0x00000000d600b9c8) 
thrown [s\src\hotspot\share\interpreter\linkResolver.cpp, line 773]
Event: 101.161 Thread 0x000002d5e10a0080 Exception <a 'java/lang/NoSuchMethodError'{0x00000000d5a0f3b8}: 'void java.lang.invoke.DirectMethodHandle$Holder.invokeVirtual(java.lang.Object, java.lang.Object, int)'> (0x00000000d5a0f3b8) 
thrown [s\src\hotspot\share\interpreter\linkResolver.cpp, line 773]
Event: 102.938 Thread 0x000002d5ef921cc0 Exception <a 'java/lang/LinkageError'{0x00000000d5fae6a0}: loader lombok.launch.ShadowClassLoader @43e04d3a attempted duplicate class definition for lombok.launch.PatchFixesHider$ValPortal. (lombok.launch.PatchFixesHider$ValPortal is in unnamed module of loader lombok.launch.ShadowClassLoader @43e04d3a, parent loader org.eclipse.osgi.internal.loader.EquinoxClassLoader @1154816)> (0x00000000d5fae6a0) 
thrown [s\src\hotspot\share\classfile\systemDictionary.cpp, line 1673]
Event: 103.231 Thread 0x000002d5ef921cc0 Implicit null exception at 0x000002d58e063a5a to 0x000002d58e063ab3
Event: 104.696 Thread 0x000002d5e10a3b90 Implicit null exception at 0x000002d58e2adcee to 0x000002d58e2ade5c
Event: 108.120 Thread 0x000002d5e10a3b90 Implicit null exception at 0x000002d58e2b01c6 to 0x000002d58e2b0234

ZGC Phase Switch (0 events):
No events

VM Operations (20 events):
Event: 108.116 Executing safepoint VM operation: ParallelGCFailedAllocation (Allocation Failure) done
Event: 108.337 Executing safepoint VM operation: ParallelGCFailedAllocation (Allocation Failure)
Event: 108.343 Executing safepoint VM operation: ParallelGCFailedAllocation (Allocation Failure) done
Event: 108.634 Executing safepoint VM operation: ParallelGCFailedAllocation (Allocation Failure)
Event: 108.640 Executing safepoint VM operation: ParallelGCFailedAllocation (Allocation Failure) done
Event: 109.229 Executing safepoint VM operation: ParallelGCFailedAllocation (Allocation Failure)
Event: 109.232 Executing safepoint VM operation: ParallelGCFailedAllocation (Allocation Failure) done
Event: 109.465 Executing safepoint VM operation: ParallelGCFailedAllocation (Allocation Failure)
Event: 109.467 Executing safepoint VM operation: ParallelGCFailedAllocation (Allocation Failure) done
Event: 109.846 Executing safepoint VM operation: ParallelGCFailedAllocation (Allocation Failure)
Event: 109.852 Executing safepoint VM operation: ParallelGCFailedAllocation (Allocation Failure) done
Event: 110.313 Executing safepoint VM operation: ParallelGCFailedAllocation (Allocation Failure)
Event: 110.317 Executing safepoint VM operation: ParallelGCFailedAllocation (Allocation Failure) done
Event: 110.542 Executing safepoint VM operation: ParallelGCFailedAllocation (Allocation Failure)
Event: 110.548 Executing safepoint VM operation: ParallelGCFailedAllocation (Allocation Failure) done
Event: 111.555 Executing safepoint VM operation: Cleanup
Event: 111.668 Executing safepoint VM operation: Cleanup done
Event: 111.688 Executing safepoint VM operation: ParallelGCFailedAllocation (Allocation Failure)
Event: 112.684 Executing safepoint VM operation: ParallelGCFailedAllocation (Allocation Failure) done
Event: 112.766 Executing safepoint VM operation: ParallelGCFailedAllocation (Allocation Failure)

Memory protections (0 events):
No events

Nmethod flushes (20 events):
Event: 82.110 Thread 0x000002d582df0860 flushing  nmethod 0x000002d58692cc90
Event: 82.110 Thread 0x000002d582df0860 flushing  nmethod 0x000002d58692e610
Event: 82.110 Thread 0x000002d582df0860 flushing  nmethod 0x000002d586930190
Event: 82.110 Thread 0x000002d582df0860 flushing  nmethod 0x000002d586937a90
Event: 82.110 Thread 0x000002d582df0860 flushing  nmethod 0x000002d58693e990
Event: 82.110 Thread 0x000002d582df0860 flushing  nmethod 0x000002d586945990
Event: 82.110 Thread 0x000002d582df0860 flushing  nmethod 0x000002d586954e90
Event: 82.110 Thread 0x000002d582df0860 flushing  nmethod 0x000002d58695d390
Event: 82.110 Thread 0x000002d582df0860 flushing  nmethod 0x000002d586966910
Event: 82.110 Thread 0x000002d582df0860 flushing  nmethod 0x000002d5869a1e90
Event: 82.110 Thread 0x000002d582df0860 flushing  nmethod 0x000002d5869c8a90
Event: 82.110 Thread 0x000002d582df0860 flushing  nmethod 0x000002d5869dc010
Event: 82.110 Thread 0x000002d582df0860 flushing  nmethod 0x000002d5869df590
Event: 82.110 Thread 0x000002d582df0860 flushing  nmethod 0x000002d5869f5190
Event: 82.110 Thread 0x000002d582df0860 flushing  nmethod 0x000002d5869fa490
Event: 82.110 Thread 0x000002d582df0860 flushing  nmethod 0x000002d5869faa90
Event: 82.110 Thread 0x000002d582df0860 flushing  nmethod 0x000002d5869fb190
Event: 82.110 Thread 0x000002d582df0860 flushing  nmethod 0x000002d586a07a10
Event: 82.110 Thread 0x000002d582df0860 flushing  nmethod 0x000002d586a07d90
Event: 82.110 Thread 0x000002d582df0860 flushing  nmethod 0x000002d586a0a510

Events (20 events):
Event: 94.467 Thread 0x000002d5e1e453e0 Thread exited: 0x000002d5e1e453e0
Event: 94.982 Thread 0x000002d582e0d130 Thread added: 0x000002d5e25aa0f0
Event: 96.835 Thread 0x000002d5e10a0da0 Thread added: 0x000002d5e21c5530
Event: 98.636 Thread 0x000002d5e21c68e0 Thread added: 0x000002d5e21c5bc0
Event: 98.639 Thread 0x000002d5e21c5bc0 Thread added: 0x000002d5ef922350
Event: 98.656 Thread 0x000002d5ef922350 Thread added: 0x000002d5ef923070
Event: 98.664 Thread 0x000002d5ef923070 Thread added: 0x000002d5ef9229e0
Event: 98.678 Thread 0x000002d5ef9229e0 Thread added: 0x000002d5ef923700
Event: 98.689 Thread 0x000002d5ef923700 Thread added: 0x000002d5ef921cc0
Event: 98.700 Thread 0x000002d5e21c68e0 Thread added: 0x000002d5ef923d90
Event: 98.904 Thread 0x000002d5e21c5530 Thread added: 0x000002d5ef921630
Event: 98.904 Thread 0x000002d5e10a4f40 Thread added: 0x000002d5ef924420
Event: 98.911 Thread 0x000002d5ef921630 Thread added: 0x000002d5ef920fa0
Event: 98.913 Thread 0x000002d5ef924420 Thread added: 0x000002d5ef9257d0
Event: 98.920 Thread 0x000002d5ef920fa0 Thread added: 0x000002d5ef9278a0
Event: 98.931 Thread 0x000002d5ef9257d0 Thread added: 0x000002d5ef925e60
Event: 98.933 Thread 0x000002d5ef9278a0 Thread added: 0x000002d5ef924ab0
Event: 98.947 Thread 0x000002d5ef925e60 Thread added: 0x000002d5ef9264f0
Event: 98.962 Thread 0x000002d5ef924ab0 Thread added: 0x000002d5ef925140
Event: 99.003 Thread 0x000002d5ef9264f0 Thread added: 0x000002d5ef926b80


Dynamic libraries:
0x00007ff6e3b80000 - 0x00007ff6e3b8e000 	c:\Users\dashc\.vscode\extensions\redhat.java-1.55.0-win32-x64\jre\21.0.11-win32-x86_64\bin\java.exe
0x00007ff95f440000 - 0x00007ff95f6a6000 	C:\Windows\SYSTEM32\ntdll.dll
0x00007ff95de50000 - 0x00007ff95df19000 	C:\Windows\System32\KERNEL32.DLL
0x00007ff95c660000 - 0x00007ff95ca5e000 	C:\Windows\System32\KERNELBASE.dll
0x00007ff95cf60000 - 0x00007ff95d0ac000 	C:\Windows\System32\ucrtbase.dll
0x00007ff915cd0000 - 0x00007ff915ce8000 	c:\Users\dashc\.vscode\extensions\redhat.java-1.55.0-win32-x64\jre\21.0.11-win32-x86_64\bin\jli.dll
0x00007ff916660000 - 0x00007ff91667e000 	c:\Users\dashc\.vscode\extensions\redhat.java-1.55.0-win32-x64\jre\21.0.11-win32-x86_64\bin\VCRUNTIME140.dll
0x00007ff95df20000 - 0x00007ff95e0e7000 	C:\Windows\System32\USER32.dll
0x00007ff941510000 - 0x00007ff9417a2000 	C:\Windows\WinSxS\amd64_microsoft.windows.common-controls_6595b64144ccf1df_6.0.26100.8875_none_3e0d5d42e32fe9dd\COMCTL32.dll
0x00007ff95d180000 - 0x00007ff95d229000 	C:\Windows\System32\msvcrt.dll
0x00007ff95ca70000 - 0x00007ff95ca97000 	C:\Windows\System32\win32u.dll
0x00007ff95f040000 - 0x00007ff95f06b000 	C:\Windows\System32\GDI32.dll
0x00007ff95cb60000 - 0x00007ff95cc8a000 	C:\Windows\System32\gdi32full.dll
0x00007ff95d0c0000 - 0x00007ff95d163000 	C:\Windows\System32\msvcp_win.dll
0x00007ff95d6e0000 - 0x00007ff95d712000 	C:\Windows\System32\IMM32.DLL
0x00007ff9529e0000 - 0x00007ff9529ec000 	c:\Users\dashc\.vscode\extensions\redhat.java-1.55.0-win32-x64\jre\21.0.11-win32-x86_64\bin\vcruntime140_1.dll
0x00007ff8c1300000 - 0x00007ff8c138d000 	c:\Users\dashc\.vscode\extensions\redhat.java-1.55.0-win32-x64\jre\21.0.11-win32-x86_64\bin\msvcp140.dll
0x00007ff89dcb0000 - 0x00007ff89ea52000 	c:\Users\dashc\.vscode\extensions\redhat.java-1.55.0-win32-x64\jre\21.0.11-win32-x86_64\bin\server\jvm.dll
0x00007ff95d870000 - 0x00007ff95d927000 	C:\Windows\System32\ADVAPI32.dll
0x00007ff95f350000 - 0x00007ff95f3fa000 	C:\Windows\System32\sechost.dll
0x00007ff95d230000 - 0x00007ff95d348000 	C:\Windows\System32\RPCRT4.dll
0x00007ff95d7e0000 - 0x00007ff95d860000 	C:\Windows\System32\WS2_32.dll
0x00007ff95c4e0000 - 0x00007ff95c53e000 	C:\Windows\SYSTEM32\POWRPROF.dll
0x00007ff953720000 - 0x00007ff953756000 	C:\Windows\SYSTEM32\WINMM.dll
0x00007ff94cf00000 - 0x00007ff94cf0b000 	C:\Windows\SYSTEM32\VERSION.dll
0x00007ff95c4c0000 - 0x00007ff95c4d4000 	C:\Windows\SYSTEM32\UMPDC.dll
0x00007ff95b300000 - 0x00007ff95b31b000 	C:\Windows\SYSTEM32\kernel.appcore.dll
0x00007ff9318d0000 - 0x00007ff9318da000 	c:\Users\dashc\.vscode\extensions\redhat.java-1.55.0-win32-x64\jre\21.0.11-win32-x86_64\bin\jimage.dll
0x00007ff959cb0000 - 0x00007ff959ef2000 	C:\Windows\SYSTEM32\DBGHELP.DLL
0x00007ff95e0f0000 - 0x00007ff95e473000 	C:\Windows\System32\combase.dll
0x00007ff95d460000 - 0x00007ff95d539000 	C:\Windows\System32\OLEAUT32.dll
0x00007ff931b60000 - 0x00007ff931b9b000 	C:\Windows\SYSTEM32\dbgcore.DLL
0x00007ff95caa0000 - 0x00007ff95cb4c000 	C:\Windows\System32\bcryptPrimitives.dll
0x00007ff948ed0000 - 0x00007ff948edf000 	c:\Users\dashc\.vscode\extensions\redhat.java-1.55.0-win32-x64\jre\21.0.11-win32-x86_64\bin\instrument.dll
0x00007ff9146e0000 - 0x00007ff914700000 	c:\Users\dashc\.vscode\extensions\redhat.java-1.55.0-win32-x64\jre\21.0.11-win32-x86_64\bin\java.dll
0x00007ff95e620000 - 0x00007ff95edb2000 	C:\Windows\System32\SHELL32.dll
0x00007ff95a0c0000 - 0x00007ff95a952000 	C:\Windows\SYSTEM32\windows.storage.dll
0x00007ff95ee90000 - 0x00007ff95ef87000 	C:\Windows\System32\SHCORE.dll
0x00007ff95d770000 - 0x00007ff95d7d7000 	C:\Windows\System32\shlwapi.dll
0x00007ff95c580000 - 0x00007ff95c5a9000 	C:\Windows\SYSTEM32\profapi.dll
0x00007ff914140000 - 0x00007ff914158000 	c:\Users\dashc\.vscode\extensions\redhat.java-1.55.0-win32-x64\jre\21.0.11-win32-x86_64\bin\zip.dll
0x00007ff92ff70000 - 0x00007ff92ff80000 	C:\Users\dashc\.vscode\extensions\redhat.java-1.55.0-win32-x64\jre\21.0.11-win32-x86_64\bin\net.dll
0x00007ff953280000 - 0x00007ff9533a7000 	C:\Windows\SYSTEM32\WINHTTP.dll
0x00007ff95b8a0000 - 0x00007ff95b90c000 	C:\Windows\system32\mswsock.dll
0x00007ff913250000 - 0x00007ff913266000 	C:\Users\dashc\.vscode\extensions\redhat.java-1.55.0-win32-x64\jre\21.0.11-win32-x86_64\bin\nio.dll
0x00007ff92fee0000 - 0x00007ff92fef0000 	c:\Users\dashc\.vscode\extensions\redhat.java-1.55.0-win32-x64\jre\21.0.11-win32-x86_64\bin\verify.dll
0x00007ff948780000 - 0x00007ff9487c5000 	C:\Users\dashc\AppData\Roaming\Code\User\globalStorage\redhat.java\1.55.0\config_win\org.eclipse.equinox.launcher\org.eclipse.equinox.launcher.win32.win32.x86_64_1.3.100.v20260613-0559\eclipse_11924.dll
0x00007ff95e480000 - 0x00007ff95e619000 	C:\Windows\System32\ole32.dll
0x00007ff95bb50000 - 0x00007ff95bb6b000 	C:\Windows\SYSTEM32\CRYPTSP.dll
0x00007ff95b260000 - 0x00007ff95b299000 	C:\Windows\system32\rsaenh.dll
0x00007ff95b960000 - 0x00007ff95b992000 	C:\Windows\SYSTEM32\USERENV.dll
0x00007ff95c550000 - 0x00007ff95c57a000 	C:\Windows\SYSTEM32\bcrypt.dll
0x00007ff95bb70000 - 0x00007ff95bb7c000 	C:\Windows\SYSTEM32\CRYPTBASE.dll
0x00007ff95acb0000 - 0x00007ff95ace3000 	C:\Windows\SYSTEM32\IPHLPAPI.DLL
0x00007ff95f010000 - 0x00007ff95f01a000 	C:\Windows\System32\NSI.dll
0x00007ff93d680000 - 0x00007ff93d6c9000 	C:\Users\dashc\AppData\Local\Temp\jna-95355665\jna14564901302231412555.dll
0x00007ff95d170000 - 0x00007ff95d178000 	C:\Windows\System32\PSAPI.DLL
0x00007ff9550f0000 - 0x00007ff95510d000 	C:\Windows\SYSTEM32\dhcpcsvc6.DLL
0x00007ff9550a0000 - 0x00007ff9550c5000 	C:\Windows\SYSTEM32\dhcpcsvc.DLL
0x00007ff958a30000 - 0x00007ff958a3e000 	C:\Users\dashc\.vscode\extensions\redhat.java-1.55.0-win32-x64\jre\21.0.11-win32-x86_64\bin\sunmscapi.dll
0x00007ff95cde0000 - 0x00007ff95cf58000 	C:\Windows\System32\CRYPT32.dll
0x00007ff95be30000 - 0x00007ff95be60000 	C:\Windows\SYSTEM32\ncrypt.dll
0x00007ff95bde0000 - 0x00007ff95be1f000 	C:\Windows\SYSTEM32\NTASN1.dll
0x00007ff95ada0000 - 0x00007ff95aef6000 	C:\Windows\SYSTEM32\DNSAPI.dll
0x00007ff95b670000 - 0x00007ff95b67d000 	C:\Windows\SYSTEM32\DSPARSE.dll
0x00007ff953520000 - 0x00007ff95352b000 	C:\Windows\System32\rasadhlp.dll
0x00007ff956100000 - 0x00007ff956186000 	C:\Windows\System32\fwpuclnt.dll
0x00007ff955c00000 - 0x00007ff955c09000 	C:\Users\dashc\.vscode\extensions\redhat.java-1.55.0-win32-x64\jre\21.0.11-win32-x86_64\bin\extnet.dll

JVMTI agents:
c:\Users\dashc\.vscode\extensions\redhat.java-1.55.0-win32-x64\lombok\lombok-1.18.39-4050.jar path:c:\Users\dashc\.vscode\extensions\redhat.java-1.55.0-win32-x64\jre\21.0.11-win32-x86_64\bin\instrument.dll, loaded, initialized, instrumentlib options:none

dbghelp: loaded successfully - version: 4.0.5 - missing functions: none
symbol engine: initialized successfully - sym options: 0x614 - pdb path: .;c:\Users\dashc\.vscode\extensions\redhat.java-1.55.0-win32-x64\jre\21.0.11-win32-x86_64\bin;C:\Windows\SYSTEM32;C:\Windows\WinSxS\amd64_microsoft.windows.common-controls_6595b64144ccf1df_6.0.26100.8875_none_3e0d5d42e32fe9dd;c:\Users\dashc\.vscode\extensions\redhat.java-1.55.0-win32-x64\jre\21.0.11-win32-x86_64\bin\server;C:\Users\dashc\AppData\Roaming\Code\User\globalStorage\redhat.java\1.55.0\config_win\org.eclipse.equinox.launcher\org.eclipse.equinox.launcher.win32.win32.x86_64_1.3.100.v20260613-0559;C:\Users\dashc\AppData\Local\Temp\jna-95355665

VM Arguments:
jvm_args: --add-modules=ALL-SYSTEM --add-opens=java.base/java.util=ALL-UNNAMED --add-opens=java.base/java.lang=ALL-UNNAMED --add-opens=java.base/sun.nio.fs=ALL-UNNAMED -Declipse.application=org.eclipse.jdt.ls.core.id1 -Dosgi.bundles.defaultStartLevel=4 -Declipse.product=org.eclipse.jdt.ls.core.product -Djava.import.generatesMetadataFilesAtProjectRoot=false -DDetectVMInstallationsJob.disabled=true -Dfile.encoding=utf8 -XX:+UseParallelGC -XX:GCTimeRatio=4 -XX:AdaptiveSizePolicyWeight=90 -Dsun.zip.disableMemoryMapping=true -Xmx2G -Xms100m -Xlog:disable -javaagent:c:\Users\dashc\.vscode\extensions\redhat.java-1.55.0-win32-x64\lombok\lombok-1.18.39-4050.jar -XX:+HeapDumpOnOutOfMemoryError -XX:HeapDumpPath=c:\Users\dashc\AppData\Roaming\Code\User\workspaceStorage\95a45cb68db98c7fa5ef555b2df23817\redhat.java -Daether.dependencyCollector.impl=bf 
java_command: c:\Users\dashc\.vscode\extensions\redhat.java-1.55.0-win32-x64\server\plugins\org.eclipse.equinox.launcher_1.7.200.v20260619-2039.jar -configuration c:\Users\dashc\AppData\Roaming\Code\User\globalStorage\redhat.java\1.55.0\config_win -data c:\Users\dashc\AppData\Roaming\Code\User\workspaceStorage\95a45cb68db98c7fa5ef555b2df23817\redhat.java\jdt_ws --pipe=\\.\pipe\lsp-54f9c2482676a54334c67752db8bfdca-sock
java_class_path (initial): c:\Users\dashc\.vscode\extensions\redhat.java-1.55.0-win32-x64\server\plugins\org.eclipse.equinox.launcher_1.7.200.v20260619-2039.jar
Launcher Type: SUN_STANDARD

[Global flags]
    uintx AdaptiveSizePolicyWeight                 = 90                                        {product} {command line}
     intx CICompilerCount                          = 4                                         {product} {ergonomic}
    uintx GCTimeRatio                              = 4                                         {product} {command line}
     bool HeapDumpOnOutOfMemoryError               = true                                   {manageable} {command line}
    ccstr HeapDumpPath                             = c:\Users\dashc\AppData\Roaming\Code\User\workspaceStorage\95a45cb68db98c7fa5ef555b2df23817\redhat.java         {manageable} {command line}
   size_t InitialHeapSize                          = 104857600                                 {product} {command line}
   size_t MaxHeapSize                              = 2147483648                                {product} {command line}
   size_t MaxNewSize                               = 715653120                                 {product} {ergonomic}
   size_t MinHeapDeltaBytes                        = 524288                                    {product} {ergonomic}
   size_t MinHeapSize                              = 104857600                                 {product} {command line}
   size_t NewSize                                  = 34603008                                  {product} {ergonomic}
    uintx NonNMethodCodeHeapSize                   = 5839372                                {pd product} {ergonomic}
    uintx NonProfiledCodeHeapSize                  = 122909434                              {pd product} {ergonomic}
   size_t OldSize                                  = 70254592                                  {product} {ergonomic}
    uintx ProfiledCodeHeapSize                     = 122909434                              {pd product} {ergonomic}
    uintx ReservedCodeCacheSize                    = 251658240                              {pd product} {ergonomic}
     bool SegmentedCodeCache                       = true                                      {product} {ergonomic}
   size_t SoftMaxHeapSize                          = 2147483648                             {manageable} {ergonomic}
     bool UseCompressedOops                        = true                           {product lp64_product} {ergonomic}
     bool UseLargePagesIndividualAllocation        = false                                  {pd product} {ergonomic}
     bool UseParallelGC                            = true                                      {product} {command line}

Logging:
Log output configuration:
 #0: stdout all=off uptime,level,tags foldmultilines=false
 #1: stderr all=off uptime,level,tags foldmultilines=false

Release file:
JAVA_VERSION="21.0.11" 
MODULES="java.base java.compiler java.datatransfer java.xml java.prefs java.desktop java.instrument java.logging java.management java.security.sasl java.naming java.rmi java.management.rmi java.net.http java.scripting java.security.jgss java.transaction.xa java.sql java.sql.rowset java.xml.crypto java.se java.smartcardio jdk.accessibility jdk.internal.jvmstat jdk.attach jdk.charsets jdk.internal.opt jdk.zipfs jdk.compiler jdk.crypto.ec jdk.crypto.cryptoki jdk.crypto.mscapi jdk.dynalink jdk.internal.ed jdk.editpad jdk.hotspot.agent jdk.httpserver jdk.internal.le jdk.internal.vm.ci jdk.internal.vm.compiler jdk.internal.vm.compiler.management jdk.jartool jdk.javadoc jdk.jcmd jdk.management jdk.management.agent jdk.jconsole jdk.jdeps jdk.jdwp.agent jdk.jdi jdk.jfr jdk.jshell jdk.jsobject jdk.jstatd jdk.localedata jdk.management.jfr jdk.naming.dns jdk.naming.rmi jdk.net jdk.nio.mapmode jdk.random jdk.sctp jdk.security.auth jdk.security.jgss jdk.unsupported jdk.unsupported.desktop jdk.xml.dom" 

Environment Variables:
JAVA_HOME=C:\Program Files\Eclipse Adoptium\jdk-17.0.18.8-hotspot
PATH=C:\Program Files\Eclipse Adoptium\jdk-17.0.18.8-hotspot\bin;C:\Program Files (x86)\Common Files\Oracle\Java\java8path;C:\Program Files (x86)\Common Files\Oracle\Java\javapath;C:\Windows\system32;C:\Windows;C:\Windows\System32\Wbem;C:\Windows\System32\WindowsPowerShell\v1.0\;C:\Windows\System32\OpenSSH\;C:\Program Files\nodejs\;C:\Program Files\Git\cmd;C:\Program Files\Docker\Docker\resources\bin;C:\Program Files (x86)\Microsoft SQL Server\160\Tools\Binn\;C:\Program Files\Microsoft SQL Server\160\Tools\Binn\;C:\Program Files\Microsoft SQL Server\Client SDK\ODBC\170\Tools\Binn\;C:\Program Files\Microsoft SQL Server\160\DTS\Binn\;;C:\Users\dashc\.config\herd\bin\nvm;C:\Program Files\nodejs;C:\Users\dashc\AppData\Local\Microsoft\WindowsApps;C:\Users\dashc\AppData\Local\Programs\Microsoft VS Code\bin;C:\Program Files\JetBrains\PyCharm 2025.1.1\bin;;C:\Users\dashc\AppData\Roaming\npm;C:\Users\dashc\flutter\bin
USERNAME=dashc
OS=Windows_NT
PROCESSOR_IDENTIFIER=Intel64 Family 6 Model 154 Stepping 3, GenuineIntel
TMP=C:\Users\dashc\AppData\Local\Temp
TEMP=C:\Users\dashc\AppData\Local\Temp




Periodic native trim disabled

---------------  S Y S T E M  ---------------

OS:
 Windows 11 , 64 bit Build 26100 (10.0.26100.8875)
OS uptime: 5 days 12:32 hours
Hyper-V role detected

CPU: total 12 (initial active 12) (6 cores per cpu, 2 threads per core) family 6 model 154 stepping 3 microcode 0x434, cx8, cmov, fxsr, ht, mmx, 3dnowpref, sse, sse2, sse3, ssse3, sse4.1, sse4.2, popcnt, lzcnt, tsc, tscinvbit, avx, avx2, aes, erms, clmul, bmi1, bmi2, adx, sha, fma, vzeroupper, clflush, clflushopt, clwb, hv, serialize, rdtscp, rdpid, fsrm, f16c, cet_ibt, cet_ss
Processor Information for processor 0
  Max Mhz: 2000, Current Mhz: 2000, Mhz Limit: 2000
Processor Information for processor 1
  Max Mhz: 2000, Current Mhz: 1520, Mhz Limit: 2000
Processor Information for processor 2
  Max Mhz: 2000, Current Mhz: 1520, Mhz Limit: 2000
Processor Information for processor 3
  Max Mhz: 2000, Current Mhz: 1520, Mhz Limit: 2000
Processor Information for processor 4
  Max Mhz: 2000, Current Mhz: 1520, Mhz Limit: 2000
Processor Information for processor 5
  Max Mhz: 2000, Current Mhz: 1520, Mhz Limit: 2000
Processor Information for processor 6
  Max Mhz: 2000, Current Mhz: 1520, Mhz Limit: 2000
Processor Information for processor 7
  Max Mhz: 2000, Current Mhz: 2000, Mhz Limit: 2000
Processor Information for processor 8
  Max Mhz: 2000, Current Mhz: 1500, Mhz Limit: 1500
Processor Information for processor 9
  Max Mhz: 2000, Current Mhz: 1500, Mhz Limit: 1500
Processor Information for processor 10
  Max Mhz: 2000, Current Mhz: 1500, Mhz Limit: 1500
Processor Information for processor 11
  Max Mhz: 2000, Current Mhz: 1500, Mhz Limit: 1500

Memory: 4k page, system-wide physical 7915M (416M free)
TotalPageFile size 32491M (AvailPageFile size 3M)
current process WorkingSet (physical memory assigned to process): 383M, peak: 396M
current process commit charge ("private bytes"): 466M, peak: 477M

vm_info: OpenJDK 64-Bit Server VM (21.0.11+10-LTS) for windows-amd64 JRE (21.0.11+10-LTS), built on 2026-04-21T00:00:00Z by "admin" with MS VC++ 17.12 (VS2022)

END.
